Archive member included to satisfy reference by file (symbol)

.\CortexM3\ARM_GCC_541\Debug\Desing_pf.a(UART_1.o)
                              .\CortexM3\ARM_GCC_541\Debug\main.o (UART_1_Start)
.\CortexM3\ARM_GCC_541\Debug\Desing_pf.a(Counter_1.o)
                              .\CortexM3\ARM_GCC_541\Debug\main.o (Counter_1_Start)
.\CortexM3\ARM_GCC_541\Debug\Desing_pf.a(isr_contador.o)
                              .\CortexM3\ARM_GCC_541\Debug\main.o (isr_contador_StartEx)
.\CortexM3\ARM_GCC_541\Debug\Desing_pf.a(UART_1_IntClock.o)
                              .\CortexM3\ARM_GCC_541\Debug\Desing_pf.a(UART_1.o) (UART_1_IntClock_Start)
.\CortexM3\ARM_GCC_541\Debug\Desing_pf.a(CyDmac.o)
                              .\CortexM3\ARM_GCC_541\Debug\Cm3Start.o (CyDmacConfigure)
.\CortexM3\ARM_GCC_541\Debug\Desing_pf.a(CyLib.o)
                              .\CortexM3\ARM_GCC_541\Debug\Cm3Start.o (CyHalt)
.\CortexM3\ARM_GCC_541\Debug\Desing_pf.a(cyPm.o)
                              .\CortexM3\ARM_GCC_541\Debug\Desing_pf.a(CyLib.o) (CyPmReadStatus)
.\CortexM3\ARM_GCC_541\Debug\Desing_pf.a(LCD.o)
                              .\CortexM3\ARM_GCC_541\Debug\main.o (LCD_PrintString)
.\CortexM3\ARM_GCC_541\Debug\Desing_pf.a(data.o)
                              .\CortexM3\ARM_GCC_541\Debug\main.o (data_StartEx)
.\CortexM3\ARM_GCC_541\Debug\Desing_pf.a(tilt.o)
                              .\CortexM3\ARM_GCC_541\Debug\main.o (tilt_Write)
.\CortexM3\ARM_GCC_541\Debug\Desing_pf.a(LED_Driver.o)
                              .\CortexM3\ARM_GCC_541\Debug\main.o (LED_Driver_SetRC)
.\CortexM3\ARM_GCC_541\Debug\Desing_pf.a(LED_Driver_Com_Driver.o)
                              .\CortexM3\ARM_GCC_541\Debug\Desing_pf.a(LED_Driver.o) (LED_Driver_Com_Driver_Write)
.\CortexM3\ARM_GCC_541\Debug\Desing_pf.a(LED_Driver_DMA_Com_dma.o)
                              .\CortexM3\ARM_GCC_541\Debug\Desing_pf.a(LED_Driver.o) (LED_Driver_DMA_Com_DmaInitialize)
.\CortexM3\ARM_GCC_541\Debug\Desing_pf.a(LED_Driver_DMA_Seg_dma.o)
                              .\CortexM3\ARM_GCC_541\Debug\Desing_pf.a(LED_Driver.o) (LED_Driver_DMA_Seg_DmaInitialize)
.\CortexM3\ARM_GCC_541\Debug\Desing_pf.a(PWM.o)
                              .\CortexM3\ARM_GCC_541\Debug\main.o (PWM_WriteCompare)
.\CortexM3\ARM_GCC_541\Debug\Desing_pf.a(aum.o)
                              .\CortexM3\ARM_GCC_541\Debug\main.o (aum_StartEx)
.\CortexM3\ARM_GCC_541\Debug\Desing_pf.a(dism.o)
                              .\CortexM3\ARM_GCC_541\Debug\main.o (dism_StartEx)
.\CortexM3\ARM_GCC_541\Debug\Desing_pf.a(ADC.o)
                              .\CortexM3\ARM_GCC_541\Debug\main.o (ADC_Start)
.\CortexM3\ARM_GCC_541\Debug\Desing_pf.a(ADC_INT.o)
                              .\CortexM3\ARM_GCC_541\Debug\Desing_pf.a(ADC.o) (ADC_ISR1)
.\CortexM3\ARM_GCC_541\Debug\Desing_pf.a(ADC_theACLK.o)
                              .\CortexM3\ARM_GCC_541\Debug\Desing_pf.a(ADC.o) (ADC_theACLK_SetModeRegister)
.\CortexM3\ARM_GCC_541\Debug\Desing_pf.a(Opamp.o)
                              .\CortexM3\ARM_GCC_541\Debug\main.o (Opamp_Start)
.\CortexM3\ARM_GCC_541\Debug\Desing_pf.a(ADC_AMux.o)
                              .\CortexM3\ARM_GCC_541\Debug\Desing_pf.a(ADC.o) (ADC_AMux_Select)
.\CortexM3\ARM_GCC_541\Debug\Desing_pf.a(ADC_Ext_CP_Clk.o)
                              .\CortexM3\ARM_GCC_541\Debug\Desing_pf.a(ADC.o) (ADC_Ext_CP_Clk_SetModeRegister)
.\CortexM3\ARM_GCC_541\Debug\Desing_pf.a(CyBootAsmGnu.o)
                              .\CortexM3\ARM_GCC_541\Debug\cyfitter_cfg.o (CyDelayCycles)
.\CortexM3\ARM_GCC_541\Debug\Desing_pf.a(CyFlash.o)
                              .\CortexM3\ARM_GCC_541\Debug\Desing_pf.a(cyPm.o) (CyFlash_SetWaitCycles)
.\CortexM3\ARM_GCC_541\Debug\Desing_pf.a(CySpc.o)
                              .\CortexM3\ARM_GCC_541\Debug\Desing_pf.a(CyFlash.o) (CySpcStart)
c:/program files (x86)/cypress/psoc creator/4.4/psoc creator/import/gnu/arm/5.4.1/bin/../lib/gcc/arm-none-eabi/5.4.1/armv7-m\libgcc.a(_arm_addsubdf3.o)
                              .\CortexM3\ARM_GCC_541\Debug\main.o (__aeabi_dsub)
c:/program files (x86)/cypress/psoc creator/4.4/psoc creator/import/gnu/arm/5.4.1/bin/../lib/gcc/arm-none-eabi/5.4.1/armv7-m\libgcc.a(_arm_muldivdf3.o)
                              .\CortexM3\ARM_GCC_541\Debug\main.o (__aeabi_ddiv)
c:/program files (x86)/cypress/psoc creator/4.4/psoc creator/import/gnu/arm/5.4.1/bin/../lib/gcc/arm-none-eabi/5.4.1/armv7-m\libgcc.a(_arm_cmpdf2.o)
                              .\CortexM3\ARM_GCC_541\Debug\Desing_pf.a(ADC.o) (__aeabi_dcmpgt)
c:/program files (x86)/cypress/psoc creator/4.4/psoc creator/import/gnu/arm/5.4.1/bin/../lib/gcc/arm-none-eabi/5.4.1/armv7-m\libgcc.a(_arm_truncdfsf2.o)
                              .\CortexM3\ARM_GCC_541\Debug\main.o (__aeabi_d2f)
c:/program files (x86)/cypress/psoc creator/4.4/psoc creator/import/gnu/arm/5.4.1/bin/../lib/gcc/arm-none-eabi/5.4.1/armv7-m\libgcc.a(_arm_addsubsf3.o)
[...]
Memory Configuration

Name             Origin             Length             Attributes
rom              0x00000000         0x00040000         xr
ram              0x1fff8000         0x00010000         xrw
*default*        0x00000000         0xffffffff

Linker script and memory map

LOAD c:/program files (x86)/cypress/psoc creator/4.4/psoc creator/import/gnu/arm/5.4.1/bin/../lib/gcc/arm-none-eabi/5.4.1/armv7-m/crti.o
LOAD c:/program files (x86)/cypress/psoc creator/4.4/psoc creator/import/gnu/arm/5.4.1/bin/../lib/gcc/arm-none-eabi/5.4.1/armv7-m/crtbegin.o
LOAD c:/program files (x86)/cypress/psoc creator/4.4/psoc creator/import/gnu/arm/5.4.1/bin/../lib/gcc/arm-none-eabi/5.4.1/../../../../arm-none-eabi/lib/armv7-m/crt0.o
START GROUP
LOAD .\CortexM3\ARM_GCC_541\Debug\main.o
LOAD .\CortexM3\ARM_GCC_541\Debug\cyfitter_cfg.o
LOAD .\CortexM3\ARM_GCC_541\Debug\cymetadata.o
LOAD .\CortexM3\ARM_GCC_541\Debug\Cm3Start.o
LOAD .\CortexM3\ARM_GCC_541\Debug\Desing_pf.a
LOAD C:\Program Files (x86)\Cypress\PSoC Creator\4.4\PSoC Creator\psoc\content\cycomponentlibrary\CyComponentLibrary.cylib\CortexM3\ARM_GCC_541\Debug\CyComponentLibrary.a
END GROUP
START GROUP
LOAD c:/program files (x86)/cypress/psoc creator/4.4/psoc creator/import/gnu/arm/5.4.1/bin/../lib/gcc/arm-none-eabi/5.4.1/armv7-m\libgcc.a
LOAD c:/program files (x86)/cypress/psoc creator/4.4/psoc creator/import/gnu/arm/5.4.1/bin/../lib/gcc/arm-none-eabi/5.4.1/../../../../arm-none-eabi/lib/armv7-m\libg_nano.a
LOAD c:/program files (x86)/cypress/psoc creator/4.4/psoc creator/import/gnu/arm/5.4.1/bin/../lib/gcc/arm-none-eabi/5.4.1/../../../../arm-none-eabi/lib/armv7-m\libc_nano.a
END GROUP
START GROUP
LOAD c:/program files (x86)/cypress/psoc creator/4.4/psoc creator/import/gnu/arm/5.4.1/bin/../lib/gcc/arm-none-eabi/5.4.1/armv7-m\libgcc.a
LOAD c:/program files (x86)/cypress/psoc creator/4.4/psoc creator/import/gnu/arm/5.4.1/bin/../lib/gcc/arm-none-eabi/5.4.1/../../../../arm-none-eabi/lib/armv7-m\libc_nano.a
END GROUP
LOAD c:/program files (x86)/cypress/psoc creator/4.4/psoc creator/import/gnu/arm/5.4.1/bin/../lib/gcc/arm-none-eabi/5.4.1/armv7-m/crtend.o
LOAD c:/program files (x86)/cypress/psoc creator/4.4/psoc creator/import/gnu/arm/5.4.1/bin/../lib/gcc/arm-none-eabi/5.4.1/armv7-m/crtn.o
START GROUP
LOAD c:/program files (x86)/cypress/psoc creator/4.4/psoc creator/import/gnu/arm/5.4.1/bin/../lib/gcc/arm-none-eabi/5.4.1/armv7-m\libgcc.a
LOAD c:/program files (x86)/cypress/psoc creator/4.4/psoc creator/import/gnu/arm/5.4.1/bin/../lib/gcc/arm-none-eabi/5.4.1/../../../../arm-none-eabi/lib/armv7-m\libc.a
LOAD c:/program files (x86)/cypress/psoc creator/4.4/psoc creator/import/gnu/arm/5.4.1/bin/../lib/gcc/arm-none-eabi/5.4.1/../../../../arm-none-eabi/lib/armv7-m\libnosys.a
END GROUP
                0x00000000                CY_APPL_ORIGIN = 0x0
                0x00000100                CY_FLASH_ROW_SIZE = 0x100
                0x00000020                CY_ECC_ROW_SIZE = 0x20
                0x00000000                CY_EE_IN_BTLDR = 0x0
                0x00000000                CY_APPL_LOADABLE = 0x0
                0x00000800                CY_EE_SIZE = 0x800
                0x00000001                CY_APPL_NUM = 0x1
                0x00000001                CY_APPL_MAX = 0x1
                0x00000040                CY_METADATA_SIZE = 0x40
                0x00000000                CY_APPL_LOADABLE = 0x0
                0x00000000                CY_CHECKSUM_EXCLUDE_SIZE = ALIGN (0x0, CY_FLASH_ROW_SIZE)
                [!provide]                PROVIDE (__cy_heap_start, _end)
                0x00000001                PROVIDE (__cy_region_num, ((__cy_regions_end - __cy_regions) / 0x10))
                0x20008000                PROVIDE (__cy_stack, (ORIGIN (ram) + LENGTH (ram)))
                [!provide]                PROVIDE (__cy_heap_end, (__cy_stack - 0x800))

.cybootloader   0x00000000        0x0
 *(.cybootloader)
                0x00000000                appl1_start = CY_APPL_ORIGIN?CY_APPL_ORIGIN:ALIGN (CY_FLASH_ROW_SIZE)
                0x0001ff00                appl2_start = (appl1_start + ALIGN ((((LENGTH (rom) - appl1_start) - (0x2 * CY_FLASH_ROW_SIZE)) / 0x2), CY_FLASH_ROW_SIZE))
                0x00000000                appl_start = (CY_APPL_NUM == 0x1)?appl1_start:appl2_start
                0x00000000                ecc_offset = ((appl_start / CY_FLASH_ROW_SIZE) * CY_ECC_ROW_SIZE)
                0x00000000                ee_offset = (CY_APPL_LOADABLE && ! (CY_EE_IN_BTLDR))?((CY_EE_SIZE / CY_APPL_MAX) * (CY_APPL_NUM - 0x1)):0x0
                0x00000800                ee_size = (CY_APPL_LOADABLE && ! (CY_EE_IN_BTLDR))?(CY_EE_SIZE / CY_APPL_MAX):CY_EE_SIZE
                [!provide]                PROVIDE (CY_ECC_OFFSET, ecc_offset)

.text           0x00000000     0x474c
 CREATE_OBJECT_SYMBOLS
                0x00000000                PROVIDE (__cy_interrupt_vector, RomVectors)
 *(.romvectors)
 .romvectors    0x00000000       0x10 .\CortexM3\ARM_GCC_541\Debug\Cm3Start.o
                0x00000000                RomVectors
                0x00000001                ASSERT ((. != __cy_interrupt_vector), No interrupt vector)
                0x00000001                ASSERT (CY_APPL_ORIGIN?(SIZEOF (.cybootloader) <= CY_APPL_ORIGIN):0x1, Wrong image location)
                0x00000010                PROVIDE (__cy_reset, Reset)
 *(.text.Reset)
 .text.Reset    0x00000010       0x18 .\CortexM3\ARM_GCC_541\Debug\Cm3Start.o
                0x00000010                Reset
                0x00000001                ASSERT ((. != __cy_reset), No reset code)
 *(.dma_init)
                0x00000001                ASSERT ((((appl_start + .) <= 0x10000) || 0x1), DMA Init must be within the first 64k of flash)
 *(.text .text.* .gnu.linkonce.t.*)
 .text          0x00000028       0x5c c:/program files (x86)/cypress/psoc creator/4.4/psoc creator/import/gnu/arm/5.4.1/bin/../lib/gcc/arm-none-eabi/5.4.1/armv7-m/crtbegin.o
 .text.contar   0x00000084        0xc .\CortexM3\ARM_GCC_541\Debug\main.o
                0x00000084                contar
 .text.aumento  0x00000090        0xc .\CortexM3\ARM_GCC_541\Debug\main.o
                0x00000090                aumento
 .text.disminu  0x0000009c        0xc .\CortexM3\ARM_GCC_541\Debug\main.o
                0x0000009c                disminu
 .text.datos    0x000000a8       0x14 .\CortexM3\ARM_GCC_541\Debug\main.o
                0x000000a8                datos
 .text.EncenderLCD
                0x000000bc       0x90 .\CortexM3\ARM_GCC_541\Debug\main.o
                0x000000bc                EncenderLCD
 .text.con      0x0000014c       0x54 .\CortexM3\ARM_GCC_541\Debug\main.o
                0x0000014c                con
 .text.reloj    0x000001a0       0xc4 .\CortexM3\ARM_GCC_541\Debug\main.o
                0x000001a0                reloj
 .text.apagado  0x00000264       0x68 .\CortexM3\ARM_GCC_541\Debug\main.o
                0x00000264                apagado
 .text.con_mot  0x000002cc       0x38 .\CortexM3\ARM_GCC_541\Debug\main.o
                0x000002cc                con_mot
 .text.print_f  0x00000304       0x30 .\CortexM3\ARM_GCC_541\Debug\main.o
                0x00000304                print_f
 .text.main     0x00000334      0x210 .\CortexM3\ARM_GCC_541\Debug\main.o
                0x00000334                main
 .text.CyClockStartupError
                0x00000544        0x4 .\CortexM3\ARM_GCC_541\Debug\cyfitter_cfg.o
 .text.cfg_write_bytes32
                0x00000548       0x34 .\CortexM3\ARM_GCC_541\Debug\cyfitter_cfg.o
 .text.AnalogSetDefault
                0x0000057c       0x50 .\CortexM3\ARM_GCC_541\Debug\cyfitter_cfg.o
 .text.CYMEMZERO
                0x000005cc        0xc .\CortexM3\ARM_GCC_541\Debug\cyfitter_cfg.o
 .text.CYCONFIGCPY
                0x000005d8        0x8 .\CortexM3\ARM_GCC_541\Debug\cyfitter_cfg.o
 .text.ClockSetup
                0x000005e0      0x11c .\CortexM3\ARM_GCC_541\Debug\cyfitter_cfg.o
 .text.ADC_AMux_Set
                0x000006fc       0x1c .\CortexM3\ARM_GCC_541\Debug\cyfitter_cfg.o
                0x000006fc                ADC_AMux_Set
 .text.ADC_AMux_Unset
                0x00000718       0x1c .\CortexM3\ARM_GCC_541\Debug\cyfitter_cfg.o
                0x00000718                ADC_AMux_Unset
 .text.cyfitter_cfg
                0x00000734      0x14c .\CortexM3\ARM_GCC_541\Debug\cyfitter_cfg.o
                0x00000734                cyfitter_cfg
 .text.IntDefaultHandler
                0x00000880       0x10 .\CortexM3\ARM_GCC_541\Debug\Cm3Start.o
                0x00000880                IntDefaultHandler
 .text._sbrk    0x00000890       0x30 .\CortexM3\ARM_GCC_541\Debug\Cm3Start.o
                0x00000890                _sbrk
 .text.Start_c  0x000008c0       0x4c .\CortexM3\ARM_GCC_541\Debug\Cm3Start.o
                0x000008c0                Start_c
 .text.initialize_psoc
                0x0000090c       0x6c .\CortexM3\ARM_GCC_541\Debug\Cm3Start.o
                0x0000090c                initialize_psoc
 .text.UART_1_Init
                0x00000978       0x28 .\CortexM3\ARM_GCC_541\Debug\Desing_pf.a(UART_1.o)
                0x00000978                UART_1_Init
 .text.UART_1_Enable
                0x000009a0       0x3c .\CortexM3\ARM_GCC_541\Debug\Desing_pf.a(UART_1.o)
                0x000009a0                UART_1_Enable
 .text.UART_1_Start
                0x000009dc       0x1c .\CortexM3\ARM_GCC_541\Debug\Desing_pf.a(UART_1.o)
                0x000009dc                UART_1_Start
 .text.UART_1_GetChar
                0x000009f8       0x2c .\CortexM3\ARM_GCC_541\Debug\Desing_pf.a(UART_1.o)
                0x000009f8                UART_1_GetChar
 .text.UART_1_PutChar
                0x00000a24       0x18 .\CortexM3\ARM_GCC_541\Debug\Desing_pf.a(UART_1.o)
                0x00000a24                UART_1_PutChar
 .text.UART_1_PutString
                0x00000a3c       0x24 .\CortexM3\ARM_GCC_541\Debug\Desing_pf.a(UART_1.o)
                0x00000a3c                UART_1_PutString
 .text.Counter_1_Enable
                0x00000a60       0x28 .\CortexM3\ARM_GCC_541\Debug\Desing_pf.a(Counter_1.o)
                0x00000a60                Counter_1_Enable
 .text.Counter_1_SetInterruptMode
                0x00000a88        0xc .\CortexM3\ARM_GCC_541\Debug\Desing_pf.a(Counter_1.o)
                0x00000a88                Counter_1_SetInterruptMode
 .text.Counter_1_WriteCounter
                0x00000a94       0x34 .\CortexM3\ARM_GCC_541\Debug\Desing_pf.a(Counter_1.o)
                0x00000a94                Counter_1_WriteCounter
 .text.Counter_1_WritePeriod
                0x00000ac8        0xc .\CortexM3\ARM_GCC_541\Debug\Desing_pf.a(Counter_1.o)
                0x00000ac8                Counter_1_WritePeriod
 .text.Counter_1_Init
                0x00000ad4       0x60 .\CortexM3\ARM_GCC_541\Debug\Desing_pf.a(Counter_1.o)
                0x00000ad4                Counter_1_Init
 .text.Counter_1_Start
                0x00000b34       0x1c .\CortexM3\ARM_GCC_541\Debug\Desing_pf.a(Counter_1.o)
                0x00000b34                Counter_1_Start
 .text.isr_contador_SetVector
                0x00000b50        0xc .\CortexM3\ARM_GCC_541\Debug\Desing_pf.a(isr_contador.o)
                0x00000b50                isr_contador_SetVector
 .text.isr_contador_SetPriority
                0x00000b5c       0x10 .\CortexM3\ARM_GCC_541\Debug\Desing_pf.a(isr_contador.o)
                0x00000b5c                isr_contador_SetPriority
 .text.isr_contador_Enable
                0x00000b6c        0xc .\CortexM3\ARM_GCC_541\Debug\Desing_pf.a(isr_contador.o)
                0x00000b6c                isr_contador_Enable
 .text.isr_contador_Disable
                0x00000b78        0xc .\CortexM3\ARM_GCC_541\Debug\Desing_pf.a(isr_contador.o)
                0x00000b78                isr_contador_Disable
 .text.isr_contador_StartEx
                0x00000b84       0x1c .\CortexM3\ARM_GCC_541\Debug\Desing_pf.a(isr_contador.o)
                0x00000b84                isr_contador_StartEx
 .text.UART_1_IntClock_Start
                0x00000ba0       0x1c .\CortexM3\ARM_GCC_541\Debug\Desing_pf.a(UART_1_IntClock.o)
                0x00000ba0                UART_1_IntClock_Start
 .text.CyDmacConfigure
                0x00000bbc       0x34 .\CortexM3\ARM_GCC_541\Debug\Desing_pf.a(CyDmac.o)
                0x00000bbc                CyDmacConfigure
 .text.CyDmaChEnable
                0x00000bf0       0x38 .\CortexM3\ARM_GCC_541\Debug\Desing_pf.a(CyDmac.o)
                0x00000bf0                CyDmaChEnable
 .text.CyDmaChPriority
                0x00000c28       0x24 .\CortexM3\ARM_GCC_541\Debug\Desing_pf.a(CyDmac.o)
                0x00000c28                CyDmaChPriority
 .text.CyDmaChSetExtendedAddress
                0x00000c4c       0x34 .\CortexM3\ARM_GCC_541\Debug\Desing_pf.a(CyDmac.o)
                0x00000c4c                CyDmaChSetExtendedAddress
 .text.CyDmaChSetInitialTd
                0x00000c80       0x18 .\CortexM3\ARM_GCC_541\Debug\Desing_pf.a(CyDmac.o)
                0x00000c80                CyDmaChSetInitialTd
 .text.CyDmaChSetConfiguration
                0x00000c98       0x44 .\CortexM3\ARM_GCC_541\Debug\Desing_pf.a(CyDmac.o)
                0x00000c98                CyDmaChSetConfiguration
 .text.CyDmaTdAllocate
                0x00000cdc       0x34 .\CortexM3\ARM_GCC_541\Debug\Desing_pf.a(CyDmac.o)
                0x00000cdc                CyDmaTdAllocate
 .text.CyDmaTdSetConfiguration
                0x00000d10       0x28 .\CortexM3\ARM_GCC_541\Debug\Desing_pf.a(CyDmac.o)
                0x00000d10                CyDmaTdSetConfiguration
 .text.CyDmaTdSetAddress
                0x00000d38       0x1c .\CortexM3\ARM_GCC_541\Debug\Desing_pf.a(CyDmac.o)
                0x00000d38                CyDmaTdSetAddress
 .text.CyHalt   0x00000d54        0x4 .\CortexM3\ARM_GCC_541\Debug\Desing_pf.a(CyLib.o)
                0x00000d54                CyHalt
 .text.CyDelay  0x00000d58       0x2c .\CortexM3\ARM_GCC_541\Debug\Desing_pf.a(CyLib.o)
                0x00000d58                CyDelay
 .text.CyDelayUs
                0x00000d84       0x14 .\CortexM3\ARM_GCC_541\Debug\Desing_pf.a(CyLib.o)
                0x00000d84                CyDelayUs
 .text.CyIntSetVector
                0x00000d98       0x28 .\CortexM3\ARM_GCC_541\Debug\Desing_pf.a(CyLib.o)
                0x00000d98                CyIntSetVector
 .text.CyIntSetPriority
                0x00000dc0       0x30 .\CortexM3\ARM_GCC_541\Debug\Desing_pf.a(CyLib.o)
                0x00000dc0                CyIntSetPriority
 .text.LCD_WrCntrlNib
                0x00000df0       0x34 .\CortexM3\ARM_GCC_541\Debug\Desing_pf.a(LCD.o)
 .text.LCD_WrDatNib
                0x00000e24       0x44 .\CortexM3\ARM_GCC_541\Debug\Desing_pf.a(LCD.o)
 .text.LCD_IsReady
                0x00000e68       0xe4 .\CortexM3\ARM_GCC_541\Debug\Desing_pf.a(LCD.o)
                0x00000e68                LCD_IsReady
 .text.LCD_WriteData
                0x00000f4c       0x18 .\CortexM3\ARM_GCC_541\Debug\Desing_pf.a(LCD.o)
                0x00000f4c                LCD_WriteData
 .text.LCD_PrintString
                0x00000f64       0x1c .\CortexM3\ARM_GCC_541\Debug\Desing_pf.a(LCD.o)
                0x00000f64                LCD_PrintString
 .text.LCD_WriteControl
                0x00000f80       0x18 .\CortexM3\ARM_GCC_541\Debug\Desing_pf.a(LCD.o)
                0x00000f80                LCD_WriteControl
 .text.LCD_Init
                0x00000f98       0x6c .\CortexM3\ARM_GCC_541\Debug\Desing_pf.a(LCD.o)
                0x00000f98                LCD_Init
 .text.LCD_Enable
                0x00001004       0x14 .\CortexM3\ARM_GCC_541\Debug\Desing_pf.a(LCD.o)
                0x00001004                LCD_Enable
 .text.LCD_Start
                0x00001018       0x1c .\CortexM3\ARM_GCC_541\Debug\Desing_pf.a(LCD.o)
                0x00001018                LCD_Start
 .text.LCD_Stop
                0x00001034       0x14 .\CortexM3\ARM_GCC_541\Debug\Desing_pf.a(LCD.o)
                0x00001034                LCD_Stop
 .text.LCD_Position
                0x00001048       0x3c .\CortexM3\ARM_GCC_541\Debug\Desing_pf.a(LCD.o)
                0x00001048                LCD_Position
 .text.data_SetVector
                0x00001084        0xc .\CortexM3\ARM_GCC_541\Debug\Desing_pf.a(data.o)
                0x00001084                data_SetVector
 .text.data_SetPriority
                0x00001090       0x10 .\CortexM3\ARM_GCC_541\Debug\Desing_pf.a(data.o)
                0x00001090                data_SetPriority
 .text.data_Enable
                0x000010a0        0xc .\CortexM3\ARM_GCC_541\Debug\Desing_pf.a(data.o)
                0x000010a0                data_Enable
 .text.data_Disable
                0x000010ac        0xc .\CortexM3\ARM_GCC_541\Debug\Desing_pf.a(data.o)
                0x000010ac                data_Disable
 .text.data_StartEx
                0x000010b8       0x1c .\CortexM3\ARM_GCC_541\Debug\Desing_pf.a(data.o)
                0x000010b8                data_StartEx
 .text.tilt_Write
                0x000010d4       0x18 .\CortexM3\ARM_GCC_541\Debug\Desing_pf.a(tilt.o)
                0x000010d4                tilt_Write
 .text.tilt_Read
                0x000010ec       0x10 .\CortexM3\ARM_GCC_541\Debug\Desing_pf.a(tilt.o)
                0x000010ec                tilt_Read
 .text.LED_Driver_DmaInit
                0x000010fc      0x128 .\CortexM3\ARM_GCC_541\Debug\Desing_pf.a(LED_Driver.o)
 .text.LED_Driver_DmaEnable
                0x00001224       0x2c .\CortexM3\ARM_GCC_541\Debug\Desing_pf.a(LED_Driver.o)
 .text.LED_Driver_Enable
                0x00001250       0x14 .\CortexM3\ARM_GCC_541\Debug\Desing_pf.a(LED_Driver.o)
                0x00001250                LED_Driver_Enable
 .text.LED_Driver_SetRC
                0x00001264       0x1c .\CortexM3\ARM_GCC_541\Debug\Desing_pf.a(LED_Driver.o)
                0x00001264                LED_Driver_SetRC
 .text.LED_Driver_ClearDisplayAll
                0x00001280       0x18 .\CortexM3\ARM_GCC_541\Debug\Desing_pf.a(LED_Driver.o)
                0x00001280                LED_Driver_ClearDisplayAll
 .text.LED_Driver_Init
                0x00001298       0x1c .\CortexM3\ARM_GCC_541\Debug\Desing_pf.a(LED_Driver.o)
                0x00001298                LED_Driver_Init
 .text.LED_Driver_Start
                0x000012b4       0x1c .\CortexM3\ARM_GCC_541\Debug\Desing_pf.a(LED_Driver.o)
                0x000012b4                LED_Driver_Start
 .text.LED_Driver_EncodeNumber7Seg
                0x000012d0       0x10 .\CortexM3\ARM_GCC_541\Debug\Desing_pf.a(LED_Driver.o)
                0x000012d0                LED_Driver_EncodeNumber7Seg
 .text.LED_Driver_Write7SegDigitHex
                0x000012e0       0x18 .\CortexM3\ARM_GCC_541\Debug\Desing_pf.a(LED_Driver.o)
                0x000012e0                LED_Driver_Write7SegDigitHex
 .text.LED_Driver_EncodeChar7Seg
                0x000012f8       0x24 .\CortexM3\ARM_GCC_541\Debug\Desing_pf.a(LED_Driver.o)
                0x000012f8                LED_Driver_EncodeChar7Seg
 .text.LED_Driver_WriteString7Seg
                0x0000131c       0x38 .\CortexM3\ARM_GCC_541\Debug\Desing_pf.a(LED_Driver.o)
                0x0000131c                LED_Driver_WriteString7Seg
 .text.LED_Driver_DMA_Com_DmaInitialize
                0x00001354       0x3c .\CortexM3\ARM_GCC_541\Debug\Desing_pf.a(LED_Driver_DMA_Com_dma.o)
                0x00001354                LED_Driver_DMA_Com_DmaInitialize
 .text.LED_Driver_DMA_Seg_DmaInitialize
                0x00001390       0x3c .\CortexM3\ARM_GCC_541\Debug\Desing_pf.a(LED_Driver_DMA_Seg_dma.o)
                0x00001390                LED_Driver_DMA_Seg_DmaInitialize
 .text.PWM_Enable
                0x000013cc       0x10 .\CortexM3\ARM_GCC_541\Debug\Desing_pf.a(PWM.o)
                0x000013cc                PWM_Enable
 .text.PWM_WriteCounter
                0x000013dc        0xc .\CortexM3\ARM_GCC_541\Debug\Desing_pf.a(PWM.o)
                0x000013dc                PWM_WriteCounter
 .text.PWM_WritePeriod
                0x000013e8        0xc .\CortexM3\ARM_GCC_541\Debug\Desing_pf.a(PWM.o)
                0x000013e8                PWM_WritePeriod
 .text.PWM_WriteCompare
                0x000013f4        0xc .\CortexM3\ARM_GCC_541\Debug\Desing_pf.a(PWM.o)
                0x000013f4                PWM_WriteCompare
 .text.PWM_SetInterruptMode
                0x00001400        0xc .\CortexM3\ARM_GCC_541\Debug\Desing_pf.a(PWM.o)
                0x00001400                PWM_SetInterruptMode
 .text.PWM_ReadStatusRegister
                0x0000140c        0xc .\CortexM3\ARM_GCC_541\Debug\Desing_pf.a(PWM.o)
                0x0000140c                PWM_ReadStatusRegister
 .text.PWM_ReadCapture
                0x00001418        0xc .\CortexM3\ARM_GCC_541\Debug\Desing_pf.a(PWM.o)
                0x00001418                PWM_ReadCapture
 .text.PWM_ClearFIFO
                0x00001424       0x14 .\CortexM3\ARM_GCC_541\Debug\Desing_pf.a(PWM.o)
                0x00001424                PWM_ClearFIFO
 .text.PWM_Init
                0x00001438       0x60 .\CortexM3\ARM_GCC_541\Debug\Desing_pf.a(PWM.o)
                0x00001438                PWM_Init
 .text.PWM_Start
                0x00001498       0x1c .\CortexM3\ARM_GCC_541\Debug\Desing_pf.a(PWM.o)
                0x00001498                PWM_Start
 .text.aum_SetVector
                0x000014b4        0xc .\CortexM3\ARM_GCC_541\Debug\Desing_pf.a(aum.o)
                0x000014b4                aum_SetVector
 .text.aum_SetPriority
                0x000014c0       0x10 .\CortexM3\ARM_GCC_541\Debug\Desing_pf.a(aum.o)
                0x000014c0                aum_SetPriority
 .text.aum_Enable
                0x000014d0        0xc .\CortexM3\ARM_GCC_541\Debug\Desing_pf.a(aum.o)
                0x000014d0                aum_Enable
 .text.aum_Disable
                0x000014dc        0xc .\CortexM3\ARM_GCC_541\Debug\Desing_pf.a(aum.o)
                0x000014dc                aum_Disable
 .text.aum_StartEx
                0x000014e8       0x1c .\CortexM3\ARM_GCC_541\Debug\Desing_pf.a(aum.o)
                0x000014e8                aum_StartEx
 .text.dism_SetVector
                0x00001504        0xc .\CortexM3\ARM_GCC_541\Debug\Desing_pf.a(dism.o)
                0x00001504                dism_SetVector
 .text.dism_SetPriority
                0x00001510       0x10 .\CortexM3\ARM_GCC_541\Debug\Desing_pf.a(dism.o)
                0x00001510                dism_SetPriority
 .text.dism_Enable
                0x00001520        0xc .\CortexM3\ARM_GCC_541\Debug\Desing_pf.a(dism.o)
                0x00001520                dism_Enable
 .text.dism_Disable
                0x0000152c        0xc .\CortexM3\ARM_GCC_541\Debug\Desing_pf.a(dism.o)
                0x0000152c                dism_Disable
 .text.dism_StartEx
                0x00001538       0x1c .\CortexM3\ARM_GCC_541\Debug\Desing_pf.a(dism.o)
                0x00001538                dism_StartEx
 .text.ADC_GainCompensation
                0x00001554       0xdc .\CortexM3\ARM_GCC_541\Debug\Desing_pf.a(ADC.o)
 .text.ADC_SetDSMRef0Reg
                0x00001630       0x4c .\CortexM3\ARM_GCC_541\Debug\Desing_pf.a(ADC.o)
 .text.ADC_InitConfig
                0x0000167c       0xe8 .\CortexM3\ARM_GCC_541\Debug\Desing_pf.a(ADC.o)
 .text.ADC_Init
                0x00001764       0xc4 .\CortexM3\ARM_GCC_541\Debug\Desing_pf.a(ADC.o)
                0x00001764                ADC_Init
 .text.ADC_Enable
                0x00001828       0xd8 .\CortexM3\ARM_GCC_541\Debug\Desing_pf.a(ADC.o)
                0x00001828                ADC_Enable
 .text.ADC_Start
                0x00001900       0x28 .\CortexM3\ARM_GCC_541\Debug\Desing_pf.a(ADC.o)
                0x00001900                ADC_Start
 .text.ADC_StartConvert
                0x00001928       0x10 .\CortexM3\ARM_GCC_541\Debug\Desing_pf.a(ADC.o)
                0x00001928                ADC_StartConvert
 .text.ADC_StopConvert
                0x00001938       0x10 .\CortexM3\ARM_GCC_541\Debug\Desing_pf.a(ADC.o)
                0x00001938                ADC_StopConvert
 .text.ADC_IsEndConversion
                0x00001948       0x30 .\CortexM3\ARM_GCC_541\Debug\Desing_pf.a(ADC.o)
                0x00001948                ADC_IsEndConversion
 .text.ADC_GetResult32
                0x00001978       0x6c .\CortexM3\ARM_GCC_541\Debug\Desing_pf.a(ADC.o)
                0x00001978                ADC_GetResult32
 .text.ADC_CountsTo_mVolts
                0x000019e4       0x24 .\CortexM3\ARM_GCC_541\Debug\Desing_pf.a(ADC.o)
                0x000019e4                ADC_CountsTo_mVolts
 .text.ADC_ISR1
                0x00001a08        0x4 .\CortexM3\ARM_GCC_541\Debug\Desing_pf.a(ADC_INT.o)
                0x00001a08                ADC_ISR1
 .text.ADC_theACLK_GetDividerRegister
                0x00001a0c        0xc .\CortexM3\ARM_GCC_541\Debug\Desing_pf.a(ADC_theACLK.o)
                0x00001a0c                ADC_theACLK_GetDividerRegister
 .text.ADC_theACLK_SetModeRegister
                0x00001a18       0x14 .\CortexM3\ARM_GCC_541\Debug\Desing_pf.a(ADC_theACLK.o)
                0x00001a18                ADC_theACLK_SetModeRegister
 .text.ADC_theACLK_GetSourceRegister
                0x00001a2c       0x10 .\CortexM3\ARM_GCC_541\Debug\Desing_pf.a(ADC_theACLK.o)
                0x00001a2c                ADC_theACLK_GetSourceRegister
 .text.ADC_theACLK_SetDividerRegister
                0x00001a3c       0xd8 .\CortexM3\ARM_GCC_541\Debug\Desing_pf.a(ADC_theACLK.o)
                0x00001a3c                ADC_theACLK_SetDividerRegister
 .text.Opamp_Enable
                0x00001b14       0x28 .\CortexM3\ARM_GCC_541\Debug\Desing_pf.a(Opamp.o)
                0x00001b14                Opamp_Enable
 .text.Opamp_SetPower
                0x00001b3c       0x1c .\CortexM3\ARM_GCC_541\Debug\Desing_pf.a(Opamp.o)
                0x00001b3c                Opamp_SetPower
 .text.Opamp_Init
                0x00001b58        0xc .\CortexM3\ARM_GCC_541\Debug\Desing_pf.a(Opamp.o)
                0x00001b58                Opamp_Init
 .text.Opamp_Start
                0x00001b64       0x1c .\CortexM3\ARM_GCC_541\Debug\Desing_pf.a(Opamp.o)
                0x00001b64                Opamp_Start
 .text.ADC_AMux_Start
                0x00001b80       0x20 .\CortexM3\ARM_GCC_541\Debug\Desing_pf.a(ADC_AMux.o)
                0x00001b80                ADC_AMux_Start
 .text.ADC_AMux_Select
                0x00001ba0       0x18 .\CortexM3\ARM_GCC_541\Debug\Desing_pf.a(ADC_AMux.o)
                0x00001ba0                ADC_AMux_Select
 .text.ADC_Ext_CP_Clk_GetDividerRegister
                0x00001bb8        0xc .\CortexM3\ARM_GCC_541\Debug\Desing_pf.a(ADC_Ext_CP_Clk.o)
                0x00001bb8                ADC_Ext_CP_Clk_GetDividerRegister
 .text.ADC_Ext_CP_Clk_SetModeRegister
                0x00001bc4       0x14 .\CortexM3\ARM_GCC_541\Debug\Desing_pf.a(ADC_Ext_CP_Clk.o)
                0x00001bc4                ADC_Ext_CP_Clk_SetModeRegister
 .text.ADC_Ext_CP_Clk_GetSourceRegister
                0x00001bd8       0x10 .\CortexM3\ARM_GCC_541\Debug\Desing_pf.a(ADC_Ext_CP_Clk.o)
                0x00001bd8                ADC_Ext_CP_Clk_GetSourceRegister
 .text.ADC_Ext_CP_Clk_SetDividerRegister
                0x00001be8       0xd8 .\CortexM3\ARM_GCC_541\Debug\Desing_pf.a(ADC_Ext_CP_Clk.o)
                0x00001be8                ADC_Ext_CP_Clk_SetDividerRegister
 .text          0x00001cc0       0x20 .\CortexM3\ARM_GCC_541\Debug\Desing_pf.a(CyBootAsmGnu.o)
                0x00001cc0                CyDelayCycles
                0x00001cd0                CyEnterCriticalSection
                0x00001cd8                CyExitCriticalSection
 .text          0x00001ce0      0x370 c:/program files (x86)/cypress/psoc creator/4.4/psoc creator/import/gnu/arm/5.4.1/bin/../lib/gcc/arm-none-eabi/5.4.1/armv7-m\libgcc.a(_arm_addsubdf3.o)
                0x00001ce0                __aeabi_drsub
                0x00001ce8                __aeabi_dsub
                0x00001ce8                __subdf3
                0x00001cec                __aeabi_dadd
                0x00001cec                __adddf3
                0x00001f64                __floatunsidf
                0x00001f64                __aeabi_ui2d
                0x00001f84                __floatsidf
                0x00001f84                __aeabi_i2d
                0x00001fa8                __aeabi_f2d
                0x00001fa8                __extendsfdf2
                0x00001fe4                __floatundidf
                0x00001fe4                __aeabi_ul2d
                0x00001ff4                __floatdidf
                0x00001ff4                __aeabi_l2d
 .text          0x00002050      0x424 c:/program files (x86)/cypress/psoc creator/4.4/psoc creator/import/gnu/arm/5.4.1/bin/../lib/gcc/arm-none-eabi/5.4.1/armv7-m\libgcc.a(_arm_muldivdf3.o)
                0x00002050                __aeabi_dmul
                0x00002050                __muldf3
                0x000022a4                __divdf3
                0x000022a4                __aeabi_ddiv
 .text          0x00002474      0x110 c:/program files (x86)/cypress/psoc creator/4.4/psoc creator/import/gnu/arm/5.4.1/bin/../lib/gcc/arm-none-eabi/5.4.1/armv7-m\libgcc.a(_arm_cmpdf2.o)
                0x00002474                __gtdf2
                0x00002474                __gedf2
                0x0000247c                __ltdf2
                0x0000247c                __ledf2
                0x00002484                __nedf2
                0x00002484                __eqdf2
                0x00002484                __cmpdf2
                0x00002500                __aeabi_cdrcmple
                0x00002510                __aeabi_cdcmpeq
                0x00002510                __aeabi_cdcmple
                0x00002520                __aeabi_dcmpeq
                0x00002534                __aeabi_dcmplt
                0x00002548                __aeabi_dcmple
                0x0000255c                __aeabi_dcmpge
                0x00002570                __aeabi_dcmpgt
 .text          0x00002584       0xa0 c:/program files (x86)/cypress/psoc creator/4.4/psoc creator/import/gnu/arm/5.4.1/bin/../lib/gcc/arm-none-eabi/5.4.1/armv7-m\libgcc.a(_arm_truncdfsf2.o)
                0x00002584                __truncdfsf2
                0x00002584                __aeabi_d2f
 .text.__errno  0x00002624        0xc c:/program files (x86)/cypress/psoc creator/4.4/psoc creator/import/gnu/arm/5.4.1/bin/../lib/gcc/arm-none-eabi/5.4.1/../../../../arm-none-eabi/lib/armv7-m\libg_nano.a(lib_a-errno.o)
                0x00002624                __errno
 .text.__libc_init_array
                0x00002630       0x4c c:/program files (x86)/cypress/psoc creator/4.4/psoc creator/import/gnu/arm/5.4.1/bin/../lib/gcc/arm-none-eabi/5.4.1/../../../../arm-none-eabi/lib/armv7-m\libg_nano.a(lib_a-init.o)
                0x00002630                __libc_init_array
 .text.memcpy   0x0000267c       0x16 c:/program files (x86)/cypress/psoc creator/4.4/psoc creator/import/gnu/arm/5.4.1/bin/../lib/gcc/arm-none-eabi/5.4.1/../../../../arm-none-eabi/lib/armv7-m\libg_nano.a(lib_a-memcpy-stub.o)
                0x0000267c                memcpy
 .text.memset   0x00002692       0x10 c:/program files (x86)/cypress/psoc creator/4.4/psoc creator/import/gnu/arm/5.4.1/bin/../lib/gcc/arm-none-eabi/5.4.1/../../../../arm-none-eabi/lib/armv7-m\libg_nano.a(lib_a-memset.o)
                0x00002692                memset
 .text.__cvt    0x000026a2       0xc0 c:/program files (x86)/cypress/psoc creator/4.4/psoc creator/import/gnu/arm/5.4.1/bin/../lib/gcc/arm-none-eabi/5.4.1/../../../../arm-none-eabi/lib/armv7-m\libg_nano.a(lib_a-nano-vfprintf_float.o)
                0x000026a2                __cvt
 .text.__exponent
                0x00002762       0x62 c:/program files (x86)/cypress/psoc creator/4.4/psoc creator/import/gnu/arm/5.4.1/bin/../lib/gcc/arm-none-eabi/5.4.1/../../../../arm-none-eabi/lib/armv7-m\libg_nano.a(lib_a-nano-vfprintf_float.o)
                0x00002762                __exponent
 .text._printf_float
                0x000027c4      0x488 c:/program files (x86)/cypress/psoc creator/4.4/psoc creator/import/gnu/arm/5.4.1/bin/../lib/gcc/arm-none-eabi/5.4.1/../../../../arm-none-eabi/lib/armv7-m\libg_nano.a(lib_a-nano-vfprintf_float.o)
                0x000027c4                _printf_float
 .text._printf_common
                0x00002c4c       0xec c:/program files (x86)/cypress/psoc creator/4.4/psoc creator/import/gnu/arm/5.4.1/bin/../lib/gcc/arm-none-eabi/5.4.1/../../../../arm-none-eabi/lib/armv7-m\libg_nano.a(lib_a-nano-vfprintf_i.o)
                0x00002c4c                _printf_common
 .text._printf_i
                0x00002d38      0x24c c:/program files (x86)/cypress/psoc creator/4.4/psoc creator/import/gnu/arm/5.4.1/bin/../lib/gcc/arm-none-eabi/5.4.1/../../../../arm-none-eabi/lib/armv7-m\libg_nano.a(lib_a-nano-vfprintf_i.o)
                0x00002d38                _printf_i
 .text.sprintf  0x00002f84       0x48 c:/program files (x86)/cypress/psoc creator/4.4/psoc creator/import/gnu/arm/5.4.1/bin/../lib/gcc/arm-none-eabi/5.4.1/../../../../arm-none-eabi/lib/armv7-m\libg_nano.a(lib_a-sprintf.o)
                0x00002f84                siprintf
                0x00002f84                sprintf
 .text          0x00002fcc       0x10 c:/program files (x86)/cypress/psoc creator/4.4/psoc creator/import/gnu/arm/5.4.1/bin/../lib/gcc/arm-none-eabi/5.4.1/../../../../arm-none-eabi/lib/armv7-m\libg_nano.a(lib_a-strlen.o)
                0x00002fcc                strlen
 .text.quorem   0x00002fdc      0x116 c:/program files (x86)/cypress/psoc creator/4.4/psoc creator/import/gnu/arm/5.4.1/bin/../lib/gcc/arm-none-eabi/5.4.1/../../../../arm-none-eabi/lib/armv7-m\libg_nano.a(lib_a-dtoa.o)
 *fill*         0x000030f2        0x6 
 .text._dtoa_r  0x000030f8      0xb30 c:/program files (x86)/cypress/psoc creator/4.4/psoc creator/import/gnu/arm/5.4.1/bin/../lib/gcc/arm-none-eabi/5.4.1/../../../../arm-none-eabi/lib/armv7-m\libg_nano.a(lib_a-dtoa.o)
                0x000030f8                _dtoa_r
 .text._localeconv_r
                0x00003c28        0x8 c:/program files (x86)/cypress/psoc creator/4.4/psoc creator/import/gnu/arm/5.4.1/bin/../lib/gcc/arm-none-eabi/5.4.1/../../../../arm-none-eabi/lib/armv7-m\libg_nano.a(lib_a-locale.o)
                0x00003c28                _localeconv_r
 .text.malloc   0x00003c30       0x10 c:/program files (x86)/cypress/psoc creator/4.4/psoc creator/import/gnu/arm/5.4.1/bin/../lib/gcc/arm-none-eabi/5.4.1/../../../../arm-none-eabi/lib/armv7-m\libg_nano.a(lib_a-malloc.o)
                0x00003c30                malloc
 .text.memchr   0x00003c40       0x1c c:/program files (x86)/cypress/psoc creator/4.4/psoc creator/import/gnu/arm/5.4.1/bin/../lib/gcc/arm-none-eabi/5.4.1/../../../../arm-none-eabi/lib/armv7-m\libg_nano.a(lib_a-memchr-stub.o)
                0x00003c40                memchr
 .text._Balloc  0x00003c5c       0x6a c:/program files (x86)/cypress/psoc creator/4.4/psoc creator/import/gnu/arm/5.4.1/bin/../lib/gcc/arm-none-eabi/5.4.1/../../../../arm-none-eabi/lib/armv7-m\libg_nano.a(lib_a-mprec.o)
                0x00003c5c                _Balloc
 .text._Bfree   0x00003cc6       0x2e c:/program files (x86)/cypress/psoc creator/4.4/psoc creator/import/gnu/arm/5.4.1/bin/../lib/gcc/arm-none-eabi/5.4.1/../../../../arm-none-eabi/lib/armv7-m\libg_nano.a(lib_a-mprec.o)
                0x00003cc6                _Bfree
 .text.__multadd
                0x00003cf4       0x76 c:/program files (x86)/cypress/psoc creator/4.4/psoc creator/import/gnu/arm/5.4.1/bin/../lib/gcc/arm-none-eabi/5.4.1/../../../../arm-none-eabi/lib/armv7-m\libg_nano.a(lib_a-mprec.o)
                0x00003cf4                __multadd
 .text.__hi0bits
                0x00003d6a       0x40 c:/program files (x86)/cypress/psoc creator/4.4/psoc creator/import/gnu/arm/5.4.1/bin/../lib/gcc/arm-none-eabi/5.4.1/../../../../arm-none-eabi/lib/armv7-m\libg_nano.a(lib_a-mprec.o)
                0x00003d6a                __hi0bits
 .text.__lo0bits
                0x00003daa       0x5a c:/program files (x86)/cypress/psoc creator/4.4/psoc creator/import/gnu/arm/5.4.1/bin/../lib/gcc/arm-none-eabi/5.4.1/../../../../arm-none-eabi/lib/armv7-m\libg_nano.a(lib_a-mprec.o)
                0x00003daa                __lo0bits
 .text.__i2b    0x00003e04       0x12 c:/program files (x86)/cypress/psoc creator/4.4/psoc creator/import/gnu/arm/5.4.1/bin/../lib/gcc/arm-none-eabi/5.4.1/../../../../arm-none-eabi/lib/armv7-m\libg_nano.a(lib_a-mprec.o)
                0x00003e04                __i2b
 .text.__multiply
                0x00003e16      0x120 c:/program files (x86)/cypress/psoc creator/4.4/psoc creator/import/gnu/arm/5.4.1/bin/../lib/gcc/arm-none-eabi/5.4.1/../../../../arm-none-eabi/lib/armv7-m\libg_nano.a(lib_a-mprec.o)
                0x00003e16                __multiply
 *fill*         0x00003f36        0x2 
 .text.__pow5mult
                0x00003f38       0x9c c:/program files (x86)/cypress/psoc creator/4.4/psoc creator/import/gnu/arm/5.4.1/bin/../lib/gcc/arm-none-eabi/5.4.1/../../../../arm-none-eabi/lib/armv7-m\libg_nano.a(lib_a-mprec.o)
                0x00003f38                __pow5mult
 .text.__lshift
                0x00003fd4       0xa2 c:/program files (x86)/cypress/psoc creator/4.4/psoc creator/import/gnu/arm/5.4.1/bin/../lib/gcc/arm-none-eabi/5.4.1/../../../../arm-none-eabi/lib/armv7-m\libg_nano.a(lib_a-mprec.o)
                0x00003fd4                __lshift
 .text.__mcmp   0x00004076       0x38 c:/program files (x86)/cypress/psoc creator/4.4/psoc creator/import/gnu/arm/5.4.1/bin/../lib/gcc/arm-none-eabi/5.4.1/../../../../arm-none-eabi/lib/armv7-m\libg_nano.a(lib_a-mprec.o)
                0x00004076                __mcmp
 .text.__mdiff  0x000040ae       0xbe c:/program files (x86)/cypress/psoc creator/4.4/psoc creator/import/gnu/arm/5.4.1/bin/../lib/gcc/arm-none-eabi/5.4.1/../../../../arm-none-eabi/lib/armv7-m\libg_nano.a(lib_a-mprec.o)
                0x000040ae                __mdiff
 .text.__d2b    0x0000416c       0x9c c:/program files (x86)/cypress/psoc creator/4.4/psoc creator/import/gnu/arm/5.4.1/bin/../lib/gcc/arm-none-eabi/5.4.1/../../../../arm-none-eabi/lib/armv7-m\libg_nano.a(lib_a-mprec.o)
                0x0000416c                __d2b
 .text._calloc_r
                0x00004208       0x1c c:/program files (x86)/cypress/psoc creator/4.4/psoc creator/import/gnu/arm/5.4.1/bin/../lib/gcc/arm-none-eabi/5.4.1/../../../../arm-none-eabi/lib/armv7-m\libg_nano.a(lib_a-nano-callocr.o)
                0x00004208                _calloc_r
 .text._free_r  0x00004224       0x98 c:/program files (x86)/cypress/psoc creator/4.4/psoc creator/import/gnu/arm/5.4.1/bin/../lib/gcc/arm-none-eabi/5.4.1/../../../../arm-none-eabi/lib/armv7-m\libg_nano.a(lib_a-nano-freer.o)
                0x00004224                _free_r
 .text._malloc_r
                0x000042bc       0xbc c:/program files (x86)/cypress/psoc creator/4.4/psoc creator/import/gnu/arm/5.4.1/bin/../lib/gcc/arm-none-eabi/5.4.1/../../../../arm-none-eabi/lib/armv7-m\libg_nano.a(lib_a-nano-mallocr.o)
                0x000042bc                _malloc_r
 .text.__ssputs_r
                0x00004378       0xb2 c:/program files (x86)/cypress/psoc creator/4.4/psoc creator/import/gnu/arm/5.4.1/bin/../lib/gcc/arm-none-eabi/5.4.1/../../../../arm-none-eabi/lib/armv7-m\libg_nano.a(lib_a-nano-svfprintf.o)
                0x00004378                __ssputs_r
 *fill*         0x0000442a        0x2 
 .text._svfprintf_r
                0x0000442c      0x1e8 c:/program files (x86)/cypress/psoc creator/4.4/psoc creator/import/gnu/arm/5.4.1/bin/../lib/gcc/arm-none-eabi/5.4.1/../../../../arm-none-eabi/lib/armv7-m\libg_nano.a(lib_a-nano-svfprintf.o)
                0x0000442c                _svfiprintf_r
                0x0000442c                _svfprintf_r
 .text._sbrk_r  0x00004614       0x20 c:/program files (x86)/cypress/psoc creator/4.4/psoc creator/import/gnu/arm/5.4.1/bin/../lib/gcc/arm-none-eabi/5.4.1/../../../../arm-none-eabi/lib/armv7-m\libg_nano.a(lib_a-sbrkr.o)
                0x00004614                _sbrk_r
 .text.memmove  0x00004634       0x36 c:/program files (x86)/cypress/psoc creator/4.4/psoc creator/import/gnu/arm/5.4.1/bin/../lib/gcc/arm-none-eabi/5.4.1/../../../../arm-none-eabi/lib/armv7-m\libg_nano.a(lib_a-memmove.o)
                0x00004634                memmove
 .text.__malloc_lock
                0x0000466a        0x2 c:/program files (x86)/cypress/psoc creator/4.4/psoc creator/import/gnu/arm/5.4.1/bin/../lib/gcc/arm-none-eabi/5.4.1/../../../../arm-none-eabi/lib/armv7-m\libg_nano.a(lib_a-mlock.o)
                0x0000466a                __malloc_lock
 .text.__malloc_unlock
                0x0000466c        0x2 c:/program files (x86)/cypress/psoc creator/4.4/psoc creator/import/gnu/arm/5.4.1/bin/../lib/gcc/arm-none-eabi/5.4.1/../../../../arm-none-eabi/lib/armv7-m\libg_nano.a(lib_a-mlock.o)
                0x0000466c                __malloc_unlock
 .text._realloc_r
                0x0000466e       0x4c c:/program files (x86)/cypress/psoc creator/4.4/psoc creator/import/gnu/arm/5.4.1/bin/../lib/gcc/arm-none-eabi/5.4.1/../../../../arm-none-eabi/lib/armv7-m\libg_nano.a(lib_a-nano-reallocr.o)
                0x0000466e                _realloc_r
 .text._malloc_usable_size_r
                0x000046ba       0x14 c:/program files (x86)/cypress/psoc creator/4.4/psoc creator/import/gnu/arm/5.4.1/bin/../lib/gcc/arm-none-eabi/5.4.1/../../../../arm-none-eabi/lib/armv7-m\libg_nano.a(lib_a-nano-msizer.o)
                0x000046ba                _malloc_usable_size_r
 *fill*         0x000046ce        0x2 
 .text          0x000046d0       0x2c c:/program files (x86)/cypress/psoc creator/4.4/psoc creator/import/gnu/arm/5.4.1/bin/../lib/gcc/arm-none-eabi/5.4.1/armv7-m\libgcc.a(_arm_unorddf2.o)
                0x000046d0                __unorddf2
                0x000046d0                __aeabi_dcmpun
 .text          0x000046fc       0x50 c:/program files (x86)/cypress/psoc creator/4.4/psoc creator/import/gnu/arm/5.4.1/bin/../lib/gcc/arm-none-eabi/5.4.1/armv7-m\libgcc.a(_arm_fixdfsi.o)
                0x000046fc                __aeabi_d2iz
                0x000046fc                __fixdfsi
 *(.plt)
 *(.gnu.warning)
 *(.glue_7t)
 .glue_7t       0x0000474c        0x0 linker stubs
 *(.glue_7)
 .glue_7        0x0000474c        0x0 linker stubs
 *(.vfp11_veneer)
 .vfp11_veneer  0x0000474c        0x0 linker stubs
 *(.bootloader)
 *(.ARM.extab* .gnu.linkonce.armextab.*)
 *(.gcc_except_table)

.v4_bx          0x0000474c        0x0
 .v4_bx         0x0000474c        0x0 linker stubs

.iplt           0x0000474c        0x0
 .iplt          0x0000474c        0x0 c:/program files (x86)/cypress/psoc creator/4.4/psoc creator/import/gnu/arm/5.4.1/bin/../lib/gcc/arm-none-eabi/5.4.1/armv7-m/crtbegin.o

.eh_frame_hdr
 *(.eh_frame_hdr)

.eh_frame       0x0000474c        0x4
 *(.eh_frame)
 .eh_frame      0x0000474c        0x0 c:/program files (x86)/cypress/psoc creator/4.4/psoc creator/import/gnu/arm/5.4.1/bin/../lib/gcc/arm-none-eabi/5.4.1/armv7-m/crtbegin.o
 .eh_frame      0x0000474c        0x4 c:/program files (x86)/cypress/psoc creator/4.4/psoc creator/import/gnu/arm/5.4.1/bin/../lib/gcc/arm-none-eabi/5.4.1/armv7-m/crtend.o
                [!provide]                PROVIDE (__exidx_start, .)

.ARM.exidx
 *(.ARM.exidx* .gnu.linkonce.armexidx.*)
                0x00004750                __exidx_end = .

.rodata         0x00004750      0x488
 *(.rodata .rodata.* .gnu.linkonce.r.*)
 .rodata.str1.4
                0x00004750       0x8c .\CortexM3\ARM_GCC_541\Debug\main.o
                                 0x8b (size before relaxing)
 .rodata        0x000047dc       0x36 .\CortexM3\ARM_GCC_541\Debug\cyfitter_cfg.o
                0x000047dc                ADC_AMux__addrTable
                0x000047e4                ADC_AMux__maskTable
 *fill*         0x00004812        0x2 
 .rodata        0x00004814      0x230 .\CortexM3\ARM_GCC_541\Debug\Desing_pf.a(LED_Driver.o)
 .rodata.str1.1
                0x00004a44        0x2 c:/program files (x86)/cypress/psoc creator/4.4/psoc creator/import/gnu/arm/5.4.1/bin/../lib/gcc/arm-none-eabi/5.4.1/../../../../arm-none-eabi/lib/armv7-m\libg_nano.a(lib_a-impure.o)
 .rodata.str1.1
                0x00004a46       0x12 c:/program files (x86)/cypress/psoc creator/4.4/psoc creator/import/gnu/arm/5.4.1/bin/../lib/gcc/arm-none-eabi/5.4.1/../../../../arm-none-eabi/lib/armv7-m\libg_nano.a(lib_a-nano-vfprintf_float.o)
 .rodata.str1.1
                0x00004a58       0x22 c:/program files (x86)/cypress/psoc creator/4.4/psoc creator/import/gnu/arm/5.4.1/bin/../lib/gcc/arm-none-eabi/5.4.1/../../../../arm-none-eabi/lib/armv7-m\libg_nano.a(lib_a-nano-vfprintf_i.o)
 .rodata.str1.1
                0x00004a7a        0xd c:/program files (x86)/cypress/psoc creator/4.4/psoc creator/import/gnu/arm/5.4.1/bin/../lib/gcc/arm-none-eabi/5.4.1/../../../../arm-none-eabi/lib/armv7-m\libg_nano.a(lib_a-dtoa.o)
                                  0xf (size before relaxing)
 .rodata.str1.1
                0x00004a87        0x8 c:/program files (x86)/cypress/psoc creator/4.4/psoc creator/import/gnu/arm/5.4.1/bin/../lib/gcc/arm-none-eabi/5.4.1/../../../../arm-none-eabi/lib/armv7-m\libg_nano.a(lib_a-locale.o)
                                  0xb (size before relaxing)
 *fill*         0x00004a8f        0x1 
 .rodata.__mprec_tens
                0x00004a90       0xc8 c:/program files (x86)/cypress/psoc creator/4.4/psoc creator/import/gnu/arm/5.4.1/bin/../lib/gcc/arm-none-eabi/5.4.1/../../../../arm-none-eabi/lib/armv7-m\libg_nano.a(lib_a-mprec.o)
                0x00004a90                __mprec_tens
 .rodata.p05.5408
                0x00004b58        0xc c:/program files (x86)/cypress/psoc creator/4.4/psoc creator/import/gnu/arm/5.4.1/bin/../lib/gcc/arm-none-eabi/5.4.1/../../../../arm-none-eabi/lib/armv7-m\libg_nano.a(lib_a-mprec.o)
 *fill*         0x00004b64        0x4 
 .rodata.__mprec_bigtens
                0x00004b68       0x28 c:/program files (x86)/cypress/psoc creator/4.4/psoc creator/import/gnu/arm/5.4.1/bin/../lib/gcc/arm-none-eabi/5.4.1/../../../../arm-none-eabi/lib/armv7-m\libg_nano.a(lib_a-mprec.o)
                0x00004b68                __mprec_bigtens
 .rodata.str1.1
                0x00004b90       0x11 c:/program files (x86)/cypress/psoc creator/4.4/psoc creator/import/gnu/arm/5.4.1/bin/../lib/gcc/arm-none-eabi/5.4.1/../../../../arm-none-eabi/lib/armv7-m\libg_nano.a(lib_a-nano-svfprintf.o)
                0x00004ba4                . = ALIGN (0x4)
 *fill*         0x00004ba1        0x3 
 *(.init)
 .init          0x00004ba4        0x4 c:/program files (x86)/cypress/psoc creator/4.4/psoc creator/import/gnu/arm/5.4.1/bin/../lib/gcc/arm-none-eabi/5.4.1/armv7-m/crti.o
                0x00004ba4                _init
 .init          0x00004ba8        0x8 c:/program files (x86)/cypress/psoc creator/4.4/psoc creator/import/gnu/arm/5.4.1/bin/../lib/gcc/arm-none-eabi/5.4.1/armv7-m/crtn.o
                0x00004bb0                . = ALIGN (0x4)
                0x00004bb0                __preinit_array_start = .
 *(.preinit_array)
                0x00004bb0                __preinit_array_end = .
                0x00004bb0                . = ALIGN (0x4)
                0x00004bb0                __init_array_start = .
 *(SORT(.init_array.*))
 *(.init_array)
 .init_array    0x00004bb0        0x4 c:/program files (x86)/cypress/psoc creator/4.4/psoc creator/import/gnu/arm/5.4.1/bin/../lib/gcc/arm-none-eabi/5.4.1/armv7-m/crtbegin.o
 .init_array    0x00004bb4        0x4 .\CortexM3\ARM_GCC_541\Debug\Cm3Start.o
                0x00004bb8                __init_array_end = .
                0x00004bb8                . = ALIGN (0x4)
 *(.fini)
 .fini          0x00004bb8        0x4 c:/program files (x86)/cypress/psoc creator/4.4/psoc creator/import/gnu/arm/5.4.1/bin/../lib/gcc/arm-none-eabi/5.4.1/armv7-m/crti.o
                0x00004bb8                _fini
 .fini          0x00004bbc        0x8 c:/program files (x86)/cypress/psoc creator/4.4/psoc creator/import/gnu/arm/5.4.1/bin/../lib/gcc/arm-none-eabi/5.4.1/armv7-m/crtn.o
                0x00004bc4                . = ALIGN (0x4)
                0x00004bc4                __fini_array_start = .
 *(.fini_array)
 .fini_array    0x00004bc4        0x4 c:/program files (x86)/cypress/psoc creator/4.4/psoc creator/import/gnu/arm/5.4.1/bin/../lib/gcc/arm-none-eabi/5.4.1/armv7-m/crtbegin.o
 *(SORT(.fini_array.*))
                0x00004bc8                __fini_array_end = .
                0x00004bc8                . = ALIGN (0x4)
 *crtbegin.o(.ctors)
 *(EXCLUDE_FILE(*crtend.o) .ctors)
 *(SORT(.ctors.*))
 *crtend.o(.ctors)
                0x00004bc8                . = ALIGN (0x4)
 *crtbegin.o(.dtors)
 *(EXCLUDE_FILE(*crtend.o) .dtors)
 *(SORT(.dtors.*))
 *crtend.o(.dtors)
                0x00004bc8                . = ALIGN (0x4)
                0x00004bc8                __cy_regions = .
                0x00004bc8        0x4 LONG 0x4bd8 __cy_region_init_ram
                0x00004bcc        0x4 LONG 0x1fff80c8 __cy_region_start_data
                0x00004bd0        0x4 LONG 0xd8 __cy_region_init_size_ram
                0x00004bd4        0x4 LONG 0xc0 __cy_region_zero_size_ram
                0x00004bd8                __cy_regions_end = .
                0x00004bd8                . = ALIGN (0x8)
                0x00004bd8                _etext = .

.cy_checksum_exclude
                0x00004bd8        0x0
 *(.cy_checksum_exclude)

.ramvectors     0x1fff8000       0xc0
                0x1fff8000                __cy_region_start_ram = .
 *(.ramvectors)
 .ramvectors    0x1fff8000       0xc0 .\CortexM3\ARM_GCC_541\Debug\Cm3Start.o
                0x1fff8000                CyRamVectors

.noinit         0x1fff80c0        0x1
 *(.noinit)
 .noinit        0x1fff80c0        0x1 .\CortexM3\ARM_GCC_541\Debug\Desing_pf.a(CyLib.o)
                0x1fff80c0                CyResetStatus

.data           0x1fff80c8       0xd8 load address 0x00004bd8
                0x1fff80c8                __cy_region_start_data = .
 *(.jcr)
 .jcr           0x1fff80c8        0x0 c:/program files (x86)/cypress/psoc creator/4.4/psoc creator/import/gnu/arm/5.4.1/bin/../lib/gcc/arm-none-eabi/5.4.1/armv7-m/crtbegin.o
 .jcr           0x1fff80c8        0x4 c:/program files (x86)/cypress/psoc creator/4.4/psoc creator/import/gnu/arm/5.4.1/bin/../lib/gcc/arm-none-eabi/5.4.1/armv7-m/crtend.o
 *(.got.plt)
 *(.got)
 *(.shdata)
 *(.data .data.* .gnu.linkonce.d.*)
 .data          0x1fff80cc        0x8 .\CortexM3\ARM_GCC_541\Debug\main.o
                0x1fff80cc                compare
                0x1fff80ce                lectura_p
                0x1fff80d0                time
 .data          0x1fff80d4        0x4 .\CortexM3\ARM_GCC_541\Debug\Cm3Start.o
 .data          0x1fff80d8        0x8 .\CortexM3\ARM_GCC_541\Debug\Desing_pf.a(CyDmac.o)
 .data          0x1fff80e0       0x10 .\CortexM3\ARM_GCC_541\Debug\Desing_pf.a(CyLib.o)
                0x1fff80e0                cydelay_32k_ms
                0x1fff80e4                cydelay_freq_khz
                0x1fff80e8                cydelay_freq_mhz
                0x1fff80ec                cydelay_freq_hz
 .data          0x1fff80f0       0x10 .\CortexM3\ARM_GCC_541\Debug\Desing_pf.a(LED_Driver.o)
 .data          0x1fff8100        0x1 .\CortexM3\ARM_GCC_541\Debug\Desing_pf.a(LED_Driver_DMA_Com_dma.o)
                0x1fff8100                LED_Driver_DMA_Com_DmaHandle
 .data          0x1fff8101        0x1 .\CortexM3\ARM_GCC_541\Debug\Desing_pf.a(LED_Driver_DMA_Seg_dma.o)
                0x1fff8101                LED_Driver_DMA_Seg_DmaHandle
 .data          0x1fff8102        0x1 .\CortexM3\ARM_GCC_541\Debug\Desing_pf.a(ADC.o)
                0x1fff8102                ADC_Config
 .data          0x1fff8103        0x1 .\CortexM3\ARM_GCC_541\Debug\Desing_pf.a(ADC_AMux.o)
 .data.impure_data
                0x1fff8104       0x60 c:/program files (x86)/cypress/psoc creator/4.4/psoc creator/import/gnu/arm/5.4.1/bin/../lib/gcc/arm-none-eabi/5.4.1/../../../../arm-none-eabi/lib/armv7-m\libg_nano.a(lib_a-impure.o)
 .data._impure_ptr
                0x1fff8164        0x4 c:/program files (x86)/cypress/psoc creator/4.4/psoc creator/import/gnu/arm/5.4.1/bin/../lib/gcc/arm-none-eabi/5.4.1/../../../../arm-none-eabi/lib/armv7-m\libg_nano.a(lib_a-impure.o)
                0x1fff8164                _impure_ptr
 .data.lconv    0x1fff8168       0x38 c:/program files (x86)/cypress/psoc creator/4.4/psoc creator/import/gnu/arm/5.4.1/bin/../lib/gcc/arm-none-eabi/5.4.1/../../../../arm-none-eabi/lib/armv7-m\libg_nano.a(lib_a-locale.o)
                0x1fff81a0                . = ALIGN (0x8)
 *(.ram)
                0x1fff81a0                _edata = .

.igot.plt       0x1fff81a0        0x0 load address 0x00004cb0
 .igot.plt      0x1fff81a0        0x0 c:/program files (x86)/cypress/psoc creator/4.4/psoc creator/import/gnu/arm/5.4.1/bin/../lib/gcc/arm-none-eabi/5.4.1/armv7-m/crtbegin.o

.bss            0x1fff81a0       0xc0 load address 0x00004cb0
                0x1fff81a0                PROVIDE (__bss_start__, .)
 *(.shbss)
 *(.bss .bss.* .gnu.linkonce.b.*)
 .bss           0x1fff81a0       0x1c c:/program files (x86)/cypress/psoc creator/4.4/psoc creator/import/gnu/arm/5.4.1/bin/../lib/gcc/arm-none-eabi/5.4.1/armv7-m/crtbegin.o
 .bss           0x1fff81bc       0x1b .\CortexM3\ARM_GCC_541\Debug\main.o
                0x1fff81bc                timer
                0x1fff81bd                band_aumento
                0x1fff81be                band_dismi
                0x1fff81bf                lectura
                0x1fff81c0                bandera
                0x1fff81c1                band_7seg
                0x1fff81c2                mili
                0x1fff81c4                min
                0x1fff81c5                h
                0x1fff81c8                fl
                0x1fff81cc                seg
                0x1fff81cd                a_seg5
                0x1fff81ce                seg5
                0x1fff81cf                band_5seg
                0x1fff81d0                a_seg10
                0x1fff81d1                seg10
                0x1fff81d2                band_10seg
                0x1fff81d4                c
                0x1fff81d6                band_lcd
 .bss           0x1fff81d7        0x2 .\CortexM3\ARM_GCC_541\Debug\Desing_pf.a(UART_1.o)
                0x1fff81d7                UART_1_initVar
 .bss           0x1fff81d9        0x1 .\CortexM3\ARM_GCC_541\Debug\Desing_pf.a(Counter_1.o)
                0x1fff81d9                Counter_1_initVar
 .bss           0x1fff81da        0x2 .\CortexM3\ARM_GCC_541\Debug\Desing_pf.a(LCD.o)
                0x1fff81da                LCD_enableState
                0x1fff81db                LCD_initVar
 .bss           0x1fff81dc       0x17 .\CortexM3\ARM_GCC_541\Debug\Desing_pf.a(LED_Driver.o)
                0x1fff81f0                LED_Driver_enableVar
                0x1fff81f2                LED_Driver_initVar
 .bss           0x1fff81f3        0x1 .\CortexM3\ARM_GCC_541\Debug\Desing_pf.a(PWM.o)
                0x1fff81f3                PWM_initVar
 .bss           0x1fff81f4        0xc .\CortexM3\ARM_GCC_541\Debug\Desing_pf.a(ADC.o)
                0x1fff81f8                ADC_stopConversion
                0x1fff81f9                ADC_convDone
                0x1fff81fa                ADC_initVar
                0x1fff81fb                ADC_started
                0x1fff81fc                ADC_Offset
 .bss           0x1fff8200        0x1 .\CortexM3\ARM_GCC_541\Debug\Desing_pf.a(Opamp.o)
                0x1fff8200                Opamp_initVar
 *fill*         0x1fff8201        0x3 
 .bss.__malloc_sbrk_start
                0x1fff8204        0x4 c:/program files (x86)/cypress/psoc creator/4.4/psoc creator/import/gnu/arm/5.4.1/bin/../lib/gcc/arm-none-eabi/5.4.1/../../../../arm-none-eabi/lib/armv7-m\libg_nano.a(lib_a-nano-mallocr.o)
                0x1fff8204                __malloc_sbrk_start
 .bss.__malloc_free_list
                0x1fff8208        0x4 c:/program files (x86)/cypress/psoc creator/4.4/psoc creator/import/gnu/arm/5.4.1/bin/../lib/gcc/arm-none-eabi/5.4.1/../../../../arm-none-eabi/lib/armv7-m\libg_nano.a(lib_a-nano-mallocr.o)
                0x1fff8208                __malloc_free_list
 *(COMMON)
 COMMON         0x1fff820c       0x42 .\CortexM3\ARM_GCC_541\Debug\main.o
                0x1fff820c                seg_7
                0x1fff8210                en
                0x1fff8214                tem
                0x1fff8218                vol
                0x1fff821c                seggs
 *fill*         0x1fff824e        0x2 
 COMMON         0x1fff8250        0x4 .\CortexM3\ARM_GCC_541\Debug\Desing_pf.a(LED_Driver.o)
                0x1fff8250                LED_Driver_segLBuffer
 COMMON         0x1fff8254        0x4 .\CortexM3\ARM_GCC_541\Debug\Desing_pf.a(ADC.o)
                0x1fff8254                ADC_CountsPerVolt
 COMMON         0x1fff8258        0x4 c:/program files (x86)/cypress/psoc creator/4.4/psoc creator/import/gnu/arm/5.4.1/bin/../lib/gcc/arm-none-eabi/5.4.1/../../../../arm-none-eabi/lib/armv7-m\libg_nano.a(lib_a-reent.o)
                0x1fff8258                errno
                0x1fff8260                . = ALIGN (0x8)
 *fill*         0x1fff825c        0x4 
 *(.ram.b)
                0x1fff8260                _end = .
                0x1fff8260                __end = .
                0x1fff8260                PROVIDE (end, .)
                0x1fff8260                PROVIDE (__bss_end__, .)
                0x00004bd8                __cy_region_init_ram = LOADADDR (.data)
                0x000000d8                __cy_region_init_size_ram = (_edata - ADDR (.data))
                0x000000c0                __cy_region_zero_size_ram = (_end - _edata)

.heap           0x1fff8260      0x200 load address 0x00004cb0
                0x1fff8260                . = _end
                0x1fff8460                . = (. + 0x200)
 *fill*         0x1fff8260      0x200 
                0x1fff8460                __cy_heap_limit = .

.stack          0x20007800      0x800
                0x20007800                __cy_stack_limit = .
                0x20008000                . = (. + 0x800)
 *fill*         0x20007800      0x800 
                0x00000001                ASSERT ((__cy_stack_limit >= __cy_heap_limit), region RAM overflowed with stack)
                0x00000000                cy_checksum_exclude_size = (CY_APPL_LOADABLE == 0x1)?SIZEOF (.cy_checksum_exclude):0x0
                0x00000001                ASSERT ((cy_checksum_exclude_size <= CY_CHECKSUM_EXCLUDE_SIZE), CY_BOOT: Section .cy_checksum_exclude size exceedes specified limit.)

.cyloadermeta
 *(.cyloadermeta)

.cyloadablemeta
 *(.cyloadablemeta)

.cyconfigecc    0x80000000      0x65c
 *(.cyconfigecc)
 .cyconfigecc   0x80000000      0x65c .\CortexM3\ARM_GCC_541\Debug\cymetadata.o
                0x80000000                cy_meta_configecc

.cycustnvl      0x90000000        0x4
 *(.cycustnvl)
 .cycustnvl     0x90000000        0x4 .\CortexM3\ARM_GCC_541\Debug\cymetadata.o
                0x90000000                cy_meta_custnvl

.cywolatch      0x90100000        0x4
 *(.cywolatch)
 .cywolatch     0x90100000        0x4 .\CortexM3\ARM_GCC_541\Debug\cymetadata.o
                0x90100000                cy_meta_wonvl

.cyeeprom       0x90200000        0x0
 *(.cyeeprom)
                0x00000001                ASSERT ((. <= ((0x90200000 + ee_offset) + ee_size)), .cyeeprom data will not fit in EEPROM)

.cyflashprotect
                0x90400000      0x100
 *(.cyflashprotect)
 .cyflashprotect
                0x90400000      0x100 .\CortexM3\ARM_GCC_541\Debug\cymetadata.o
                0x90400000                cy_meta_flashprotect

.cymeta         0x90500000        0xc
 *(.cymeta)
 .cymeta        0x90500000        0xc .\CortexM3\ARM_GCC_541\Debug\cymetadata.o
                0x90500000                cy_metadata

.rel.dyn        0x00004cb0        0x0 load address 0x9050000c
 .rel.iplt      0x00004cb0        0x0 c:/program files (x86)/cypress/psoc creator/4.4/psoc creator/import/gnu/arm/5.4.1/bin/../lib/gcc/arm-none-eabi/5.4.1/armv7-m/crtbegin.o

.stab
 *(.stab)

.stabstr
 *(.stabstr)

.debug
 *(.debug)

.line
 *(.line)

.debug_srcinfo
 *(.debug_srcinfo)

.debug_sfnames
 *(.debug_sfnames)

.debug_aranges  0x00000000     0x1008
 *(.debug_aranges)
 .debug_aranges
                0x00000000       0x70 .\CortexM3\ARM_GCC_541\Debug\main.o
 .debug_aranges
                0x00000070       0x68 .\CortexM3\ARM_GCC_541\Debug\cyfitter_cfg.o
 .debug_aranges
                0x000000d8       0x18 .\CortexM3\ARM_GCC_541\Debug\cymetadata.o
 .debug_aranges
                0x000000f0       0x48 .\CortexM3\ARM_GCC_541\Debug\Cm3Start.o
 .debug_aranges
                0x00000138       0xf0 .\CortexM3\ARM_GCC_541\Debug\Desing_pf.a(UART_1.o)
 .debug_aranges
                0x00000228       0x80 .\CortexM3\ARM_GCC_541\Debug\Desing_pf.a(Counter_1.o)
 .debug_aranges
                0x000002a8       0x80 .\CortexM3\ARM_GCC_541\Debug\Desing_pf.a(isr_contador.o)
 .debug_aranges
                0x00000328       0x70 .\CortexM3\ARM_GCC_541\Debug\Desing_pf.a(UART_1_IntClock.o)
 .debug_aranges
                0x00000398       0xd8 .\CortexM3\ARM_GCC_541\Debug\Desing_pf.a(CyDmac.o)
 .debug_aranges
                0x00000470      0x2a0 .\CortexM3\ARM_GCC_541\Debug\Desing_pf.a(CyLib.o)
 .debug_aranges
                0x00000710       0x98 .\CortexM3\ARM_GCC_541\Debug\Desing_pf.a(cyPm.o)
 .debug_aranges
                0x000007a8       0x98 .\CortexM3\ARM_GCC_541\Debug\Desing_pf.a(LCD.o)
 .debug_aranges
                0x00000840       0x80 .\CortexM3\ARM_GCC_541\Debug\Desing_pf.a(data.o)
 .debug_aranges
                0x000008c0       0x38 .\CortexM3\ARM_GCC_541\Debug\Desing_pf.a(tilt.o)
 .debug_aranges
                0x000008f8      0x158 .\CortexM3\ARM_GCC_541\Debug\Desing_pf.a(LED_Driver.o)
 .debug_aranges
                0x00000a50       0x28 .\CortexM3\ARM_GCC_541\Debug\Desing_pf.a(LED_Driver_Com_Driver.o)
 .debug_aranges
                0x00000a78       0x28 .\CortexM3\ARM_GCC_541\Debug\Desing_pf.a(LED_Driver_DMA_Com_dma.o)
 .debug_aranges
                0x00000aa0       0x28 .\CortexM3\ARM_GCC_541\Debug\Desing_pf.a(LED_Driver_DMA_Seg_dma.o)
 .debug_aranges
                0x00000ac8       0x98 .\CortexM3\ARM_GCC_541\Debug\Desing_pf.a(PWM.o)
 .debug_aranges
                0x00000b60       0x80 .\CortexM3\ARM_GCC_541\Debug\Desing_pf.a(aum.o)
 .debug_aranges
                0x00000be0       0x80 .\CortexM3\ARM_GCC_541\Debug\Desing_pf.a(dism.o)
 .debug_aranges
                0x00000c60       0xe8 .\CortexM3\ARM_GCC_541\Debug\Desing_pf.a(ADC.o)
 .debug_aranges
                0x00000d48       0x38 .\CortexM3\ARM_GCC_541\Debug\Desing_pf.a(ADC_INT.o)
 .debug_aranges
                0x00000d80       0x80 .\CortexM3\ARM_GCC_541\Debug\Desing_pf.a(ADC_theACLK.o)
 .debug_aranges
                0x00000e00       0x40 .\CortexM3\ARM_GCC_541\Debug\Desing_pf.a(Opamp.o)
 .debug_aranges
                0x00000e40       0x30 .\CortexM3\ARM_GCC_541\Debug\Desing_pf.a(ADC_AMux.o)
 .debug_aranges
                0x00000e70       0x70 .\CortexM3\ARM_GCC_541\Debug\Desing_pf.a(ADC_Ext_CP_Clk.o)
 .debug_aranges
                0x00000ee0       0x20 .\CortexM3\ARM_GCC_541\Debug\Desing_pf.a(CyBootAsmGnu.o)
 .debug_aranges
                0x00000f00       0x88 .\CortexM3\ARM_GCC_541\Debug\Desing_pf.a(CyFlash.o)
 .debug_aranges
                0x00000f88       0x80 .\CortexM3\ARM_GCC_541\Debug\Desing_pf.a(CySpc.o)

.debug_pubnames
 *(.debug_pubnames)

.debug_info     0x00000000     0x973d
 *(.debug_info .gnu.linkonce.wi.*)
 .debug_info    0x00000000      0xa46 .\CortexM3\ARM_GCC_541\Debug\main.o
 .debug_info    0x00000a46      0x64c .\CortexM3\ARM_GCC_541\Debug\cyfitter_cfg.o
 .debug_info    0x00001092      0x138 .\CortexM3\ARM_GCC_541\Debug\cymetadata.o
 .debug_info    0x000011ca      0x3cf .\CortexM3\ARM_GCC_541\Debug\Cm3Start.o
 .debug_info    0x00001599      0x60c .\CortexM3\ARM_GCC_541\Debug\Desing_pf.a(UART_1.o)
 .debug_info    0x00001ba5      0x28d .\CortexM3\ARM_GCC_541\Debug\Desing_pf.a(Counter_1.o)
 .debug_info    0x00001e32      0x2d2 .\CortexM3\ARM_GCC_541\Debug\Desing_pf.a(isr_contador.o)
 .debug_info    0x00002104      0x283 .\CortexM3\ARM_GCC_541\Debug\Desing_pf.a(UART_1_IntClock.o)
 .debug_info    0x00002387      0x94e .\CortexM3\ARM_GCC_541\Debug\Desing_pf.a(CyDmac.o)
 .debug_info    0x00002cd5     0x1374 .\CortexM3\ARM_GCC_541\Debug\Desing_pf.a(CyLib.o)
 .debug_info    0x00004049      0xa2a .\CortexM3\ARM_GCC_541\Debug\Desing_pf.a(cyPm.o)
 .debug_info    0x00004a73      0x715 .\CortexM3\ARM_GCC_541\Debug\Desing_pf.a(LCD.o)
 .debug_info    0x00005188      0x2d2 .\CortexM3\ARM_GCC_541\Debug\Desing_pf.a(data.o)
 .debug_info    0x0000545a      0x11f .\CortexM3\ARM_GCC_541\Debug\Desing_pf.a(tilt.o)
 .debug_info    0x00005579     0x154e .\CortexM3\ARM_GCC_541\Debug\Desing_pf.a(LED_Driver.o)
 .debug_info    0x00006ac7       0xd6 .\CortexM3\ARM_GCC_541\Debug\Desing_pf.a(LED_Driver_Com_Driver.o)
 .debug_info    0x00006b9d      0x1aa .\CortexM3\ARM_GCC_541\Debug\Desing_pf.a(LED_Driver_DMA_Com_dma.o)
 .debug_info    0x00006d47      0x1a8 .\CortexM3\ARM_GCC_541\Debug\Desing_pf.a(LED_Driver_DMA_Seg_dma.o)
 .debug_info    0x00006eef      0x354 .\CortexM3\ARM_GCC_541\Debug\Desing_pf.a(PWM.o)
 .debug_info    0x00007243      0x2d2 .\CortexM3\ARM_GCC_541\Debug\Desing_pf.a(aum.o)
 .debug_info    0x00007515      0x2d2 .\CortexM3\ARM_GCC_541\Debug\Desing_pf.a(dism.o)
 .debug_info    0x000077e7      0xa1d .\CortexM3\ARM_GCC_541\Debug\Desing_pf.a(ADC.o)
 .debug_info    0x00008204       0xd3 .\CortexM3\ARM_GCC_541\Debug\Desing_pf.a(ADC_INT.o)
 .debug_info    0x000082d7      0x2c4 .\CortexM3\ARM_GCC_541\Debug\Desing_pf.a(ADC_theACLK.o)
 .debug_info    0x0000859b      0x151 .\CortexM3\ARM_GCC_541\Debug\Desing_pf.a(Opamp.o)
 .debug_info    0x000086ec      0x165 .\CortexM3\ARM_GCC_541\Debug\Desing_pf.a(ADC_AMux.o)
 .debug_info    0x00008851      0x283 .\CortexM3\ARM_GCC_541\Debug\Desing_pf.a(ADC_Ext_CP_Clk.o)
 .debug_info    0x00008ad4       0xcc .\CortexM3\ARM_GCC_541\Debug\Desing_pf.a(CyBootAsmGnu.o)
 .debug_info    0x00008ba0      0x64d .\CortexM3\ARM_GCC_541\Debug\Desing_pf.a(CyFlash.o)
 .debug_info    0x000091ed      0x550 .\CortexM3\ARM_GCC_541\Debug\Desing_pf.a(CySpc.o)

.debug_abbrev   0x00000000     0x257b
 *(.debug_abbrev)
 .debug_abbrev  0x00000000      0x189 .\CortexM3\ARM_GCC_541\Debug\main.o
 .debug_abbrev  0x00000189      0x21e .\CortexM3\ARM_GCC_541\Debug\cyfitter_cfg.o
 .debug_abbrev  0x000003a7       0x77 .\CortexM3\ARM_GCC_541\Debug\cymetadata.o
 .debug_abbrev  0x0000041e      0x1e8 .\CortexM3\ARM_GCC_541\Debug\Cm3Start.o
 .debug_abbrev  0x00000606      0x175 .\CortexM3\ARM_GCC_541\Debug\Desing_pf.a(UART_1.o)
 .debug_abbrev  0x0000077b      0x122 .\CortexM3\ARM_GCC_541\Debug\Desing_pf.a(Counter_1.o)
 .debug_abbrev  0x0000089d      0x173 .\CortexM3\ARM_GCC_541\Debug\Desing_pf.a(isr_contador.o)
 .debug_abbrev  0x00000a10      0x139 .\CortexM3\ARM_GCC_541\Debug\Desing_pf.a(UART_1_IntClock.o)
 .debug_abbrev  0x00000b49      0x1b2 .\CortexM3\ARM_GCC_541\Debug\Desing_pf.a(CyDmac.o)
 .debug_abbrev  0x00000cfb      0x254 .\CortexM3\ARM_GCC_541\Debug\Desing_pf.a(CyLib.o)
 .debug_abbrev  0x00000f4f      0x1ab .\CortexM3\ARM_GCC_541\Debug\Desing_pf.a(cyPm.o)
 .debug_abbrev  0x000010fa      0x157 .\CortexM3\ARM_GCC_541\Debug\Desing_pf.a(LCD.o)
 .debug_abbrev  0x00001251      0x173 .\CortexM3\ARM_GCC_541\Debug\Desing_pf.a(data.o)
 .debug_abbrev  0x000013c4       0x90 .\CortexM3\ARM_GCC_541\Debug\Desing_pf.a(tilt.o)
 .debug_abbrev  0x00001454      0x1d8 .\CortexM3\ARM_GCC_541\Debug\Desing_pf.a(LED_Driver.o)
 .debug_abbrev  0x0000162c       0x81 .\CortexM3\ARM_GCC_541\Debug\Desing_pf.a(LED_Driver_Com_Driver.o)
 .debug_abbrev  0x000016ad       0xcd .\CortexM3\ARM_GCC_541\Debug\Desing_pf.a(LED_Driver_DMA_Com_dma.o)
 .debug_abbrev  0x0000177a       0xcd .\CortexM3\ARM_GCC_541\Debug\Desing_pf.a(LED_Driver_DMA_Seg_dma.o)
 .debug_abbrev  0x00001847      0x133 .\CortexM3\ARM_GCC_541\Debug\Desing_pf.a(PWM.o)
 .debug_abbrev  0x0000197a      0x173 .\CortexM3\ARM_GCC_541\Debug\Desing_pf.a(aum.o)
 .debug_abbrev  0x00001aed      0x173 .\CortexM3\ARM_GCC_541\Debug\Desing_pf.a(dism.o)
 .debug_abbrev  0x00001c60      0x1cd .\CortexM3\ARM_GCC_541\Debug\Desing_pf.a(ADC.o)
 .debug_abbrev  0x00001e2d       0x42 .\CortexM3\ARM_GCC_541\Debug\Desing_pf.a(ADC_INT.o)
 .debug_abbrev  0x00001e6f      0x121 .\CortexM3\ARM_GCC_541\Debug\Desing_pf.a(ADC_theACLK.o)
 .debug_abbrev  0x00001f90       0xb2 .\CortexM3\ARM_GCC_541\Debug\Desing_pf.a(Opamp.o)
 .debug_abbrev  0x00002042       0xb1 .\CortexM3\ARM_GCC_541\Debug\Desing_pf.a(ADC_AMux.o)
 .debug_abbrev  0x000020f3      0x139 .\CortexM3\ARM_GCC_541\Debug\Desing_pf.a(ADC_Ext_CP_Clk.o)
 .debug_abbrev  0x0000222c       0x14 .\CortexM3\ARM_GCC_541\Debug\Desing_pf.a(CyBootAsmGnu.o)
 .debug_abbrev  0x00002240      0x1a7 .\CortexM3\ARM_GCC_541\Debug\Desing_pf.a(CyFlash.o)
 .debug_abbrev  0x000023e7      0x194 .\CortexM3\ARM_GCC_541\Debug\Desing_pf.a(CySpc.o)

.debug_line     0x00000000     0x3c9f
 *(.debug_line)
 .debug_line    0x00000000      0x3a8 .\CortexM3\ARM_GCC_541\Debug\main.o
 .debug_line    0x000003a8      0x215 .\CortexM3\ARM_GCC_541\Debug\cyfitter_cfg.o
 .debug_line    0x000005bd      0x141 .\CortexM3\ARM_GCC_541\Debug\cymetadata.o
 .debug_line    0x000006fe      0x241 .\CortexM3\ARM_GCC_541\Debug\Cm3Start.o
 .debug_line    0x0000093f      0x2c0 .\CortexM3\ARM_GCC_541\Debug\Desing_pf.a(UART_1.o)
 .debug_line    0x00000bff      0x15d .\CortexM3\ARM_GCC_541\Debug\Desing_pf.a(Counter_1.o)
 .debug_line    0x00000d5c      0x139 .\CortexM3\ARM_GCC_541\Debug\Desing_pf.a(isr_contador.o)
 .debug_line    0x00000e95      0x17e .\CortexM3\ARM_GCC_541\Debug\Desing_pf.a(UART_1_IntClock.o)
 .debug_line    0x00001013      0x2e4 .\CortexM3\ARM_GCC_541\Debug\Desing_pf.a(CyDmac.o)
 .debug_line    0x000012f7      0x816 .\CortexM3\ARM_GCC_541\Debug\Desing_pf.a(CyLib.o)
 .debug_line    0x00001b0d      0x367 .\CortexM3\ARM_GCC_541\Debug\Desing_pf.a(cyPm.o)
 .debug_line    0x00001e74      0x1dc .\CortexM3\ARM_GCC_541\Debug\Desing_pf.a(LCD.o)
 .debug_line    0x00002050      0x131 .\CortexM3\ARM_GCC_541\Debug\Desing_pf.a(data.o)
 .debug_line    0x00002181       0x91 .\CortexM3\ARM_GCC_541\Debug\Desing_pf.a(tilt.o)
 .debug_line    0x00002212      0x7d9 .\CortexM3\ARM_GCC_541\Debug\Desing_pf.a(LED_Driver.o)
 .debug_line    0x000029eb       0x7d .\CortexM3\ARM_GCC_541\Debug\Desing_pf.a(LED_Driver_Com_Driver.o)
 .debug_line    0x00002a68       0x8f .\CortexM3\ARM_GCC_541\Debug\Desing_pf.a(LED_Driver_DMA_Com_dma.o)
 .debug_line    0x00002af7       0x8f .\CortexM3\ARM_GCC_541\Debug\Desing_pf.a(LED_Driver_DMA_Seg_dma.o)
 .debug_line    0x00002b86      0x186 .\CortexM3\ARM_GCC_541\Debug\Desing_pf.a(PWM.o)
 .debug_line    0x00002d0c      0x130 .\CortexM3\ARM_GCC_541\Debug\Desing_pf.a(aum.o)
 .debug_line    0x00002e3c      0x131 .\CortexM3\ARM_GCC_541\Debug\Desing_pf.a(dism.o)
 .debug_line    0x00002f6d      0x364 .\CortexM3\ARM_GCC_541\Debug\Desing_pf.a(ADC.o)
 .debug_line    0x000032d1       0x80 .\CortexM3\ARM_GCC_541\Debug\Desing_pf.a(ADC_INT.o)
 .debug_line    0x00003351      0x19d .\CortexM3\ARM_GCC_541\Debug\Desing_pf.a(ADC_theACLK.o)
 .debug_line    0x000034ee       0xa8 .\CortexM3\ARM_GCC_541\Debug\Desing_pf.a(Opamp.o)
 .debug_line    0x00003596       0xac .\CortexM3\ARM_GCC_541\Debug\Desing_pf.a(ADC_AMux.o)
 .debug_line    0x00003642      0x17d .\CortexM3\ARM_GCC_541\Debug\Desing_pf.a(ADC_Ext_CP_Clk.o)
 .debug_line    0x000037bf       0x66 .\CortexM3\ARM_GCC_541\Debug\Desing_pf.a(CyBootAsmGnu.o)
 .debug_line    0x00003825      0x21a .\CortexM3\ARM_GCC_541\Debug\Desing_pf.a(CyFlash.o)
 .debug_line    0x00003a3f      0x260 .\CortexM3\ARM_GCC_541\Debug\Desing_pf.a(CySpc.o)

.debug_frame    0x00000000     0x3004
 *(.debug_frame)
 .debug_frame   0x00000000      0x134 .\CortexM3\ARM_GCC_541\Debug\main.o
 .debug_frame   0x00000134      0x104 .\CortexM3\ARM_GCC_541\Debug\cyfitter_cfg.o
 .debug_frame   0x00000238       0xb8 .\CortexM3\ARM_GCC_541\Debug\Cm3Start.o
 .debug_frame   0x000002f0      0x250 .\CortexM3\ARM_GCC_541\Debug\Desing_pf.a(UART_1.o)
 .debug_frame   0x00000540      0x104 .\CortexM3\ARM_GCC_541\Debug\Desing_pf.a(Counter_1.o)
 .debug_frame   0x00000644      0x104 .\CortexM3\ARM_GCC_541\Debug\Desing_pf.a(isr_contador.o)
 .debug_frame   0x00000748       0xe0 .\CortexM3\ARM_GCC_541\Debug\Desing_pf.a(UART_1_IntClock.o)
 .debug_frame   0x00000828      0x1f8 .\CortexM3\ARM_GCC_541\Debug\Desing_pf.a(CyDmac.o)
 .debug_frame   0x00000a20      0x738 .\CortexM3\ARM_GCC_541\Debug\Desing_pf.a(CyLib.o)
 .debug_frame   0x00001158      0x1f8 .\CortexM3\ARM_GCC_541\Debug\Desing_pf.a(cyPm.o)
 .debug_frame   0x00001350      0x1e8 .\CortexM3\ARM_GCC_541\Debug\Desing_pf.a(LCD.o)
 .debug_frame   0x00001538      0x104 .\CortexM3\ARM_GCC_541\Debug\Desing_pf.a(data.o)
 .debug_frame   0x0000163c       0x50 .\CortexM3\ARM_GCC_541\Debug\Desing_pf.a(tilt.o)
 .debug_frame   0x0000168c      0x490 .\CortexM3\ARM_GCC_541\Debug\Desing_pf.a(LED_Driver.o)
 .debug_frame   0x00001b1c       0x30 .\CortexM3\ARM_GCC_541\Debug\Desing_pf.a(LED_Driver_Com_Driver.o)
 .debug_frame   0x00001b4c       0x54 .\CortexM3\ARM_GCC_541\Debug\Desing_pf.a(LED_Driver_DMA_Com_dma.o)
 .debug_frame   0x00001ba0       0x54 .\CortexM3\ARM_GCC_541\Debug\Desing_pf.a(LED_Driver_DMA_Seg_dma.o)
 .debug_frame   0x00001bf4      0x134 .\CortexM3\ARM_GCC_541\Debug\Desing_pf.a(PWM.o)
 .debug_frame   0x00001d28      0x104 .\CortexM3\ARM_GCC_541\Debug\Desing_pf.a(aum.o)
 .debug_frame   0x00001e2c      0x104 .\CortexM3\ARM_GCC_541\Debug\Desing_pf.a(dism.o)
 .debug_frame   0x00001f30      0x290 .\CortexM3\ARM_GCC_541\Debug\Desing_pf.a(ADC.o)
 .debug_frame   0x000021c0       0x50 .\CortexM3\ARM_GCC_541\Debug\Desing_pf.a(ADC_INT.o)
 .debug_frame   0x00002210      0x100 .\CortexM3\ARM_GCC_541\Debug\Desing_pf.a(ADC_theACLK.o)
 .debug_frame   0x00002310       0x78 .\CortexM3\ARM_GCC_541\Debug\Desing_pf.a(Opamp.o)
 .debug_frame   0x00002388       0x64 .\CortexM3\ARM_GCC_541\Debug\Desing_pf.a(ADC_AMux.o)
 .debug_frame   0x000023ec       0xe0 .\CortexM3\ARM_GCC_541\Debug\Desing_pf.a(ADC_Ext_CP_Clk.o)
 .debug_frame   0x000024cc      0x194 .\CortexM3\ARM_GCC_541\Debug\Desing_pf.a(CyFlash.o)
 .debug_frame   0x00002660      0x180 .\CortexM3\ARM_GCC_541\Debug\Desing_pf.a(CySpc.o)
 .debug_frame   0x000027e0       0x20 c:/program files (x86)/cypress/psoc creator/4.4/psoc creator/import/gnu/arm/5.4.1/bin/../lib/gcc/arm-none-eabi/5.4.1/../../../../arm-none-eabi/lib/armv7-m\libg_nano.a(lib_a-errno.o)
 .debug_frame   0x00002800       0x28 c:/program files (x86)/cypress/psoc creator/4.4/psoc creator/import/gnu/arm/5.4.1/bin/../lib/gcc/arm-none-eabi/5.4.1/../../../../arm-none-eabi/lib/armv7-m\libg_nano.a(lib_a-exit.o)
 .debug_frame   0x00002828       0x2c c:/program files (x86)/cypress/psoc creator/4.4/psoc creator/import/gnu/arm/5.4.1/bin/../lib/gcc/arm-none-eabi/5.4.1/../../../../arm-none-eabi/lib/armv7-m\libg_nano.a(lib_a-init.o)
 .debug_frame   0x00002854       0x28 c:/program files (x86)/cypress/psoc creator/4.4/psoc creator/import/gnu/arm/5.4.1/bin/../lib/gcc/arm-none-eabi/5.4.1/../../../../arm-none-eabi/lib/armv7-m\libg_nano.a(lib_a-memcpy-stub.o)
 .debug_frame   0x0000287c       0x20 c:/program files (x86)/cypress/psoc creator/4.4/psoc creator/import/gnu/arm/5.4.1/bin/../lib/gcc/arm-none-eabi/5.4.1/../../../../arm-none-eabi/lib/armv7-m\libg_nano.a(lib_a-memset.o)
 .debug_frame   0x0000289c       0x8c c:/program files (x86)/cypress/psoc creator/4.4/psoc creator/import/gnu/arm/5.4.1/bin/../lib/gcc/arm-none-eabi/5.4.1/../../../../arm-none-eabi/lib/armv7-m\libg_nano.a(lib_a-nano-vfprintf_float.o)
 .debug_frame   0x00002928       0x60 c:/program files (x86)/cypress/psoc creator/4.4/psoc creator/import/gnu/arm/5.4.1/bin/../lib/gcc/arm-none-eabi/5.4.1/../../../../arm-none-eabi/lib/armv7-m\libg_nano.a(lib_a-nano-vfprintf_i.o)
 .debug_frame   0x00002988       0x70 c:/program files (x86)/cypress/psoc creator/4.4/psoc creator/import/gnu/arm/5.4.1/bin/../lib/gcc/arm-none-eabi/5.4.1/../../../../arm-none-eabi/lib/armv7-m\libg_nano.a(lib_a-sprintf.o)
 .debug_frame   0x000029f8       0x6c c:/program files (x86)/cypress/psoc creator/4.4/psoc creator/import/gnu/arm/5.4.1/bin/../lib/gcc/arm-none-eabi/5.4.1/../../../../arm-none-eabi/lib/armv7-m\libg_nano.a(lib_a-dtoa.o)
 .debug_frame   0x00002a64       0x98 c:/program files (x86)/cypress/psoc creator/4.4/psoc creator/import/gnu/arm/5.4.1/bin/../lib/gcc/arm-none-eabi/5.4.1/../../../../arm-none-eabi/lib/armv7-m\libg_nano.a(lib_a-locale.o)
 .debug_frame   0x00002afc       0x30 c:/program files (x86)/cypress/psoc creator/4.4/psoc creator/import/gnu/arm/5.4.1/bin/../lib/gcc/arm-none-eabi/5.4.1/../../../../arm-none-eabi/lib/armv7-m\libg_nano.a(lib_a-malloc.o)
 .debug_frame   0x00002b2c       0x28 c:/program files (x86)/cypress/psoc creator/4.4/psoc creator/import/gnu/arm/5.4.1/bin/../lib/gcc/arm-none-eabi/5.4.1/../../../../arm-none-eabi/lib/armv7-m\libg_nano.a(lib_a-memchr-stub.o)
 .debug_frame   0x00002b54      0x234 c:/program files (x86)/cypress/psoc creator/4.4/psoc creator/import/gnu/arm/5.4.1/bin/../lib/gcc/arm-none-eabi/5.4.1/../../../../arm-none-eabi/lib/armv7-m\libg_nano.a(lib_a-mprec.o)
 .debug_frame   0x00002d88       0x2c c:/program files (x86)/cypress/psoc creator/4.4/psoc creator/import/gnu/arm/5.4.1/bin/../lib/gcc/arm-none-eabi/5.4.1/../../../../arm-none-eabi/lib/armv7-m\libg_nano.a(lib_a-nano-callocr.o)
 .debug_frame   0x00002db4       0x38 c:/program files (x86)/cypress/psoc creator/4.4/psoc creator/import/gnu/arm/5.4.1/bin/../lib/gcc/arm-none-eabi/5.4.1/../../../../arm-none-eabi/lib/armv7-m\libg_nano.a(lib_a-nano-freer.o)
 .debug_frame   0x00002dec       0x2c c:/program files (x86)/cypress/psoc creator/4.4/psoc creator/import/gnu/arm/5.4.1/bin/../lib/gcc/arm-none-eabi/5.4.1/../../../../arm-none-eabi/lib/armv7-m\libg_nano.a(lib_a-nano-mallocr.o)
 .debug_frame   0x00002e18       0x90 c:/program files (x86)/cypress/psoc creator/4.4/psoc creator/import/gnu/arm/5.4.1/bin/../lib/gcc/arm-none-eabi/5.4.1/../../../../arm-none-eabi/lib/armv7-m\libg_nano.a(lib_a-nano-svfprintf.o)
 .debug_frame   0x00002ea8       0x2c c:/program files (x86)/cypress/psoc creator/4.4/psoc creator/import/gnu/arm/5.4.1/bin/../lib/gcc/arm-none-eabi/5.4.1/../../../../arm-none-eabi/lib/armv7-m\libg_nano.a(lib_a-sbrkr.o)
 .debug_frame   0x00002ed4       0x20 c:/program files (x86)/cypress/psoc creator/4.4/psoc creator/import/gnu/arm/5.4.1/bin/../lib/gcc/arm-none-eabi/5.4.1/../../../../arm-none-eabi/lib/armv7-m\libg_nano.a(lib_a-strcmp.o)
 .debug_frame   0x00002ef4       0x28 c:/program files (x86)/cypress/psoc creator/4.4/psoc creator/import/gnu/arm/5.4.1/bin/../lib/gcc/arm-none-eabi/5.4.1/../../../../arm-none-eabi/lib/armv7-m\libg_nano.a(lib_a-memmove.o)
 .debug_frame   0x00002f1c       0x30 c:/program files (x86)/cypress/psoc creator/4.4/psoc creator/import/gnu/arm/5.4.1/bin/../lib/gcc/arm-none-eabi/5.4.1/../../../../arm-none-eabi/lib/armv7-m\libg_nano.a(lib_a-mlock.o)
 .debug_frame   0x00002f4c       0x3c c:/program files (x86)/cypress/psoc creator/4.4/psoc creator/import/gnu/arm/5.4.1/bin/../lib/gcc/arm-none-eabi/5.4.1/../../../../arm-none-eabi/lib/armv7-m\libg_nano.a(lib_a-nano-reallocr.o)
 .debug_frame   0x00002f88       0x5c c:/program files (x86)/cypress/psoc creator/4.4/psoc creator/import/gnu/arm/5.4.1/bin/../lib/gcc/arm-none-eabi/5.4.1/../../../../arm-none-eabi/lib/armv7-m\libg_nano.a(lib_a-reent.o)
 .debug_frame   0x00002fe4       0x20 c:/program files (x86)/cypress/psoc creator/4.4/psoc creator/import/gnu/arm/5.4.1/bin/../lib/gcc/arm-none-eabi/5.4.1/../../../../arm-none-eabi/lib/armv7-m\libg_nano.a(lib_a-nano-msizer.o)

.debug_str      0x00000000     0x33b6
 *(.debug_str)
 .debug_str     0x00000000      0x46a .\CortexM3\ARM_GCC_541\Debug\main.o
                                0x4d3 (size before relaxing)
 .debug_str     0x0000046a      0x1c6 .\CortexM3\ARM_GCC_541\Debug\cyfitter_cfg.o
                                0x397 (size before relaxing)
 .debug_str     0x00000630       0x75 .\CortexM3\ARM_GCC_541\Debug\cymetadata.o
                                0x220 (size before relaxing)
 .debug_str     0x000006a5      0x154 .\CortexM3\ARM_GCC_541\Debug\Cm3Start.o
                                0x356 (size before relaxing)
 .debug_str     0x000007f9      0x2e5 .\CortexM3\ARM_GCC_541\Debug\Desing_pf.a(UART_1.o)
                                0x4ef (size before relaxing)
 .debug_str     0x00000ade      0x165 .\CortexM3\ARM_GCC_541\Debug\Desing_pf.a(Counter_1.o)
                                0x353 (size before relaxing)
 .debug_str     0x00000c43      0x14b .\CortexM3\ARM_GCC_541\Debug\Desing_pf.a(isr_contador.o)
                                0x344 (size before relaxing)
 .debug_str     0x00000d8e      0x19d .\CortexM3\ARM_GCC_541\Debug\Desing_pf.a(UART_1_IntClock.o)
                                0x38a (size before relaxing)
 .debug_str     0x00000f2b      0x33f .\CortexM3\ARM_GCC_541\Debug\Desing_pf.a(CyDmac.o)
                                0x586 (size before relaxing)
 .debug_str     0x0000126a      0x7ea .\CortexM3\ARM_GCC_541\Debug\Desing_pf.a(CyLib.o)
                                0xa83 (size before relaxing)
 .debug_str     0x00001a54      0x365 .\CortexM3\ARM_GCC_541\Debug\Desing_pf.a(cyPm.o)
                                0x76f (size before relaxing)
 .debug_str     0x00001db9      0x11a .\CortexM3\ARM_GCC_541\Debug\Desing_pf.a(LCD.o)
                                0x367 (size before relaxing)
 .debug_str     0x00001ed3       0xcb .\CortexM3\ARM_GCC_541\Debug\Desing_pf.a(data.o)
                                0x2d4 (size before relaxing)
 .debug_str     0x00001f9e       0x4c .\CortexM3\ARM_GCC_541\Debug\Desing_pf.a(tilt.o)
                                0x219 (size before relaxing)
 .debug_str     0x00001fea      0x6ce .\CortexM3\ARM_GCC_541\Debug\Desing_pf.a(LED_Driver.o)
                                0xa00 (size before relaxing)
 .debug_str     0x000026b8       0x4a .\CortexM3\ARM_GCC_541\Debug\Desing_pf.a(LED_Driver_Com_Driver.o)
                                0x21b (size before relaxing)
 .debug_str     0x00002702       0xa6 .\CortexM3\ARM_GCC_541\Debug\Desing_pf.a(LED_Driver_DMA_Com_dma.o)
                                0x2dc (size before relaxing)
 .debug_str     0x000027a8       0x6b .\CortexM3\ARM_GCC_541\Debug\Desing_pf.a(LED_Driver_DMA_Seg_dma.o)
                                0x2dc (size before relaxing)
 .debug_str     0x00002813      0x13e .\CortexM3\ARM_GCC_541\Debug\Desing_pf.a(PWM.o)
                                0x374 (size before relaxing)
 .debug_str     0x00002951       0xbe .\CortexM3\ARM_GCC_541\Debug\Desing_pf.a(aum.o)
                                0x2c6 (size before relaxing)
 .debug_str     0x00002a0f       0xcb .\CortexM3\ARM_GCC_541\Debug\Desing_pf.a(dism.o)
                                0x2d4 (size before relaxing)
 .debug_str     0x00002ada      0x2f3 .\CortexM3\ARM_GCC_541\Debug\Desing_pf.a(ADC.o)
                                0x605 (size before relaxing)
 .debug_str     0x00002dcd       0x45 .\CortexM3\ARM_GCC_541\Debug\Desing_pf.a(ADC_INT.o)
                                0x1fc (size before relaxing)
 .debug_str     0x00002e12      0x14f .\CortexM3\ARM_GCC_541\Debug\Desing_pf.a(ADC_theACLK.o)
                                0x39d (size before relaxing)
 .debug_str     0x00002f61       0x65 .\CortexM3\ARM_GCC_541\Debug\Desing_pf.a(Opamp.o)
                                0x233 (size before relaxing)
 .debug_str     0x00002fc6       0x5f .\CortexM3\ARM_GCC_541\Debug\Desing_pf.a(ADC_AMux.o)
                                0x23b (size before relaxing)
 .debug_str     0x00003025      0x12a .\CortexM3\ARM_GCC_541\Debug\Desing_pf.a(ADC_Ext_CP_Clk.o)
                                0x37e (size before relaxing)
 .debug_str     0x0000314f      0x1bb .\CortexM3\ARM_GCC_541\Debug\Desing_pf.a(CyFlash.o)
                                0x3fc (size before relaxing)
 .debug_str     0x0000330a       0xac .\CortexM3\ARM_GCC_541\Debug\Desing_pf.a(CySpc.o)
                                0x374 (size before relaxing)

.debug_loc      0x00000000     0x51b1
 *(.debug_loc)
 .debug_loc     0x00000000       0xd2 .\CortexM3\ARM_GCC_541\Debug\main.o
 .debug_loc     0x000000d2      0x219 .\CortexM3\ARM_GCC_541\Debug\cyfitter_cfg.o
 .debug_loc     0x000002eb      0x144 .\CortexM3\ARM_GCC_541\Debug\Cm3Start.o
 .debug_loc     0x0000042f      0x258 .\CortexM3\ARM_GCC_541\Debug\Desing_pf.a(UART_1.o)
 .debug_loc     0x00000687       0x21 .\CortexM3\ARM_GCC_541\Debug\Desing_pf.a(Counter_1.o)
 .debug_loc     0x000006a8       0x56 .\CortexM3\ARM_GCC_541\Debug\Desing_pf.a(isr_contador.o)
 .debug_loc     0x000006fe      0x128 .\CortexM3\ARM_GCC_541\Debug\Desing_pf.a(UART_1_IntClock.o)
 .debug_loc     0x00000826      0xb8e .\CortexM3\ARM_GCC_541\Debug\Desing_pf.a(CyDmac.o)
 .debug_loc     0x000013b4      0xa11 .\CortexM3\ARM_GCC_541\Debug\Desing_pf.a(CyLib.o)
 .debug_loc     0x00001dc5      0x1e4 .\CortexM3\ARM_GCC_541\Debug\Desing_pf.a(cyPm.o)
 .debug_loc     0x00001fa9      0x3c6 .\CortexM3\ARM_GCC_541\Debug\Desing_pf.a(LCD.o)
 .debug_loc     0x0000236f       0x56 .\CortexM3\ARM_GCC_541\Debug\Desing_pf.a(data.o)
 .debug_loc     0x000023c5       0x42 .\CortexM3\ARM_GCC_541\Debug\Desing_pf.a(tilt.o)
 .debug_loc     0x00002407     0x1752 .\CortexM3\ARM_GCC_541\Debug\Desing_pf.a(LED_Driver.o)
 .debug_loc     0x00003b59       0x84 .\CortexM3\ARM_GCC_541\Debug\Desing_pf.a(LED_Driver_DMA_Com_dma.o)
 .debug_loc     0x00003bdd       0x84 .\CortexM3\ARM_GCC_541\Debug\Desing_pf.a(LED_Driver_DMA_Seg_dma.o)
 .debug_loc     0x00003c61       0x26 .\CortexM3\ARM_GCC_541\Debug\Desing_pf.a(PWM.o)
 .debug_loc     0x00003c87       0x56 .\CortexM3\ARM_GCC_541\Debug\Desing_pf.a(aum.o)
 .debug_loc     0x00003cdd       0x56 .\CortexM3\ARM_GCC_541\Debug\Desing_pf.a(dism.o)
 .debug_loc     0x00003d33      0x6c1 .\CortexM3\ARM_GCC_541\Debug\Desing_pf.a(ADC.o)
 .debug_loc     0x000043f4      0x14d .\CortexM3\ARM_GCC_541\Debug\Desing_pf.a(ADC_theACLK.o)
 .debug_loc     0x00004541       0x21 .\CortexM3\ARM_GCC_541\Debug\Desing_pf.a(Opamp.o)
 .debug_loc     0x00004562       0x6c .\CortexM3\ARM_GCC_541\Debug\Desing_pf.a(ADC_AMux.o)
 .debug_loc     0x000045ce      0x12c .\CortexM3\ARM_GCC_541\Debug\Desing_pf.a(ADC_Ext_CP_Clk.o)
 .debug_loc     0x000046fa      0x3b2 .\CortexM3\ARM_GCC_541\Debug\Desing_pf.a(CyFlash.o)
 .debug_loc     0x00004aac      0x705 .\CortexM3\ARM_GCC_541\Debug\Desing_pf.a(CySpc.o)

.debug_macinfo
 *(.debug_macinfo)

.debug_ranges   0x00000000      0xe10
 *(.debug_ranges)
 .debug_ranges  0x00000000       0x60 .\CortexM3\ARM_GCC_541\Debug\main.o
 .debug_ranges  0x00000060       0x58 .\CortexM3\ARM_GCC_541\Debug\cyfitter_cfg.o
 .debug_ranges  0x000000b8       0x38 .\CortexM3\ARM_GCC_541\Debug\Cm3Start.o
 .debug_ranges  0x000000f0       0xe0 .\CortexM3\ARM_GCC_541\Debug\Desing_pf.a(UART_1.o)
 .debug_ranges  0x000001d0       0x70 .\CortexM3\ARM_GCC_541\Debug\Desing_pf.a(Counter_1.o)
 .debug_ranges  0x00000240       0x70 .\CortexM3\ARM_GCC_541\Debug\Desing_pf.a(isr_contador.o)
 .debug_ranges  0x000002b0       0x60 .\CortexM3\ARM_GCC_541\Debug\Desing_pf.a(UART_1_IntClock.o)
 .debug_ranges  0x00000310       0xc8 .\CortexM3\ARM_GCC_541\Debug\Desing_pf.a(CyDmac.o)
 .debug_ranges  0x000003d8      0x290 .\CortexM3\ARM_GCC_541\Debug\Desing_pf.a(CyLib.o)
 .debug_ranges  0x00000668       0x88 .\CortexM3\ARM_GCC_541\Debug\Desing_pf.a(cyPm.o)
 .debug_ranges  0x000006f0       0x88 .\CortexM3\ARM_GCC_541\Debug\Desing_pf.a(LCD.o)
 .debug_ranges  0x00000778       0x70 .\CortexM3\ARM_GCC_541\Debug\Desing_pf.a(data.o)
 .debug_ranges  0x000007e8       0x28 .\CortexM3\ARM_GCC_541\Debug\Desing_pf.a(tilt.o)
 .debug_ranges  0x00000810      0x148 .\CortexM3\ARM_GCC_541\Debug\Desing_pf.a(LED_Driver.o)
 .debug_ranges  0x00000958       0x18 .\CortexM3\ARM_GCC_541\Debug\Desing_pf.a(LED_Driver_Com_Driver.o)
 .debug_ranges  0x00000970       0x18 .\CortexM3\ARM_GCC_541\Debug\Desing_pf.a(LED_Driver_DMA_Com_dma.o)
 .debug_ranges  0x00000988       0x18 .\CortexM3\ARM_GCC_541\Debug\Desing_pf.a(LED_Driver_DMA_Seg_dma.o)
 .debug_ranges  0x000009a0       0x88 .\CortexM3\ARM_GCC_541\Debug\Desing_pf.a(PWM.o)
 .debug_ranges  0x00000a28       0x70 .\CortexM3\ARM_GCC_541\Debug\Desing_pf.a(aum.o)
 .debug_ranges  0x00000a98       0x70 .\CortexM3\ARM_GCC_541\Debug\Desing_pf.a(dism.o)
 .debug_ranges  0x00000b08       0xd8 .\CortexM3\ARM_GCC_541\Debug\Desing_pf.a(ADC.o)
 .debug_ranges  0x00000be0       0x28 .\CortexM3\ARM_GCC_541\Debug\Desing_pf.a(ADC_INT.o)
 .debug_ranges  0x00000c08       0x70 .\CortexM3\ARM_GCC_541\Debug\Desing_pf.a(ADC_theACLK.o)
 .debug_ranges  0x00000c78       0x30 .\CortexM3\ARM_GCC_541\Debug\Desing_pf.a(Opamp.o)
 .debug_ranges  0x00000ca8       0x20 .\CortexM3\ARM_GCC_541\Debug\Desing_pf.a(ADC_AMux.o)
 .debug_ranges  0x00000cc8       0x60 .\CortexM3\ARM_GCC_541\Debug\Desing_pf.a(ADC_Ext_CP_Clk.o)
 .debug_ranges  0x00000d28       0x78 .\CortexM3\ARM_GCC_541\Debug\Desing_pf.a(CyFlash.o)
 .debug_ranges  0x00000da0       0x70 .\CortexM3\ARM_GCC_541\Debug\Desing_pf.a(CySpc.o)

.comment        0x00000000       0x6e
 .comment       0x00000000       0x6e .\CortexM3\ARM_GCC_541\Debug\main.o
                                 0x6f (size before relaxing)
 .comment       0x0000006e       0x6f .\CortexM3\ARM_GCC_541\Debug\cyfitter_cfg.o
 .comment       0x0000006e       0x6f .\CortexM3\ARM_GCC_541\Debug\cymetadata.o
 .comment       0x0000006e       0x6f .\CortexM3\ARM_GCC_541\Debug\Cm3Start.o
 .comment       0x0000006e       0x6f .\CortexM3\ARM_GCC_541\Debug\Desing_pf.a(UART_1.o)
 .comment       0x0000006e       0x6f .\CortexM3\ARM_GCC_541\Debug\Desing_pf.a(Counter_1.o)
 .comment       0x0000006e       0x6f .\CortexM3\ARM_GCC_541\Debug\Desing_pf.a(isr_contador.o)
 .comment       0x0000006e       0x6f .\CortexM3\ARM_GCC_541\Debug\Desing_pf.a(UART_1_IntClock.o)
 .comment       0x0000006e       0x6f .\CortexM3\ARM_GCC_541\Debug\Desing_pf.a(CyDmac.o)
 .comment       0x0000006e       0x6f .\CortexM3\ARM_GCC_541\Debug\Desing_pf.a(CyLib.o)
 .comment       0x0000006e       0x6f .\CortexM3\ARM_GCC_541\Debug\Desing_pf.a(cyPm.o)
 .comment       0x0000006e       0x6f .\CortexM3\ARM_GCC_541\Debug\Desing_pf.a(LCD.o)
 .comment       0x0000006e       0x6f .\CortexM3\ARM_GCC_541\Debug\Desing_pf.a(data.o)
 .comment       0x0000006e       0x6f .\CortexM3\ARM_GCC_541\Debug\Desing_pf.a(tilt.o)
 .comment       0x0000006e       0x6f .\CortexM3\ARM_GCC_541\Debug\Desing_pf.a(LED_Driver.o)
 .comment       0x0000006e       0x6f .\CortexM3\ARM_GCC_541\Debug\Desing_pf.a(LED_Driver_Com_Driver.o)
 .comment       0x0000006e       0x6f .\CortexM3\ARM_GCC_541\Debug\Desing_pf.a(LED_Driver_DMA_Com_dma.o)
 .comment       0x0000006e       0x6f .\CortexM3\ARM_GCC_541\Debug\Desing_pf.a(LED_Driver_DMA_Seg_dma.o)
 .comment       0x0000006e       0x6f .\CortexM3\ARM_GCC_541\Debug\Desing_pf.a(PWM.o)
 .comment       0x0000006e       0x6f .\CortexM3\ARM_GCC_541\Debug\Desing_pf.a(aum.o)
 .comment       0x0000006e       0x6f .\CortexM3\ARM_GCC_541\Debug\Desing_pf.a(dism.o)
 .comment       0x0000006e       0x6f .\CortexM3\ARM_GCC_541\Debug\Desing_pf.a(ADC.o)
 .comment       0x0000006e       0x6f .\CortexM3\ARM_GCC_541\Debug\Desing_pf.a(ADC_INT.o)
 .comment       0x0000006e       0x6f .\CortexM3\ARM_GCC_541\Debug\Desing_pf.a(ADC_theACLK.o)
 .comment       0x0000006e       0x6f .\CortexM3\ARM_GCC_541\Debug\Desing_pf.a(Opamp.o)
 .comment       0x0000006e       0x6f .\CortexM3\ARM_GCC_541\Debug\Desing_pf.a(ADC_AMux.o)
 .comment       0x0000006e       0x6f .\CortexM3\ARM_GCC_541\Debug\Desing_pf.a(ADC_Ext_CP_Clk.o)
 .comment       0x0000006e       0x6f .\CortexM3\ARM_GCC_541\Debug\Desing_pf.a(CyFlash.o)
 .comment       0x0000006e       0x6f .\CortexM3\ARM_GCC_541\Debug\Desing_pf.a(CySpc.o)

.debug_weaknames
 *(.debug_weaknames)

.debug_funcnames
 *(.debug_funcnames)

.debug_typenames
 *(.debug_typenames)

.debug_varnames
 *(.debug_varnames)

.note.gnu.arm.ident
 *(.note.gnu.arm.ident)

.ARM.attributes
                0x00000000       0x29
 *(.ARM.attributes)
 .ARM.attributes
                0x00000000       0x1d c:/program files (x86)/cypress/psoc creator/4.4/psoc creator/import/gnu/arm/5.4.1/bin/../lib/gcc/arm-none-eabi/5.4.1/armv7-m/crti.o
 .ARM.attributes
                0x0000001d       0x2d c:/program files (x86)/cypress/psoc creator/4.4/psoc creator/import/gnu/arm/5.4.1/bin/../lib/gcc/arm-none-eabi/5.4.1/armv7-m/crtbegin.o
 .ARM.attributes
                0x0000004a       0x1b c:/program files (x86)/cypress/psoc creator/4.4/psoc creator/import/gnu/arm/5.4.1/bin/../lib/gcc/arm-none-eabi/5.4.1/../../../../arm-none-eabi/lib/armv7-m/crt0.o
 .ARM.attributes
                0x00000065       0x33 .\CortexM3\ARM_GCC_541\Debug\main.o
 .ARM.attributes
                0x00000098       0x33 .\CortexM3\ARM_GCC_541\Debug\cyfitter_cfg.o
 .ARM.attributes
                0x000000cb       0x33 .\CortexM3\ARM_GCC_541\Debug\cymetadata.o
 .ARM.attributes
                0x000000fe       0x33 .\CortexM3\ARM_GCC_541\Debug\Cm3Start.o
 .ARM.attributes
                0x00000131       0x33 .\CortexM3\ARM_GCC_541\Debug\Desing_pf.a(UART_1.o)
 .ARM.attributes
                0x00000164       0x33 .\CortexM3\ARM_GCC_541\Debug\Desing_pf.a(Counter_1.o)
 .ARM.attributes
                0x00000197       0x33 .\CortexM3\ARM_GCC_541\Debug\Desing_pf.a(isr_contador.o)
 .ARM.attributes
                0x000001ca       0x33 .\CortexM3\ARM_GCC_541\Debug\Desing_pf.a(UART_1_IntClock.o)
 .ARM.attributes
                0x000001fd       0x33 .\CortexM3\ARM_GCC_541\Debug\Desing_pf.a(CyDmac.o)
 .ARM.attributes
                0x00000230       0x33 .\CortexM3\ARM_GCC_541\Debug\Desing_pf.a(CyLib.o)
 .ARM.attributes
                0x00000263       0x33 .\CortexM3\ARM_GCC_541\Debug\Desing_pf.a(cyPm.o)
 .ARM.attributes
                0x00000296       0x33 .\CortexM3\ARM_GCC_541\Debug\Desing_pf.a(LCD.o)
 .ARM.attributes
                0x000002c9       0x33 .\CortexM3\ARM_GCC_541\Debug\Desing_pf.a(data.o)
 .ARM.attributes
                0x000002fc       0x33 .\CortexM3\ARM_GCC_541\Debug\Desing_pf.a(tilt.o)
 .ARM.attributes
                0x0000032f       0x33 .\CortexM3\ARM_GCC_541\Debug\Desing_pf.a(LED_Driver.o)
 .ARM.attributes
                0x00000362       0x33 .\CortexM3\ARM_GCC_541\Debug\Desing_pf.a(LED_Driver_Com_Driver.o)
 .ARM.attributes
                0x00000395       0x33 .\CortexM3\ARM_GCC_541\Debug\Desing_pf.a(LED_Driver_DMA_Com_dma.o)
 .ARM.attributes