Archive member included to satisfy reference by file (symbol)

.\CortexM3\ARM_GCC_541\Debug\Desing_pf.a(UART_1.o)
                              .\CortexM3\ARM_GCC_541\Debug\main.o (UART_1_Start)
.\CortexM3\ARM_GCC_541\Debug\Desing_pf.a(Counter_1.o)
                              .\CortexM3\ARM_GCC_541\Debug\main.o (Counter_1_Start)
.\CortexM3\ARM_GCC_541\Debug\Desing_pf.a(isr_contador.o)
                              .\CortexM3\ARM_GCC_541\Debug\main.o (isr_contador_StartEx)
.\CortexM3\ARM_GCC_541\Debug\Desing_pf.a(UART_1_IntClock.o)
                              .\CortexM3\ARM_GCC_541\Debug\Desing_pf.a(UART_1.o) (UART_1_IntClock_Start)
.\CortexM3\ARM_GCC_541\Debug\Desing_pf.a(CyDmac.o)
                              .\CortexM3\ARM_GCC_541\Debug\Cm3Start.o (CyDmacConfigure)
.\CortexM3\ARM_GCC_541\Debug\Desing_pf.a(CyLib.o)
                              .\CortexM3\ARM_GCC_541\Debug\Cm3Start.o (CyHalt)
.\CortexM3\ARM_GCC_541\Debug\Desing_pf.a(cyPm.o)
                              .\CortexM3\ARM_GCC_541\Debug\Desing_pf.a(CyLib.o) (CyPmReadStatus)
.\CortexM3\ARM_GCC_541\Debug\Desing_pf.a(LCD.o)
                              .\CortexM3\ARM_GCC_541\Debug\main.o (LCD_PrintString)
.\CortexM3\ARM_GCC_541\Debug\Desing_pf.a(data.o)
                              .\CortexM3\ARM_GCC_541\Debug\main.o (data_StartEx)
.\CortexM3\ARM_GCC_541\Debug\Desing_pf.a(tilt.o)
                              .\CortexM3\ARM_GCC_541\Debug\main.o (tilt_Write)
.\CortexM3\ARM_GCC_541\Debug\Desing_pf.a(LED_Driver.o)
                              .\CortexM3\ARM_GCC_541\Debug\main.o (LED_Driver_SetRC)
.\CortexM3\ARM_GCC_541\Debug\Desing_pf.a(LED_Driver_Com_Driver.o)
                              .\CortexM3\ARM_GCC_541\Debug\Desing_pf.a(LED_Driver.o) (LED_Driver_Com_Driver_Write)
.\CortexM3\ARM_GCC_541\Debug\Desing_pf.a(LED_Driver_DMA_Com_dma.o)
                              .\CortexM3\ARM_GCC_541\Debug\Desing_pf.a(LED_Driver.o) (LED_Driver_DMA_Com_DmaInitialize)
.\CortexM3\ARM_GCC_541\Debug\Desing_pf.a(LED_Driver_DMA_Seg_dma.o)
                              .\CortexM3\ARM_GCC_541\Debug\Desing_pf.a(LED_Driver.o) (LED_Driver_DMA_Seg_DmaInitialize)
.\CortexM3\ARM_GCC_541\Debug\Desing_pf.a(PWM.o)
                              .\CortexM3\ARM_GCC_541\Debug\main.o (PWM_WriteCompare)
.\CortexM3\ARM_GCC_541\Debug\Desing_pf.a(aum.o)
                              .\CortexM3\ARM_GCC_541\Debug\main.o (aum_StartEx)
.\CortexM3\ARM_GCC_541\Debug\Desing_pf.a(dism.o)
                              .\CortexM3\ARM_GCC_541\Debug\main.o (dism_StartEx)
.\CortexM3\ARM_GCC_541\Debug\Desing_pf.a(aviso.o)
                              .\CortexM3\ARM_GCC_541\Debug\main.o (aviso_Write)
.\CortexM3\ARM_GCC_541\Debug\Desing_pf.a(ADC.o)
                              .\CortexM3\ARM_GCC_541\Debug\main.o (ADC_Start)
.\CortexM3\ARM_GCC_541\Debug\Desing_pf.a(ADC_INT.o)
                              .\CortexM3\ARM_GCC_541\Debug\Desing_pf.a(ADC.o) (ADC_ISR)
.\CortexM3\ARM_GCC_541\Debug\Desing_pf.a(ADC_theACLK.o)
                              .\CortexM3\ARM_GCC_541\Debug\Desing_pf.a(ADC.o) (ADC_theACLK_SetModeRegister)
.\CortexM3\ARM_GCC_541\Debug\Desing_pf.a(Opamp.o)
                              .\CortexM3\ARM_GCC_541\Debug\main.o (Opamp_Start)
.\CortexM3\ARM_GCC_541\Debug\Desing_pf.a(CyBootAsmGnu.o)
                              .\CortexM3\ARM_GCC_541\Debug\cyfitter_cfg.o (CyDelayCycles)
.\CortexM3\ARM_GCC_541\Debug\Desing_pf.a(CyFlash.o)
                              .\CortexM3\ARM_GCC_541\Debug\Desing_pf.a(cyPm.o) (CyFlash_SetWaitCycles)
.\CortexM3\ARM_GCC_541\Debug\Desing_pf.a(CySpc.o)
                              .\CortexM3\ARM_GCC_541\Debug\Desing_pf.a(CyFlash.o) (CySpcStart)
c:/program files (x86)/cypress/psoc creator/4.4/psoc creator/import/gnu/arm/5.4.1/bin/../lib/gcc/arm-none-eabi/5.4.1/armv7-m\libgcc.a(_arm_addsubdf3.o)
                              .\CortexM3\ARM_GCC_541\Debug\main.o (__aeabi_dsub)
c:/program files (x86)/cypress/psoc creator/4.4/psoc creator/import/gnu/arm/5.4.1/bin/../lib/gcc/arm-none-eabi/5.4.1/armv7-m\libgcc.a(_arm_muldivdf3.o)
                              .\CortexM3\ARM_GCC_541\Debug\main.o (__aeabi_ddiv)
c:/program files (x86)/cypress/psoc creator/4.4/psoc creator/import/gnu/arm/5.4.1/bin/../lib/gcc/arm-none-eabi/5.4.1/armv7-m\libgcc.a(_arm_truncdfsf2.o)
                              .\CortexM3\ARM_GCC_541\Debug\main.o (__aeabi_d2f)
c:/program files (x86)/cypress/psoc creator/4.4/psoc creator/import/gnu/arm/5.4.1/bin/../lib/gcc/arm-none-eabi/5.4.1/armv7-m\libgcc.a(_arm_addsubsf3.o)
                              .\CortexM3\ARM_GCC_541\Debug\Desing_pf.a(ADC.o) (__aeabi_i2f)
c:/program files (x86)/cypress/psoc creator/4.4/psoc creator/import/gnu/arm/5.4.1/bin/../lib/gcc/arm-none-eabi/5.4.1/armv7-m\libgcc.a(_arm_muldivsf3.o)
                              .\CortexM3\ARM_GCC_541\Debug\Desing_pf.a(ADC.o) (__aeabi_fmul)
[...]
Memory Configuration

Name             Origin             Length             Attributes
rom              0x00000000         0x00040000         xr
ram              0x1fff8000         0x00010000         xrw
*default*        0x00000000         0xffffffff

Linker script and memory map

LOAD c:/program files (x86)/cypress/psoc creator/4.4/psoc creator/import/gnu/arm/5.4.1/bin/../lib/gcc/arm-none-eabi/5.4.1/armv7-m/crti.o
LOAD c:/program files (x86)/cypress/psoc creator/4.4/psoc creator/import/gnu/arm/5.4.1/bin/../lib/gcc/arm-none-eabi/5.4.1/armv7-m/crtbegin.o
LOAD c:/program files (x86)/cypress/psoc creator/4.4/psoc creator/import/gnu/arm/5.4.1/bin/../lib/gcc/arm-none-eabi/5.4.1/../../../../arm-none-eabi/lib/armv7-m/crt0.o
START GROUP
LOAD .\CortexM3\ARM_GCC_541\Debug\main.o
LOAD .\CortexM3\ARM_GCC_541\Debug\cyfitter_cfg.o
LOAD .\CortexM3\ARM_GCC_541\Debug\cymetadata.o
LOAD .\CortexM3\ARM_GCC_541\Debug\Cm3Start.o
LOAD .\CortexM3\ARM_GCC_541\Debug\Desing_pf.a
LOAD C:\Program Files (x86)\Cypress\PSoC Creator\4.4\PSoC Creator\psoc\content\cycomponentlibrary\CyComponentLibrary.cylib\CortexM3\ARM_GCC_541\Debug\CyComponentLibrary.a
END GROUP
START GROUP
LOAD c:/program files (x86)/cypress/psoc creator/4.4/psoc creator/import/gnu/arm/5.4.1/bin/../lib/gcc/arm-none-eabi/5.4.1/armv7-m\libgcc.a
LOAD c:/program files (x86)/cypress/psoc creator/4.4/psoc creator/import/gnu/arm/5.4.1/bin/../lib/gcc/arm-none-eabi/5.4.1/../../../../arm-none-eabi/lib/armv7-m\libg_nano.a
LOAD c:/program files (x86)/cypress/psoc creator/4.4/psoc creator/import/gnu/arm/5.4.1/bin/../lib/gcc/arm-none-eabi/5.4.1/../../../../arm-none-eabi/lib/armv7-m\libc_nano.a
END GROUP
START GROUP
LOAD c:/program files (x86)/cypress/psoc creator/4.4/psoc creator/import/gnu/arm/5.4.1/bin/../lib/gcc/arm-none-eabi/5.4.1/armv7-m\libgcc.a
LOAD c:/program files (x86)/cypress/psoc creator/4.4/psoc creator/import/gnu/arm/5.4.1/bin/../lib/gcc/arm-none-eabi/5.4.1/../../../../arm-none-eabi/lib/armv7-m\libc_nano.a
END GROUP
LOAD c:/program files (x86)/cypress/psoc creator/4.4/psoc creator/import/gnu/arm/5.4.1/bin/../lib/gcc/arm-none-eabi/5.4.1/armv7-m/crtend.o
LOAD c:/program files (x86)/cypress/psoc creator/4.4/psoc creator/import/gnu/arm/5.4.1/bin/../lib/gcc/arm-none-eabi/5.4.1/armv7-m/crtn.o
START GROUP
LOAD c:/program files (x86)/cypress/psoc creator/4.4/psoc creator/import/gnu/arm/5.4.1/bin/../lib/gcc/arm-none-eabi/5.4.1/armv7-m\libgcc.a
LOAD c:/program files (x86)/cypress/psoc creator/4.4/psoc creator/import/gnu/arm/5.4.1/bin/../lib/gcc/arm-none-eabi/5.4.1/../../../../arm-none-eabi/lib/armv7-m\libc.a
LOAD c:/program files (x86)/cypress/psoc creator/4.4/psoc creator/import/gnu/arm/5.4.1/bin/../lib/gcc/arm-none-eabi/5.4.1/../../../../arm-none-eabi/lib/armv7-m\libnosys.a
END GROUP
                0x00000000                CY_APPL_ORIGIN = 0x0
                0x00000100                CY_FLASH_ROW_SIZE = 0x100
                0x00000020                CY_ECC_ROW_SIZE = 0x20
                0x00000000                CY_EE_IN_BTLDR = 0x0
                0x00000000                CY_APPL_LOADABLE = 0x0
                0x00000800                CY_EE_SIZE = 0x800
                0x00000001                CY_APPL_NUM = 0x1
                0x00000001                CY_APPL_MAX = 0x1
                0x00000040                CY_METADATA_SIZE = 0x40
                0x00000000                CY_APPL_LOADABLE = 0x0
                0x00000000                CY_CHECKSUM_EXCLUDE_SIZE = ALIGN (0x0, CY_FLASH_ROW_SIZE)
                [!provide]                PROVIDE (__cy_heap_start, _end)
                0x00000001                PROVIDE (__cy_region_num, ((__cy_regions_end - __cy_regions) / 0x10))
                0x20008000                PROVIDE (__cy_stack, (ORIGIN (ram) + LENGTH (ram)))
                [!provide]                PROVIDE (__cy_heap_end, (__cy_stack - 0x800))

.cybootloader   0x00000000        0x0
 *(.cybootloader)
                0x00000000                appl1_start = CY_APPL_ORIGIN?CY_APPL_ORIGIN:ALIGN (CY_FLASH_ROW_SIZE)
                0x0001ff00                appl2_start = (appl1_start + ALIGN ((((LENGTH (rom) - appl1_start) - (0x2 * CY_FLASH_ROW_SIZE)) / 0x2), CY_FLASH_ROW_SIZE))
                0x00000000                appl_start = (CY_APPL_NUM == 0x1)?appl1_start:appl2_start
                0x00000000                ecc_offset = ((appl_start / CY_FLASH_ROW_SIZE) * CY_ECC_ROW_SIZE)
                0x00000000                ee_offset = (CY_APPL_LOADABLE && ! (CY_EE_IN_BTLDR))?((CY_EE_SIZE / CY_APPL_MAX) * (CY_APPL_NUM - 0x1)):0x0
                0x00000800                ee_size = (CY_APPL_LOADABLE && ! (CY_EE_IN_BTLDR))?(CY_EE_SIZE / CY_APPL_MAX):CY_EE_SIZE
                [!provide]                PROVIDE (CY_ECC_OFFSET, ecc_offset)

.text           0x00000000     0x4494
 CREATE_OBJECT_SYMBOLS
                0x00000000                PROVIDE (__cy_interrupt_vector, RomVectors)
 *(.romvectors)
 .romvectors    0x00000000       0x10 .\CortexM3\ARM_GCC_541\Debug\Cm3Start.o
                0x00000000                RomVectors
                0x00000001                ASSERT ((. != __cy_interrupt_vector), No interrupt vector)
                0x00000001                ASSERT (CY_APPL_ORIGIN?(SIZEOF (.cybootloader) <= CY_APPL_ORIGIN):0x1, Wrong image location)
                0x00000010                PROVIDE (__cy_reset, Reset)
 *(.text.Reset)
 .text.Reset    0x00000010       0x18 .\CortexM3\ARM_GCC_541\Debug\Cm3Start.o
                0x00000010                Reset
                0x00000001                ASSERT ((. != __cy_reset), No reset code)
 *(.dma_init)
                0x00000001                ASSERT ((((appl_start + .) <= 0x10000) || 0x1), DMA Init must be within the first 64k of flash)
 *(.text .text.* .gnu.linkonce.t.*)
 .text          0x00000028       0x5c c:/program files (x86)/cypress/psoc creator/4.4/psoc creator/import/gnu/arm/5.4.1/bin/../lib/gcc/arm-none-eabi/5.4.1/armv7-m/crtbegin.o
 .text.contar   0x00000084        0xc .\CortexM3\ARM_GCC_541\Debug\main.o
                0x00000084                contar
 .text.aumento  0x00000090        0xc .\CortexM3\ARM_GCC_541\Debug\main.o
                0x00000090                aumento
 .text.disminu  0x0000009c        0xc .\CortexM3\ARM_GCC_541\Debug\main.o
                0x0000009c                disminu
 .text.datos    0x000000a8       0x14 .\CortexM3\ARM_GCC_541\Debug\main.o
                0x000000a8                datos
 .text.sec_leds
                0x000000bc       0x44 .\CortexM3\ARM_GCC_541\Debug\main.o
                0x000000bc                sec_leds
 .text.EncenderLCD
                0x00000100       0x90 .\CortexM3\ARM_GCC_541\Debug\main.o
                0x00000100                EncenderLCD
 .text.con      0x00000190       0x58 .\CortexM3\ARM_GCC_541\Debug\main.o
                0x00000190                con
 .text.reloj    0x000001e8       0xcc .\CortexM3\ARM_GCC_541\Debug\main.o
                0x000001e8                reloj
 .text.apagado  0x000002b4       0x68 .\CortexM3\ARM_GCC_541\Debug\main.o
                0x000002b4                apagado
 .text.con_mot  0x0000031c       0x38 .\CortexM3\ARM_GCC_541\Debug\main.o
                0x0000031c                con_mot
 .text.print_f  0x00000354       0x30 .\CortexM3\ARM_GCC_541\Debug\main.o
                0x00000354                print_f
 .text.main     0x00000384      0x28c .\CortexM3\ARM_GCC_541\Debug\main.o
                0x00000384                main
 .text.CyClockStartupError
                0x00000610        0x4 .\CortexM3\ARM_GCC_541\Debug\cyfitter_cfg.o
 .text.cfg_write_bytes32
                0x00000614       0x34 .\CortexM3\ARM_GCC_541\Debug\cyfitter_cfg.o
 .text.CYMEMZERO
                0x00000648        0xc .\CortexM3\ARM_GCC_541\Debug\cyfitter_cfg.o
 .text.AnalogSetDefault
                0x00000654       0x94 .\CortexM3\ARM_GCC_541\Debug\cyfitter_cfg.o
 .text.CYCONFIGCPY
                0x000006e8        0x8 .\CortexM3\ARM_GCC_541\Debug\cyfitter_cfg.o
 .text.ClockSetup
                0x000006f0      0x114 .\CortexM3\ARM_GCC_541\Debug\cyfitter_cfg.o
 .text.cyfitter_cfg
                0x00000804      0x164 .\CortexM3\ARM_GCC_541\Debug\cyfitter_cfg.o
                0x00000804                cyfitter_cfg
 .text.IntDefaultHandler
                0x00000968       0x10 .\CortexM3\ARM_GCC_541\Debug\Cm3Start.o
                0x00000968                IntDefaultHandler
 .text._sbrk    0x00000978       0x30 .\CortexM3\ARM_GCC_541\Debug\Cm3Start.o
                0x00000978                _sbrk
 .text.Start_c  0x000009a8       0x4c .\CortexM3\ARM_GCC_541\Debug\Cm3Start.o
                0x000009a8                Start_c
 .text.initialize_psoc
                0x000009f4       0x6c .\CortexM3\ARM_GCC_541\Debug\Cm3Start.o
                0x000009f4                initialize_psoc
 .text.UART_1_Init
                0x00000a60       0x28 .\CortexM3\ARM_GCC_541\Debug\Desing_pf.a(UART_1.o)
                0x00000a60                UART_1_Init
 .text.UART_1_Enable
                0x00000a88       0x38 .\CortexM3\ARM_GCC_541\Debug\Desing_pf.a(UART_1.o)
                0x00000a88                UART_1_Enable
 .text.UART_1_Start
                0x00000ac0       0x1c .\CortexM3\ARM_GCC_541\Debug\Desing_pf.a(UART_1.o)
                0x00000ac0                UART_1_Start
 .text.UART_1_GetChar
                0x00000adc       0x2c .\CortexM3\ARM_GCC_541\Debug\Desing_pf.a(UART_1.o)
                0x00000adc                UART_1_GetChar
 .text.UART_1_PutChar
                0x00000b08       0x18 .\CortexM3\ARM_GCC_541\Debug\Desing_pf.a(UART_1.o)
                0x00000b08                UART_1_PutChar
 .text.UART_1_PutString
                0x00000b20       0x24 .\CortexM3\ARM_GCC_541\Debug\Desing_pf.a(UART_1.o)
                0x00000b20                UART_1_PutString
 .text.Counter_1_Enable
                0x00000b44       0x28 .\CortexM3\ARM_GCC_541\Debug\Desing_pf.a(Counter_1.o)
                0x00000b44                Counter_1_Enable
 .text.Counter_1_SetInterruptMode
                0x00000b6c        0xc .\CortexM3\ARM_GCC_541\Debug\Desing_pf.a(Counter_1.o)
                0x00000b6c                Counter_1_SetInterruptMode
 .text.Counter_1_WriteCounter
                0x00000b78       0x34 .\CortexM3\ARM_GCC_541\Debug\Desing_pf.a(Counter_1.o)
                0x00000b78                Counter_1_WriteCounter
 .text.Counter_1_WritePeriod
                0x00000bac        0xc .\CortexM3\ARM_GCC_541\Debug\Desing_pf.a(Counter_1.o)
                0x00000bac                Counter_1_WritePeriod
 .text.Counter_1_Init
                0x00000bb8       0x60 .\CortexM3\ARM_GCC_541\Debug\Desing_pf.a(Counter_1.o)
                0x00000bb8                Counter_1_Init
 .text.Counter_1_Start
                0x00000c18       0x1c .\CortexM3\ARM_GCC_541\Debug\Desing_pf.a(Counter_1.o)
                0x00000c18                Counter_1_Start
 .text.isr_contador_SetVector
                0x00000c34        0xc .\CortexM3\ARM_GCC_541\Debug\Desing_pf.a(isr_contador.o)
                0x00000c34                isr_contador_SetVector
 .text.isr_contador_SetPriority
                0x00000c40       0x10 .\CortexM3\ARM_GCC_541\Debug\Desing_pf.a(isr_contador.o)
                0x00000c40                isr_contador_SetPriority
 .text.isr_contador_Enable
                0x00000c50        0xc .\CortexM3\ARM_GCC_541\Debug\Desing_pf.a(isr_contador.o)
                0x00000c50                isr_contador_Enable
 .text.isr_contador_Disable
                0x00000c5c        0xc .\CortexM3\ARM_GCC_541\Debug\Desing_pf.a(isr_contador.o)
                0x00000c5c                isr_contador_Disable
 .text.isr_contador_StartEx
                0x00000c68       0x1c .\CortexM3\ARM_GCC_541\Debug\Desing_pf.a(isr_contador.o)
                0x00000c68                isr_contador_StartEx
 .text.UART_1_IntClock_Start
                0x00000c84       0x1c .\CortexM3\ARM_GCC_541\Debug\Desing_pf.a(UART_1_IntClock.o)
                0x00000c84                UART_1_IntClock_Start
 .text.CyDmacConfigure
                0x00000ca0       0x34 .\CortexM3\ARM_GCC_541\Debug\Desing_pf.a(CyDmac.o)
                0x00000ca0                CyDmacConfigure
 .text.CyDmaChEnable
                0x00000cd4       0x38 .\CortexM3\ARM_GCC_541\Debug\Desing_pf.a(CyDmac.o)
                0x00000cd4                CyDmaChEnable
 .text.CyDmaChPriority
                0x00000d0c       0x24 .\CortexM3\ARM_GCC_541\Debug\Desing_pf.a(CyDmac.o)
                0x00000d0c                CyDmaChPriority
 .text.CyDmaChSetExtendedAddress
                0x00000d30       0x34 .\CortexM3\ARM_GCC_541\Debug\Desing_pf.a(CyDmac.o)
                0x00000d30                CyDmaChSetExtendedAddress
 .text.CyDmaChSetInitialTd
                0x00000d64       0x18 .\CortexM3\ARM_GCC_541\Debug\Desing_pf.a(CyDmac.o)
                0x00000d64                CyDmaChSetInitialTd
 .text.CyDmaChSetConfiguration
                0x00000d7c       0x44 .\CortexM3\ARM_GCC_541\Debug\Desing_pf.a(CyDmac.o)
                0x00000d7c                CyDmaChSetConfiguration
 .text.CyDmaTdAllocate
                0x00000dc0       0x34 .\CortexM3\ARM_GCC_541\Debug\Desing_pf.a(CyDmac.o)
                0x00000dc0                CyDmaTdAllocate
 .text.CyDmaTdSetConfiguration
                0x00000df4       0x28 .\CortexM3\ARM_GCC_541\Debug\Desing_pf.a(CyDmac.o)
                0x00000df4                CyDmaTdSetConfiguration
 .text.CyDmaTdSetAddress
                0x00000e1c       0x1c .\CortexM3\ARM_GCC_541\Debug\Desing_pf.a(CyDmac.o)
                0x00000e1c                CyDmaTdSetAddress
 .text.CyHalt   0x00000e38        0x4 .\CortexM3\ARM_GCC_541\Debug\Desing_pf.a(CyLib.o)
                0x00000e38                CyHalt
 .text.CyDelay  0x00000e3c       0x2c .\CortexM3\ARM_GCC_541\Debug\Desing_pf.a(CyLib.o)
                0x00000e3c                CyDelay
 .text.CyDelayUs
                0x00000e68       0x14 .\CortexM3\ARM_GCC_541\Debug\Desing_pf.a(CyLib.o)
                0x00000e68                CyDelayUs
 .text.CyIntSetVector
                0x00000e7c       0x28 .\CortexM3\ARM_GCC_541\Debug\Desing_pf.a(CyLib.o)
                0x00000e7c                CyIntSetVector
 .text.CyIntSetPriority
                0x00000ea4       0x30 .\CortexM3\ARM_GCC_541\Debug\Desing_pf.a(CyLib.o)
                0x00000ea4                CyIntSetPriority
 .text.LCD_WrCntrlNib
                0x00000ed4       0x34 .\CortexM3\ARM_GCC_541\Debug\Desing_pf.a(LCD.o)
 .text.LCD_WrDatNib
                0x00000f08       0x44 .\CortexM3\ARM_GCC_541\Debug\Desing_pf.a(LCD.o)
 .text.LCD_IsReady
                0x00000f4c       0xe4 .\CortexM3\ARM_GCC_541\Debug\Desing_pf.a(LCD.o)
                0x00000f4c                LCD_IsReady
 .text.LCD_WriteData
                0x00001030       0x18 .\CortexM3\ARM_GCC_541\Debug\Desing_pf.a(LCD.o)
                0x00001030                LCD_WriteData
 .text.LCD_PrintString
                0x00001048       0x1c .\CortexM3\ARM_GCC_541\Debug\Desing_pf.a(LCD.o)
                0x00001048                LCD_PrintString
 .text.LCD_WriteControl
                0x00001064       0x18 .\CortexM3\ARM_GCC_541\Debug\Desing_pf.a(LCD.o)
                0x00001064                LCD_WriteControl
 .text.LCD_Init
                0x0000107c       0x6c .\CortexM3\ARM_GCC_541\Debug\Desing_pf.a(LCD.o)
                0x0000107c                LCD_Init
 .text.LCD_Enable
                0x000010e8       0x14 .\CortexM3\ARM_GCC_541\Debug\Desing_pf.a(LCD.o)
                0x000010e8                LCD_Enable
 .text.LCD_Start
                0x000010fc       0x1c .\CortexM3\ARM_GCC_541\Debug\Desing_pf.a(LCD.o)
                0x000010fc                LCD_Start
 .text.LCD_Stop
                0x00001118       0x14 .\CortexM3\ARM_GCC_541\Debug\Desing_pf.a(LCD.o)
                0x00001118                LCD_Stop
 .text.LCD_Position
                0x0000112c       0x3c .\CortexM3\ARM_GCC_541\Debug\Desing_pf.a(LCD.o)
                0x0000112c                LCD_Position
 .text.data_SetVector
                0x00001168        0xc .\CortexM3\ARM_GCC_541\Debug\Desing_pf.a(data.o)
                0x00001168                data_SetVector
 .text.data_SetPriority
                0x00001174       0x10 .\CortexM3\ARM_GCC_541\Debug\Desing_pf.a(data.o)
                0x00001174                data_SetPriority
 .text.data_Enable
                0x00001184        0xc .\CortexM3\ARM_GCC_541\Debug\Desing_pf.a(data.o)
                0x00001184                data_Enable
 .text.data_Disable
                0x00001190        0xc .\CortexM3\ARM_GCC_541\Debug\Desing_pf.a(data.o)
                0x00001190                data_Disable
 .text.data_StartEx
                0x0000119c       0x1c .\CortexM3\ARM_GCC_541\Debug\Desing_pf.a(data.o)
                0x0000119c                data_StartEx
 .text.tilt_Write
                0x000011b8       0x18 .\CortexM3\ARM_GCC_541\Debug\Desing_pf.a(tilt.o)
                0x000011b8                tilt_Write
 .text.tilt_Read
                0x000011d0       0x10 .\CortexM3\ARM_GCC_541\Debug\Desing_pf.a(tilt.o)
                0x000011d0                tilt_Read
 .text.LED_Driver_DmaInit
                0x000011e0      0x128 .\CortexM3\ARM_GCC_541\Debug\Desing_pf.a(LED_Driver.o)
 .text.LED_Driver_DmaEnable
                0x00001308       0x2c .\CortexM3\ARM_GCC_541\Debug\Desing_pf.a(LED_Driver.o)
 .text.LED_Driver_Enable
                0x00001334       0x14 .\CortexM3\ARM_GCC_541\Debug\Desing_pf.a(LED_Driver.o)
                0x00001334                LED_Driver_Enable
 .text.LED_Driver_SetRC
                0x00001348       0x1c .\CortexM3\ARM_GCC_541\Debug\Desing_pf.a(LED_Driver.o)
                0x00001348                LED_Driver_SetRC
 .text.LED_Driver_ClearDisplayAll
                0x00001364       0x18 .\CortexM3\ARM_GCC_541\Debug\Desing_pf.a(LED_Driver.o)
                0x00001364                LED_Driver_ClearDisplayAll
 .text.LED_Driver_Init
                0x0000137c       0x1c .\CortexM3\ARM_GCC_541\Debug\Desing_pf.a(LED_Driver.o)
                0x0000137c                LED_Driver_Init
 .text.LED_Driver_Start
                0x00001398       0x1c .\CortexM3\ARM_GCC_541\Debug\Desing_pf.a(LED_Driver.o)
                0x00001398                LED_Driver_Start
 .text.LED_Driver_EncodeNumber7Seg
                0x000013b4       0x10 .\CortexM3\ARM_GCC_541\Debug\Desing_pf.a(LED_Driver.o)
                0x000013b4                LED_Driver_EncodeNumber7Seg
 .text.LED_Driver_Write7SegDigitHex
                0x000013c4       0x18 .\CortexM3\ARM_GCC_541\Debug\Desing_pf.a(LED_Driver.o)
                0x000013c4                LED_Driver_Write7SegDigitHex
 .text.LED_Driver_EncodeChar7Seg
                0x000013dc       0x24 .\CortexM3\ARM_GCC_541\Debug\Desing_pf.a(LED_Driver.o)
                0x000013dc                LED_Driver_EncodeChar7Seg
 .text.LED_Driver_WriteString7Seg
                0x00001400       0x38 .\CortexM3\ARM_GCC_541\Debug\Desing_pf.a(LED_Driver.o)
                0x00001400                LED_Driver_WriteString7Seg
 .text.LED_Driver_DMA_Com_DmaInitialize
                0x00001438       0x3c .\CortexM3\ARM_GCC_541\Debug\Desing_pf.a(LED_Driver_DMA_Com_dma.o)
                0x00001438                LED_Driver_DMA_Com_DmaInitialize
 .text.LED_Driver_DMA_Seg_DmaInitialize
                0x00001474       0x3c .\CortexM3\ARM_GCC_541\Debug\Desing_pf.a(LED_Driver_DMA_Seg_dma.o)
                0x00001474                LED_Driver_DMA_Seg_DmaInitialize
 .text.PWM_Enable
                0x000014b0       0x10 .\CortexM3\ARM_GCC_541\Debug\Desing_pf.a(PWM.o)
                0x000014b0                PWM_Enable
 .text.PWM_WriteCounter
                0x000014c0        0xc .\CortexM3\ARM_GCC_541\Debug\Desing_pf.a(PWM.o)
                0x000014c0                PWM_WriteCounter
 .text.PWM_WritePeriod
                0x000014cc        0xc .\CortexM3\ARM_GCC_541\Debug\Desing_pf.a(PWM.o)
                0x000014cc                PWM_WritePeriod
 .text.PWM_WriteCompare
                0x000014d8        0xc .\CortexM3\ARM_GCC_541\Debug\Desing_pf.a(PWM.o)
                0x000014d8                PWM_WriteCompare
 .text.PWM_SetInterruptMode
                0x000014e4        0xc .\CortexM3\ARM_GCC_541\Debug\Desing_pf.a(PWM.o)
                0x000014e4                PWM_SetInterruptMode
 .text.PWM_ReadStatusRegister
                0x000014f0        0xc .\CortexM3\ARM_GCC_541\Debug\Desing_pf.a(PWM.o)
                0x000014f0                PWM_ReadStatusRegister
 .text.PWM_ReadCapture
                0x000014fc        0xc .\CortexM3\ARM_GCC_541\Debug\Desing_pf.a(PWM.o)
                0x000014fc                PWM_ReadCapture
 .text.PWM_ClearFIFO
                0x00001508       0x14 .\CortexM3\ARM_GCC_541\Debug\Desing_pf.a(PWM.o)
                0x00001508                PWM_ClearFIFO
 .text.PWM_Init
                0x0000151c       0x60 .\CortexM3\ARM_GCC_541\Debug\Desing_pf.a(PWM.o)
                0x0000151c                PWM_Init
 .text.PWM_Start
                0x0000157c       0x1c .\CortexM3\ARM_GCC_541\Debug\Desing_pf.a(PWM.o)
                0x0000157c                PWM_Start
 .text.aum_SetVector
                0x00001598        0xc .\CortexM3\ARM_GCC_541\Debug\Desing_pf.a(aum.o)
                0x00001598                aum_SetVector
 .text.aum_SetPriority
                0x000015a4       0x10 .\CortexM3\ARM_GCC_541\Debug\Desing_pf.a(aum.o)
                0x000015a4                aum_SetPriority
 .text.aum_Enable
                0x000015b4        0xc .\CortexM3\ARM_GCC_541\Debug\Desing_pf.a(aum.o)
                0x000015b4                aum_Enable
 .text.aum_Disable
                0x000015c0        0xc .\CortexM3\ARM_GCC_541\Debug\Desing_pf.a(aum.o)
                0x000015c0                aum_Disable
 .text.aum_StartEx
                0x000015cc       0x1c .\CortexM3\ARM_GCC_541\Debug\Desing_pf.a(aum.o)
                0x000015cc                aum_StartEx
 .text.dism_SetVector
                0x000015e8        0xc .\CortexM3\ARM_GCC_541\Debug\Desing_pf.a(dism.o)
                0x000015e8                dism_SetVector
 .text.dism_SetPriority
                0x000015f4       0x10 .\CortexM3\ARM_GCC_541\Debug\Desing_pf.a(dism.o)
                0x000015f4                dism_SetPriority
 .text.dism_Enable
                0x00001604        0xc .\CortexM3\ARM_GCC_541\Debug\Desing_pf.a(dism.o)
                0x00001604                dism_Enable
 .text.dism_Disable
                0x00001610        0xc .\CortexM3\ARM_GCC_541\Debug\Desing_pf.a(dism.o)
                0x00001610                dism_Disable
 .text.dism_StartEx
                0x0000161c       0x1c .\CortexM3\ARM_GCC_541\Debug\Desing_pf.a(dism.o)
                0x0000161c                dism_StartEx
 .text.aviso_Write
                0x00001638       0x18 .\CortexM3\ARM_GCC_541\Debug\Desing_pf.a(aviso.o)
                0x00001638                aviso_Write
 .text.ADC_CalcGain
                0x00001650       0x64 .\CortexM3\ARM_GCC_541\Debug\Desing_pf.a(ADC.o)
 .text.ADC_Enable
                0x000016b4       0x94 .\CortexM3\ARM_GCC_541\Debug\Desing_pf.a(ADC.o)
                0x000016b4                ADC_Enable
 .text.ADC_SetResolution
                0x00001748       0x38 .\CortexM3\ARM_GCC_541\Debug\Desing_pf.a(ADC.o)
                0x00001748                ADC_SetResolution
 .text.ADC_Init
                0x00001780       0x3c .\CortexM3\ARM_GCC_541\Debug\Desing_pf.a(ADC.o)
                0x00001780                ADC_Init
 .text.ADC_Start
                0x000017bc       0x1c .\CortexM3\ARM_GCC_541\Debug\Desing_pf.a(ADC.o)
                0x000017bc                ADC_Start
 .text.ADC_StartConvert
                0x000017d8       0x18 .\CortexM3\ARM_GCC_541\Debug\Desing_pf.a(ADC.o)
                0x000017d8                ADC_StartConvert
 .text.ADC_StopConvert
                0x000017f0       0x18 .\CortexM3\ARM_GCC_541\Debug\Desing_pf.a(ADC.o)
                0x000017f0                ADC_StopConvert
 .text.ADC_IsEndConversion
                0x00001808       0x24 .\CortexM3\ARM_GCC_541\Debug\Desing_pf.a(ADC.o)
                0x00001808                ADC_IsEndConversion
 .text.ADC_GetResult16
                0x0000182c       0x18 .\CortexM3\ARM_GCC_541\Debug\Desing_pf.a(ADC.o)
                0x0000182c                ADC_GetResult16
 .text.ADC_CountsTo_mVolts
                0x00001844       0x58 .\CortexM3\ARM_GCC_541\Debug\Desing_pf.a(ADC.o)
                0x00001844                ADC_CountsTo_mVolts
 .text.ADC_ISR  0x0000189c        0x4 .\CortexM3\ARM_GCC_541\Debug\Desing_pf.a(ADC_INT.o)
                0x0000189c                ADC_ISR
 .text.ADC_theACLK_SetModeRegister
                0x000018a0       0x14 .\CortexM3\ARM_GCC_541\Debug\Desing_pf.a(ADC_theACLK.o)
                0x000018a0                ADC_theACLK_SetModeRegister
 .text.Opamp_Enable
                0x000018b4       0x28 .\CortexM3\ARM_GCC_541\Debug\Desing_pf.a(Opamp.o)
                0x000018b4                Opamp_Enable
 .text.Opamp_SetPower
                0x000018dc       0x1c .\CortexM3\ARM_GCC_541\Debug\Desing_pf.a(Opamp.o)
                0x000018dc                Opamp_SetPower
 .text.Opamp_Init
                0x000018f8        0xc .\CortexM3\ARM_GCC_541\Debug\Desing_pf.a(Opamp.o)
                0x000018f8                Opamp_Init
 .text.Opamp_Start
                0x00001904       0x1c .\CortexM3\ARM_GCC_541\Debug\Desing_pf.a(Opamp.o)
                0x00001904                Opamp_Start
 .text          0x00001920       0x20 .\CortexM3\ARM_GCC_541\Debug\Desing_pf.a(CyBootAsmGnu.o)
                0x00001920                CyDelayCycles
                0x00001930                CyEnterCriticalSection
                0x00001938                CyExitCriticalSection
 .text          0x00001940      0x370 c:/program files (x86)/cypress/psoc creator/4.4/psoc creator/import/gnu/arm/5.4.1/bin/../lib/gcc/arm-none-eabi/5.4.1/armv7-m\libgcc.a(_arm_addsubdf3.o)
                0x00001940                __aeabi_drsub
                0x00001948                __aeabi_dsub
                0x00001948                __subdf3
                0x0000194c                __aeabi_dadd
                0x0000194c                __adddf3
                0x00001bc4                __floatunsidf
                0x00001bc4                __aeabi_ui2d
                0x00001be4                __floatsidf
                0x00001be4                __aeabi_i2d
                0x00001c08                __aeabi_f2d
                0x00001c08                __extendsfdf2
                0x00001c44                __floatundidf
                0x00001c44                __aeabi_ul2d
                0x00001c54                __floatdidf
                0x00001c54                __aeabi_l2d
 .text          0x00001cb0      0x424 c:/program files (x86)/cypress/psoc creator/4.4/psoc creator/import/gnu/arm/5.4.1/bin/../lib/gcc/arm-none-eabi/5.4.1/armv7-m\libgcc.a(_arm_muldivdf3.o)
                0x00001cb0                __aeabi_dmul
                0x00001cb0                __muldf3
                0x00001f04                __divdf3
                0x00001f04                __aeabi_ddiv
 .text          0x000020d4       0xa0 c:/program files (x86)/cypress/psoc creator/4.4/psoc creator/import/gnu/arm/5.4.1/bin/../lib/gcc/arm-none-eabi/5.4.1/armv7-m\libgcc.a(_arm_truncdfsf2.o)
                0x000020d4                __truncdfsf2
                0x000020d4                __aeabi_d2f
 .text          0x00002174       0xec c:/program files (x86)/cypress/psoc creator/4.4/psoc creator/import/gnu/arm/5.4.1/bin/../lib/gcc/arm-none-eabi/5.4.1/armv7-m\libgcc.a(_arm_cmpsf2.o)
                0x00002174                __gesf2
                0x00002174                __gtsf2
                0x0000217c                __lesf2
                0x0000217c                __ltsf2
                0x00002184                __nesf2
                0x00002184                __eqsf2
                0x00002184                __cmpsf2
                0x000021e4                __aeabi_cfrcmple
                0x000021ec                __aeabi_cfcmpeq
                0x000021ec                __aeabi_cfcmple
                0x000021fc                __aeabi_fcmpeq
                0x00002210                __aeabi_fcmplt
                0x00002224                __aeabi_fcmple
                0x00002238                __aeabi_fcmpge
                0x0000224c                __aeabi_fcmpgt
 .text.__errno  0x00002260        0xc c:/program files (x86)/cypress/psoc creator/4.4/psoc creator/import/gnu/arm/5.4.1/bin/../lib/gcc/arm-none-eabi/5.4.1/../../../../arm-none-eabi/lib/armv7-m\libg_nano.a(lib_a-errno.o)
                0x00002260                __errno
 .text.__libc_init_array
                0x0000226c       0x4c c:/program files (x86)/cypress/psoc creator/4.4/psoc creator/import/gnu/arm/5.4.1/bin/../lib/gcc/arm-none-eabi/5.4.1/../../../../arm-none-eabi/lib/armv7-m\libg_nano.a(lib_a-init.o)
                0x0000226c                __libc_init_array
 .text.memcpy   0x000022b8       0x16 c:/program files (x86)/cypress/psoc creator/4.4/psoc creator/import/gnu/arm/5.4.1/bin/../lib/gcc/arm-none-eabi/5.4.1/../../../../arm-none-eabi/lib/armv7-m\libg_nano.a(lib_a-memcpy-stub.o)
                0x000022b8                memcpy
 .text.memset   0x000022ce       0x10 c:/program files (x86)/cypress/psoc creator/4.4/psoc creator/import/gnu/arm/5.4.1/bin/../lib/gcc/arm-none-eabi/5.4.1/../../../../arm-none-eabi/lib/armv7-m\libg_nano.a(lib_a-memset.o)
                0x000022ce                memset
 .text.__cvt    0x000022de       0xc0 c:/program files (x86)/cypress/psoc creator/4.4/psoc creator/import/gnu/arm/5.4.1/bin/../lib/gcc/arm-none-eabi/5.4.1/../../../../arm-none-eabi/lib/armv7-m\libg_nano.a(lib_a-nano-vfprintf_float.o)
                0x000022de                __cvt
 .text.__exponent
                0x0000239e       0x62 c:/program files (x86)/cypress/psoc creator/4.4/psoc creator/import/gnu/arm/5.4.1/bin/../lib/gcc/arm-none-eabi/5.4.1/../../../../arm-none-eabi/lib/armv7-m\libg_nano.a(lib_a-nano-vfprintf_float.o)
                0x0000239e                __exponent
 .text._printf_float
                0x00002400      0x488 c:/program files (x86)/cypress/psoc creator/4.4/psoc creator/import/gnu/arm/5.4.1/bin/../lib/gcc/arm-none-eabi/5.4.1/../../../../arm-none-eabi/lib/armv7-m\libg_nano.a(lib_a-nano-vfprintf_float.o)
                0x00002400                _printf_float
 .text._printf_common
                0x00002888       0xec c:/program files (x86)/cypress/psoc creator/4.4/psoc creator/import/gnu/arm/5.4.1/bin/../lib/gcc/arm-none-eabi/5.4.1/../../../../arm-none-eabi/lib/armv7-m\libg_nano.a(lib_a-nano-vfprintf_i.o)
                0x00002888                _printf_common
 .text._printf_i
                0x00002974      0x24c c:/program files (x86)/cypress/psoc creator/4.4/psoc creator/import/gnu/arm/5.4.1/bin/../lib/gcc/arm-none-eabi/5.4.1/../../../../arm-none-eabi/lib/armv7-m\libg_nano.a(lib_a-nano-vfprintf_i.o)
                0x00002974                _printf_i
 .text.sprintf  0x00002bc0       0x48 c:/program files (x86)/cypress/psoc creator/4.4/psoc creator/import/gnu/arm/5.4.1/bin/../lib/gcc/arm-none-eabi/5.4.1/../../../../arm-none-eabi/lib/armv7-m\libg_nano.a(lib_a-sprintf.o)
                0x00002bc0                siprintf
                0x00002bc0                sprintf
 .text          0x00002c08       0x10 c:/program files (x86)/cypress/psoc creator/4.4/psoc creator/import/gnu/arm/5.4.1/bin/../lib/gcc/arm-none-eabi/5.4.1/../../../../arm-none-eabi/lib/armv7-m\libg_nano.a(lib_a-strlen.o)
                0x00002c08                strlen
 .text.quorem   0x00002c18      0x116 c:/program files (x86)/cypress/psoc creator/4.4/psoc creator/import/gnu/arm/5.4.1/bin/../lib/gcc/arm-none-eabi/5.4.1/../../../../arm-none-eabi/lib/armv7-m\libg_nano.a(lib_a-dtoa.o)
 *fill*         0x00002d2e        0x2 
 .text._dtoa_r  0x00002d30      0xb30 c:/program files (x86)/cypress/psoc creator/4.4/psoc creator/import/gnu/arm/5.4.1/bin/../lib/gcc/arm-none-eabi/5.4.1/../../../../arm-none-eabi/lib/armv7-m\libg_nano.a(lib_a-dtoa.o)
                0x00002d30                _dtoa_r
 .text._localeconv_r
                0x00003860        0x8 c:/program files (x86)/cypress/psoc creator/4.4/psoc creator/import/gnu/arm/5.4.1/bin/../lib/gcc/arm-none-eabi/5.4.1/../../../../arm-none-eabi/lib/armv7-m\libg_nano.a(lib_a-locale.o)
                0x00003860                _localeconv_r
 .text.malloc   0x00003868       0x10 c:/program files (x86)/cypress/psoc creator/4.4/psoc creator/import/gnu/arm/5.4.1/bin/../lib/gcc/arm-none-eabi/5.4.1/../../../../arm-none-eabi/lib/armv7-m\libg_nano.a(lib_a-malloc.o)
                0x00003868                malloc
 .text.memchr   0x00003878       0x1c c:/program files (x86)/cypress/psoc creator/4.4/psoc creator/import/gnu/arm/5.4.1/bin/../lib/gcc/arm-none-eabi/5.4.1/../../../../arm-none-eabi/lib/armv7-m\libg_nano.a(lib_a-memchr-stub.o)
                0x00003878                memchr
 .text._Balloc  0x00003894       0x6a c:/program files (x86)/cypress/psoc creator/4.4/psoc creator/import/gnu/arm/5.4.1/bin/../lib/gcc/arm-none-eabi/5.4.1/../../../../arm-none-eabi/lib/armv7-m\libg_nano.a(lib_a-mprec.o)
                0x00003894                _Balloc
 .text._Bfree   0x000038fe       0x2e c:/program files (x86)/cypress/psoc creator/4.4/psoc creator/import/gnu/arm/5.4.1/bin/../lib/gcc/arm-none-eabi/5.4.1/../../../../arm-none-eabi/lib/armv7-m\libg_nano.a(lib_a-mprec.o)
                0x000038fe                _Bfree
 .text.__multadd
                0x0000392c       0x76 c:/program files (x86)/cypress/psoc creator/4.4/psoc creator/import/gnu/arm/5.4.1/bin/../lib/gcc/arm-none-eabi/5.4.1/../../../../arm-none-eabi/lib/armv7-m\libg_nano.a(lib_a-mprec.o)
                0x0000392c                __multadd
 .text.__hi0bits
                0x000039a2       0x40 c:/program files (x86)/cypress/psoc creator/4.4/psoc creator/import/gnu/arm/5.4.1/bin/../lib/gcc/arm-none-eabi/5.4.1/../../../../arm-none-eabi/lib/armv7-m\libg_nano.a(lib_a-mprec.o)
                0x000039a2                __hi0bits
 .text.__lo0bits
                0x000039e2       0x5a c:/program files (x86)/cypress/psoc creator/4.4/psoc creator/import/gnu/arm/5.4.1/bin/../lib/gcc/arm-none-eabi/5.4.1/../../../../arm-none-eabi/lib/armv7-m\libg_nano.a(lib_a-mprec.o)
                0x000039e2                __lo0bits
 .text.__i2b    0x00003a3c       0x12 c:/program files (x86)/cypress/psoc creator/4.4/psoc creator/import/gnu/arm/5.4.1/bin/../lib/gcc/arm-none-eabi/5.4.1/../../../../arm-none-eabi/lib/armv7-m\libg_nano.a(lib_a-mprec.o)
                0x00003a3c                __i2b
 .text.__multiply
                0x00003a4e      0x120 c:/program files (x86)/cypress/psoc creator/4.4/psoc creator/import/gnu/arm/5.4.1/bin/../lib/gcc/arm-none-eabi/5.4.1/../../../../arm-none-eabi/lib/armv7-m\libg_nano.a(lib_a-mprec.o)
                0x00003a4e                __multiply
 *fill*         0x00003b6e        0x2 
 .text.__pow5mult
                0x00003b70       0x9c c:/program files (x86)/cypress/psoc creator/4.4/psoc creator/import/gnu/arm/5.4.1/bin/../lib/gcc/arm-none-eabi/5.4.1/../../../../arm-none-eabi/lib/armv7-m\libg_nano.a(lib_a-mprec.o)
                0x00003b70                __pow5mult
 .text.__lshift
                0x00003c0c       0xa2 c:/program files (x86)/cypress/psoc creator/4.4/psoc creator/import/gnu/arm/5.4.1/bin/../lib/gcc/arm-none-eabi/5.4.1/../../../../arm-none-eabi/lib/armv7-m\libg_nano.a(lib_a-mprec.o)
                0x00003c0c                __lshift
 .text.__mcmp   0x00003cae       0x38 c:/program files (x86)/cypress/psoc creator/4.4/psoc creator/import/gnu/arm/5.4.1/bin/../lib/gcc/arm-none-eabi/5.4.1/../../../../arm-none-eabi/lib/armv7-m\libg_nano.a(lib_a-mprec.o)
                0x00003cae                __mcmp
 .text.__mdiff  0x00003ce6       0xbe c:/program files (x86)/cypress/psoc creator/4.4/psoc creator/import/gnu/arm/5.4.1/bin/../lib/gcc/arm-none-eabi/5.4.1/../../../../arm-none-eabi/lib/armv7-m\libg_nano.a(lib_a-mprec.o)
                0x00003ce6                __mdiff
 .text.__d2b    0x00003da4       0x9c c:/program files (x86)/cypress/psoc creator/4.4/psoc creator/import/gnu/arm/5.4.1/bin/../lib/gcc/arm-none-eabi/5.4.1/../../../../arm-none-eabi/lib/armv7-m\libg_nano.a(lib_a-mprec.o)
                0x00003da4                __d2b
 .text._calloc_r
                0x00003e40       0x1c c:/program files (x86)/cypress/psoc creator/4.4/psoc creator/import/gnu/arm/5.4.1/bin/../lib/gcc/arm-none-eabi/5.4.1/../../../../arm-none-eabi/lib/armv7-m\libg_nano.a(lib_a-nano-callocr.o)
                0x00003e40                _calloc_r
 .text._free_r  0x00003e5c       0x98 c:/program files (x86)/cypress/psoc creator/4.4/psoc creator/import/gnu/arm/5.4.1/bin/../lib/gcc/arm-none-eabi/5.4.1/../../../../arm-none-eabi/lib/armv7-m\libg_nano.a(lib_a-nano-freer.o)
                0x00003e5c                _free_r
 .text._malloc_r
                0x00003ef4       0xbc c:/program files (x86)/cypress/psoc creator/4.4/psoc creator/import/gnu/arm/5.4.1/bin/../lib/gcc/arm-none-eabi/5.4.1/../../../../arm-none-eabi/lib/armv7-m\libg_nano.a(lib_a-nano-mallocr.o)
                0x00003ef4                _malloc_r
 .text.__ssputs_r
                0x00003fb0       0xb2 c:/program files (x86)/cypress/psoc creator/4.4/psoc creator/import/gnu/arm/5.4.1/bin/../lib/gcc/arm-none-eabi/5.4.1/../../../../arm-none-eabi/lib/armv7-m\libg_nano.a(lib_a-nano-svfprintf.o)
                0x00003fb0                __ssputs_r
 *fill*         0x00004062        0x2 
 .text._svfprintf_r
                0x00004064      0x1e8 c:/program files (x86)/cypress/psoc creator/4.4/psoc creator/import/gnu/arm/5.4.1/bin/../lib/gcc/arm-none-eabi/5.4.1/../../../../arm-none-eabi/lib/armv7-m\libg_nano.a(lib_a-nano-svfprintf.o)
                0x00004064                _svfiprintf_r
                0x00004064                _svfprintf_r
 .text._sbrk_r  0x0000424c       0x20 c:/program files (x86)/cypress/psoc creator/4.4/psoc creator/import/gnu/arm/5.4.1/bin/../lib/gcc/arm-none-eabi/5.4.1/../../../../arm-none-eabi/lib/armv7-m\libg_nano.a(lib_a-sbrkr.o)
                0x0000424c                _sbrk_r
 .text.memmove  0x0000426c       0x36 c:/program files (x86)/cypress/psoc creator/4.4/psoc creator/import/gnu/arm/5.4.1/bin/../lib/gcc/arm-none-eabi/5.4.1/../../../../arm-none-eabi/lib/armv7-m\libg_nano.a(lib_a-memmove.o)
                0x0000426c                memmove
 .text.__malloc_lock
                0x000042a2        0x2 c:/program files (x86)/cypress/psoc creator/4.4/psoc creator/import/gnu/arm/5.4.1/bin/../lib/gcc/arm-none-eabi/5.4.1/../../../../arm-none-eabi/lib/armv7-m\libg_nano.a(lib_a-mlock.o)
                0x000042a2                __malloc_lock
 .text.__malloc_unlock
                0x000042a4        0x2 c:/program files (x86)/cypress/psoc creator/4.4/psoc creator/import/gnu/arm/5.4.1/bin/../lib/gcc/arm-none-eabi/5.4.1/../../../../arm-none-eabi/lib/armv7-m\libg_nano.a(lib_a-mlock.o)
                0x000042a4                __malloc_unlock
 .text._realloc_r
                0x000042a6       0x4c c:/program files (x86)/cypress/psoc creator/4.4/psoc creator/import/gnu/arm/5.4.1/bin/../lib/gcc/arm-none-eabi/5.4.1/../../../../arm-none-eabi/lib/armv7-m\libg_nano.a(lib_a-nano-reallocr.o)
                0x000042a6                _realloc_r
 .text._malloc_usable_size_r
                0x000042f2       0x14 c:/program files (x86)/cypress/psoc creator/4.4/psoc creator/import/gnu/arm/5.4.1/bin/../lib/gcc/arm-none-eabi/5.4.1/../../../../arm-none-eabi/lib/armv7-m\libg_nano.a(lib_a-nano-msizer.o)
                0x000042f2                _malloc_usable_size_r
 *fill*         0x00004306        0x2 
 .text          0x00004308      0x110 c:/program files (x86)/cypress/psoc creator/4.4/psoc creator/import/gnu/arm/5.4.1/bin/../lib/gcc/arm-none-eabi/5.4.1/armv7-m\libgcc.a(_arm_cmpdf2.o)
                0x00004308                __gtdf2
                0x00004308                __gedf2
                0x00004310                __ltdf2
                0x00004310                __ledf2
                0x00004318                __nedf2
                0x00004318                __eqdf2
                0x00004318                __cmpdf2
                0x00004394                __aeabi_cdrcmple
                0x000043a4                __aeabi_cdcmpeq
                0x000043a4                __aeabi_cdcmple
                0x000043b4                __aeabi_dcmpeq
                0x000043c8                __aeabi_dcmplt
                0x000043dc                __aeabi_dcmple
                0x000043f0                __aeabi_dcmpge
                0x00004404                __aeabi_dcmpgt
 .text          0x00004418       0x2c c:/program files (x86)/cypress/psoc creator/4.4/psoc creator/import/gnu/arm/5.4.1/bin/../lib/gcc/arm-none-eabi/5.4.1/armv7-m\libgcc.a(_arm_unorddf2.o)
                0x00004418                __unorddf2
                0x00004418                __aeabi_dcmpun
 .text          0x00004444       0x50 c:/program files (x86)/cypress/psoc creator/4.4/psoc creator/import/gnu/arm/5.4.1/bin/../lib/gcc/arm-none-eabi/5.4.1/armv7-m\libgcc.a(_arm_fixdfsi.o)
                0x00004444                __aeabi_d2iz
                0x00004444                __fixdfsi
 *(.plt)
 *(.gnu.warning)
 *(.glue_7t)
 .glue_7t       0x00004494        0x0 linker stubs
 *(.glue_7)
 .glue_7        0x00004494        0x0 linker stubs
 *(.vfp11_veneer)
 .vfp11_veneer  0x00004494        0x0 linker stubs
 *(.bootloader)
 *(.ARM.extab* .gnu.linkonce.armextab.*)
 *(.gcc_except_table)

.v4_bx          0x00004494        0x0
 .v4_bx         0x00004494        0x0 linker stubs

.iplt           0x00004494        0x0
 .iplt          0x00004494        0x0 c:/program files (x86)/cypress/psoc creator/4.4/psoc creator/import/gnu/arm/5.4.1/bin/../lib/gcc/arm-none-eabi/5.4.1/armv7-m/crtbegin.o

.eh_frame_hdr
 *(.eh_frame_hdr)

.eh_frame       0x00004494        0x4
 *(.eh_frame)
 .eh_frame      0x00004494        0x0 c:/program files (x86)/cypress/psoc creator/4.4/psoc creator/import/gnu/arm/5.4.1/bin/../lib/gcc/arm-none-eabi/5.4.1/armv7-m/crtbegin.o
 .eh_frame      0x00004494        0x4 c:/program files (x86)/cypress/psoc creator/4.4/psoc creator/import/gnu/arm/5.4.1/bin/../lib/gcc/arm-none-eabi/5.4.1/armv7-m/crtend.o
                [!provide]                PROVIDE (__exidx_start, .)

.ARM.exidx
 *(.ARM.exidx* .gnu.linkonce.armexidx.*)
                0x00004498                __exidx_end = .

.rodata         0x00004498      0x4a8
 *(.rodata .rodata.* .gnu.linkonce.r.*)
 .rodata.str1.4
                0x00004498       0xac .\CortexM3\ARM_GCC_541\Debug\main.o
                                 0xa9 (size before relaxing)
 .rodata        0x00004544       0x36 .\CortexM3\ARM_GCC_541\Debug\cyfitter_cfg.o
 *fill*         0x0000457a        0x2 
 .rodata        0x0000457c      0x230 .\CortexM3\ARM_GCC_541\Debug\Desing_pf.a(LED_Driver.o)
 .rodata.str1.1
                0x000047ac        0x2 c:/program files (x86)/cypress/psoc creator/4.4/psoc creator/import/gnu/arm/5.4.1/bin/../lib/gcc/arm-none-eabi/5.4.1/../../../../arm-none-eabi/lib/armv7-m\libg_nano.a(lib_a-impure.o)
 .rodata.str1.1
                0x000047ae       0x12 c:/program files (x86)/cypress/psoc creator/4.4/psoc creator/import/gnu/arm/5.4.1/bin/../lib/gcc/arm-none-eabi/5.4.1/../../../../arm-none-eabi/lib/armv7-m\libg_nano.a(lib_a-nano-vfprintf_float.o)
 .rodata.str1.1
                0x000047c0       0x22 c:/program files (x86)/cypress/psoc creator/4.4/psoc creator/import/gnu/arm/5.4.1/bin/../lib/gcc/arm-none-eabi/5.4.1/../../../../arm-none-eabi/lib/armv7-m\libg_nano.a(lib_a-nano-vfprintf_i.o)
 .rodata.str1.1
                0x000047e2        0xd c:/program files (x86)/cypress/psoc creator/4.4/psoc creator/import/gnu/arm/5.4.1/bin/../lib/gcc/arm-none-eabi/5.4.1/../../../../arm-none-eabi/lib/armv7-m\libg_nano.a(lib_a-dtoa.o)
                                  0xf (size before relaxing)
 .rodata.str1.1
                0x000047ef        0x8 c:/program files (x86)/cypress/psoc creator/4.4/psoc creator/import/gnu/arm/5.4.1/bin/../lib/gcc/arm-none-eabi/5.4.1/../../../../arm-none-eabi/lib/armv7-m\libg_nano.a(lib_a-locale.o)
                                  0xb (size before relaxing)
 *fill*         0x000047f7        0x1 
 .rodata.__mprec_tens
                0x000047f8       0xc8 c:/program files (x86)/cypress/psoc creator/4.4/psoc creator/import/gnu/arm/5.4.1/bin/../lib/gcc/arm-none-eabi/5.4.1/../../../../arm-none-eabi/lib/armv7-m\libg_nano.a(lib_a-mprec.o)
                0x000047f8                __mprec_tens
 .rodata.p05.5408
                0x000048c0        0xc c:/program files (x86)/cypress/psoc creator/4.4/psoc creator/import/gnu/arm/5.4.1/bin/../lib/gcc/arm-none-eabi/5.4.1/../../../../arm-none-eabi/lib/armv7-m\libg_nano.a(lib_a-mprec.o)
 *fill*         0x000048cc        0x4 
 .rodata.__mprec_bigtens
                0x000048d0       0x28 c:/program files (x86)/cypress/psoc creator/4.4/psoc creator/import/gnu/arm/5.4.1/bin/../lib/gcc/arm-none-eabi/5.4.1/../../../../arm-none-eabi/lib/armv7-m\libg_nano.a(lib_a-mprec.o)
                0x000048d0                __mprec_bigtens
 .rodata.str1.1
                0x000048f8       0x11 c:/program files (x86)/cypress/psoc creator/4.4/psoc creator/import/gnu/arm/5.4.1/bin/../lib/gcc/arm-none-eabi/5.4.1/../../../../arm-none-eabi/lib/armv7-m\libg_nano.a(lib_a-nano-svfprintf.o)
                0x0000490c                . = ALIGN (0x4)
 *fill*         0x00004909        0x3 
 *(.init)
 .init          0x0000490c        0x4 c:/program files (x86)/cypress/psoc creator/4.4/psoc creator/import/gnu/arm/5.4.1/bin/../lib/gcc/arm-none-eabi/5.4.1/armv7-m/crti.o
                0x0000490c                _init
 .init          0x00004910        0x8 c:/program files (x86)/cypress/psoc creator/4.4/psoc creator/import/gnu/arm/5.4.1/bin/../lib/gcc/arm-none-eabi/5.4.1/armv7-m/crtn.o
                0x00004918                . = ALIGN (0x4)
                0x00004918                __preinit_array_start = .
 *(.preinit_array)
                0x00004918                __preinit_array_end = .
                0x00004918                . = ALIGN (0x4)
                0x00004918                __init_array_start = .
 *(SORT(.init_array.*))
 *(.init_array)
 .init_array    0x00004918        0x4 c:/program files (x86)/cypress/psoc creator/4.4/psoc creator/import/gnu/arm/5.4.1/bin/../lib/gcc/arm-none-eabi/5.4.1/armv7-m/crtbegin.o
 .init_array    0x0000491c        0x4 .\CortexM3\ARM_GCC_541\Debug\Cm3Start.o
                0x00004920                __init_array_end = .
                0x00004920                . = ALIGN (0x4)
 *(.fini)
 .fini          0x00004920        0x4 c:/program files (x86)/cypress/psoc creator/4.4/psoc creator/import/gnu/arm/5.4.1/bin/../lib/gcc/arm-none-eabi/5.4.1/armv7-m/crti.o
                0x00004920                _fini
 .fini          0x00004924        0x8 c:/program files (x86)/cypress/psoc creator/4.4/psoc creator/import/gnu/arm/5.4.1/bin/../lib/gcc/arm-none-eabi/5.4.1/armv7-m/crtn.o
                0x0000492c                . = ALIGN (0x4)
                0x0000492c                __fini_array_start = .
 *(.fini_array)
 .fini_array    0x0000492c        0x4 c:/program files (x86)/cypress/psoc creator/4.4/psoc creator/import/gnu/arm/5.4.1/bin/../lib/gcc/arm-none-eabi/5.4.1/armv7-m/crtbegin.o
 *(SORT(.fini_array.*))
                0x00004930                __fini_array_end = .
                0x00004930                . = ALIGN (0x4)
 *crtbegin.o(.ctors)
 *(EXCLUDE_FILE(*crtend.o) .ctors)
 *(SORT(.ctors.*))
 *crtend.o(.ctors)
                0x00004930                . = ALIGN (0x4)
 *crtbegin.o(.dtors)
 *(EXCLUDE_FILE(*crtend.o) .dtors)
 *(SORT(.dtors.*))
 *crtend.o(.dtors)
                0x00004930                . = ALIGN (0x4)
                0x00004930                __cy_regions = .
                0x00004930        0x4 LONG 0x4940 __cy_region_init_ram
                0x00004934        0x4 LONG 0x1fff80c8 __cy_region_start_data
                0x00004938        0x4 LONG 0xe0 __cy_region_init_size_ram
                0x0000493c        0x4 LONG 0xc0 __cy_region_zero_size_ram
                0x00004940                __cy_regions_end = .
                0x00004940                . = ALIGN (0x8)
                0x00004940                _etext = .

.cy_checksum_exclude
                0x00004940        0x0
 *(.cy_checksum_exclude)

.ramvectors     0x1fff8000       0xc0
                0x1fff8000                __cy_region_start_ram = .
 *(.ramvectors)
 .ramvectors    0x1fff8000       0xc0 .\CortexM3\ARM_GCC_541\Debug\Cm3Start.o
                0x1fff8000                CyRamVectors

.noinit         0x1fff80c0        0x1
 *(.noinit)
 .noinit        0x1fff80c0        0x1 .\CortexM3\ARM_GCC_541\Debug\Desing_pf.a(CyLib.o)
                0x1fff80c0                CyResetStatus

.data           0x1fff80c8       0xe0 load address 0x00004940
                0x1fff80c8                __cy_region_start_data = .
 *(.jcr)
 .jcr           0x1fff80c8        0x0 c:/program files (x86)/cypress/psoc creator/4.4/psoc creator/import/gnu/arm/5.4.1/bin/../lib/gcc/arm-none-eabi/5.4.1/armv7-m/crtbegin.o
 .jcr           0x1fff80c8        0x4 c:/program files (x86)/cypress/psoc creator/4.4/psoc creator/import/gnu/arm/5.4.1/bin/../lib/gcc/arm-none-eabi/5.4.1/armv7-m/crtend.o
 *(.got.plt)
 *(.got)
 *(.shdata)
 *(.data .data.* .gnu.linkonce.d.*)
 .data          0x1fff80cc        0xc .\CortexM3\ARM_GCC_541\Debug\main.o
                0x1fff80cc                ledval
                0x1fff80d0                compare
                0x1fff80d2                lectura_p
                0x1fff80d4                time
 .data          0x1fff80d8        0x4 .\CortexM3\ARM_GCC_541\Debug\Cm3Start.o
 .data          0x1fff80dc        0x8 .\CortexM3\ARM_GCC_541\Debug\Desing_pf.a(CyDmac.o)
 .data          0x1fff80e4       0x10 .\CortexM3\ARM_GCC_541\Debug\Desing_pf.a(CyLib.o)
                0x1fff80e4                cydelay_32k_ms
                0x1fff80e8                cydelay_freq_khz
                0x1fff80ec                cydelay_freq_mhz
                0x1fff80f0                cydelay_freq_hz
 .data          0x1fff80f4       0x10 .\CortexM3\ARM_GCC_541\Debug\Desing_pf.a(LED_Driver.o)
 .data          0x1fff8104        0x1 .\CortexM3\ARM_GCC_541\Debug\Desing_pf.a(LED_Driver_DMA_Com_dma.o)
                0x1fff8104                LED_Driver_DMA_Com_DmaHandle
 .data          0x1fff8105        0x1 .\CortexM3\ARM_GCC_541\Debug\Desing_pf.a(LED_Driver_DMA_Seg_dma.o)
                0x1fff8105                LED_Driver_DMA_Seg_DmaHandle
 *fill*         0x1fff8106        0x2 
 .data.impure_data
                0x1fff8108       0x60 c:/program files (x86)/cypress/psoc creator/4.4/psoc creator/import/gnu/arm/5.4.1/bin/../lib/gcc/arm-none-eabi/5.4.1/../../../../arm-none-eabi/lib/armv7-m\libg_nano.a(lib_a-impure.o)
 .data._impure_ptr
                0x1fff8168        0x4 c:/program files (x86)/cypress/psoc creator/4.4/psoc creator/import/gnu/arm/5.4.1/bin/../lib/gcc/arm-none-eabi/5.4.1/../../../../arm-none-eabi/lib/armv7-m\libg_nano.a(lib_a-impure.o)
                0x1fff8168                _impure_ptr
 .data.lconv    0x1fff816c       0x38 c:/program files (x86)/cypress/psoc creator/4.4/psoc creator/import/gnu/arm/5.4.1/bin/../lib/gcc/arm-none-eabi/5.4.1/../../../../arm-none-eabi/lib/armv7-m\libg_nano.a(lib_a-locale.o)
                0x1fff81a8                . = ALIGN (0x8)
 *fill*         0x1fff81a4        0x4 
 *(.ram)
                0x1fff81a8                _edata = .

.igot.plt       0x1fff81a8        0x0 load address 0x00004a20
 .igot.plt      0x1fff81a8        0x0 c:/program files (x86)/cypress/psoc creator/4.4/psoc creator/import/gnu/arm/5.4.1/bin/../lib/gcc/arm-none-eabi/5.4.1/armv7-m/crtbegin.o

.bss            0x1fff81a8       0xc0 load address 0x00004a20
                0x1fff81a8                PROVIDE (__bss_start__, .)
 *(.shbss)
 *(.bss .bss.* .gnu.linkonce.b.*)
 .bss           0x1fff81a8       0x1c c:/program files (x86)/cypress/psoc creator/4.4/psoc creator/import/gnu/arm/5.4.1/bin/../lib/gcc/arm-none-eabi/5.4.1/armv7-m/crtbegin.o
 .bss           0x1fff81c4       0x20 .\CortexM3\ARM_GCC_541\Debug\main.o
                0x1fff81c4                timer
                0x1fff81c5                band_aumento
                0x1fff81c6                band_dismi
                0x1fff81c7                lectura
                0x1fff81c8                bandera
                0x1fff81c9                ledindx
                0x1fff81ca                direc
                0x1fff81cb                band_7seg
                0x1fff81cc                mili
                0x1fff81ce                band_aviso
                0x1fff81cf                min
                0x1fff81d0                h
                0x1fff81d4                fl
                0x1fff81d8                seg
                0x1fff81d9                a_seg5
                0x1fff81da                seg5
                0x1fff81db                band_5seg
                0x1fff81dc                a_seg10
                0x1fff81dd                seg10
                0x1fff81de                band_10seg
                0x1fff81e0                c
                0x1fff81e2                band_tem
                0x1fff81e3                band_lcd
 .bss           0x1fff81e4        0x2 .\CortexM3\ARM_GCC_541\Debug\Desing_pf.a(UART_1.o)
                0x1fff81e4                UART_1_initVar
 .bss           0x1fff81e6        0x1 .\CortexM3\ARM_GCC_541\Debug\Desing_pf.a(Counter_1.o)
                0x1fff81e6                Counter_1_initVar
 .bss           0x1fff81e7        0x2 .\CortexM3\ARM_GCC_541\Debug\Desing_pf.a(LCD.o)
                0x1fff81e7                LCD_enableState
                0x1fff81e8                LCD_initVar
 *fill*         0x1fff81e9        0x3 
 .bss           0x1fff81ec       0x17 .\CortexM3\ARM_GCC_541\Debug\Desing_pf.a(LED_Driver.o)
                0x1fff8200                LED_Driver_enableVar
                0x1fff8202                LED_Driver_initVar
 .bss           0x1fff8203        0x1 .\CortexM3\ARM_GCC_541\Debug\Desing_pf.a(PWM.o)
                0x1fff8203                PWM_initVar
 .bss           0x1fff8204        0x1 .\CortexM3\ARM_GCC_541\Debug\Desing_pf.a(ADC.o)
                0x1fff8204                ADC_initVar
 .bss           0x1fff8205        0x1 .\CortexM3\ARM_GCC_541\Debug\Desing_pf.a(Opamp.o)
                0x1fff8205                Opamp_initVar
 *fill*         0x1fff8206        0x2 
 .bss.__malloc_sbrk_start
                0x1fff8208        0x4 c:/program files (x86)/cypress/psoc creator/4.4/psoc creator/import/gnu/arm/5.4.1/bin/../lib/gcc/arm-none-eabi/5.4.1/../../../../arm-none-eabi/lib/armv7-m\libg_nano.a(lib_a-nano-mallocr.o)
                0x1fff8208                __malloc_sbrk_start
 .bss.__malloc_free_list
                0x1fff820c        0x4 c:/program files (x86)/cypress/psoc creator/4.4/psoc creator/import/gnu/arm/5.4.1/bin/../lib/gcc/arm-none-eabi/5.4.1/../../../../arm-none-eabi/lib/armv7-m\libg_nano.a(lib_a-nano-mallocr.o)
                0x1fff820c                __malloc_free_list
 *(COMMON)
 COMMON         0x1fff8210       0x42 .\CortexM3\ARM_GCC_541\Debug\main.o
                0x1fff8210                seg_7
                0x1fff8214                en
                0x1fff8218                tem
                0x1fff821c                vol
                0x1fff8220                seggs
 *fill*         0x1fff8252        0x2 
 COMMON         0x1fff8254        0x4 .\CortexM3\ARM_GCC_541\Debug\Desing_pf.a(LED_Driver.o)
                0x1fff8254                LED_Driver_segLBuffer
 COMMON         0x1fff8258        0xa .\CortexM3\ARM_GCC_541\Debug\Desing_pf.a(ADC.o)
                0x1fff8258                ADC_countsPer10Volt
                0x1fff825c                ADC_shift
                0x1fff825e                ADC_countsPerVolt
                0x1fff8260                ADC_offset
 *fill*         0x1fff8262        0x2 
 COMMON         0x1fff8264        0x4 c:/program files (x86)/cypress/psoc creator/4.4/psoc creator/import/gnu/arm/5.4.1/bin/../lib/gcc/arm-none-eabi/5.4.1/../../../../arm-none-eabi/lib/armv7-m\libg_nano.a(lib_a-reent.o)
                0x1fff8264                errno
                0x1fff8268                . = ALIGN (0x8)
 *(.ram.b)
                0x1fff8268                _end = .
                0x1fff8268                __end = .
                0x1fff8268                PROVIDE (end, .)
                0x1fff8268                PROVIDE (__bss_end__, .)
                0x00004940                __cy_region_init_ram = LOADADDR (.data)
                0x000000e0                __cy_region_init_size_ram = (_edata - ADDR (.data))
                0x000000c0                __cy_region_zero_size_ram = (_end - _edata)

.heap           0x1fff8268      0x200 load address 0x00004a20
                0x1fff8268                . = _end
                0x1fff8468                . = (. + 0x200)
 *fill*         0x1fff8268      0x200 
                0x1fff8468                __cy_heap_limit = .

.stack          0x20007800      0x800
                0x20007800                __cy_stack_limit = .
                0x20008000                . = (. + 0x800)
 *fill*         0x20007800      0x800 
                0x00000001                ASSERT ((__cy_stack_limit >= __cy_heap_limit), region RAM overflowed with stack)
                0x00000000                cy_checksum_exclude_size = (CY_APPL_LOADABLE == 0x1)?SIZEOF (.cy_checksum_exclude):0x0
                0x00000001                ASSERT ((cy_checksum_exclude_size <= CY_CHECKSUM_EXCLUDE_SIZE), CY_BOOT: Section .cy_checksum_exclude size exceedes specified limit.)

.cyloadermeta
 *(.cyloadermeta)

.cyloadablemeta
 *(.cyloadablemeta)

.cyconfigecc    0x80000000      0x678
 *(.cyconfigecc)
 .cyconfigecc   0x80000000      0x678 .\CortexM3\ARM_GCC_541\Debug\cymetadata.o
                0x80000000                cy_meta_configecc

.cycustnvl      0x90000000        0x4
 *(.cycustnvl)
 .cycustnvl     0x90000000        0x4 .\CortexM3\ARM_GCC_541\Debug\cymetadata.o
                0x90000000                cy_meta_custnvl

.cywolatch      0x90100000        0x4
 *(.cywolatch)
 .cywolatch     0x90100000        0x4 .\CortexM3\ARM_GCC_541\Debug\cymetadata.o
                0x90100000                cy_meta_wonvl

.cyeeprom       0x90200000        0x0
 *(.cyeeprom)
                0x00000001                ASSERT ((. <= ((0x90200000 + ee_offset) + ee_size)), .cyeeprom data will not fit in EEPROM)

.cyflashprotect
                0x90400000      0x100
 *(.cyflashprotect)
 .cyflashprotect
                0x90400000      0x100 .\CortexM3\ARM_GCC_541\Debug\cymetadata.o
                0x90400000                cy_meta_flashprotect

.cymeta         0x90500000        0xc
 *(.cymeta)
 .cymeta        0x90500000        0xc .\CortexM3\ARM_GCC_541\Debug\cymetadata.o
                0x90500000                cy_metadata

.rel.dyn        0x00004a20        0x0 load address 0x9050000c
 .rel.iplt      0x00004a20        0x0 c:/program files (x86)/cypress/psoc creator/4.4/psoc creator/import/gnu/arm/5.4.1/bin/../lib/gcc/arm-none-eabi/5.4.1/armv7-m/crtbegin.o

.stab
 *(.stab)

.stabstr
 *(.stabstr)

.debug
 *(.debug)

.line
 *(.line)

.debug_srcinfo
 *(.debug_srcinfo)

.debug_sfnames
 *(.debug_sfnames)

.debug_aranges  0x00000000      0xf40
 *(.debug_aranges)
 .debug_aranges
                0x00000000       0x78 .\CortexM3\ARM_GCC_541\Debug\main.o
 .debug_aranges
                0x00000078       0x58 .\CortexM3\ARM_GCC_541\Debug\cyfitter_cfg.o
 .debug_aranges
                0x000000d0       0x18 .\CortexM3\ARM_GCC_541\Debug\cymetadata.o
 .debug_aranges
                0x000000e8       0x48 .\CortexM3\ARM_GCC_541\Debug\Cm3Start.o
 .debug_aranges
                0x00000130       0xf0 .\CortexM3\ARM_GCC_541\Debug\Desing_pf.a(UART_1.o)
 .debug_aranges
                0x00000220       0x80 .\CortexM3\ARM_GCC_541\Debug\Desing_pf.a(Counter_1.o)
 .debug_aranges
                0x000002a0       0x80 .\CortexM3\ARM_GCC_541\Debug\Desing_pf.a(isr_contador.o)
 .debug_aranges
                0x00000320       0x70 .\CortexM3\ARM_GCC_541\Debug\Desing_pf.a(UART_1_IntClock.o)
 .debug_aranges
                0x00000390       0xd8 .\CortexM3\ARM_GCC_541\Debug\Desing_pf.a(CyDmac.o)
 .debug_aranges
                0x00000468      0x2a0 .\CortexM3\ARM_GCC_541\Debug\Desing_pf.a(CyLib.o)
 .debug_aranges
                0x00000708       0x98 .\CortexM3\ARM_GCC_541\Debug\Desing_pf.a(cyPm.o)
 .debug_aranges
                0x000007a0       0x98 .\CortexM3\ARM_GCC_541\Debug\Desing_pf.a(LCD.o)
 .debug_aranges
                0x00000838       0x80 .\CortexM3\ARM_GCC_541\Debug\Desing_pf.a(data.o)
 .debug_aranges
                0x000008b8       0x38 .\CortexM3\ARM_GCC_541\Debug\Desing_pf.a(tilt.o)
 .debug_aranges
                0x000008f0      0x158 .\CortexM3\ARM_GCC_541\Debug\Desing_pf.a(LED_Driver.o)
 .debug_aranges
                0x00000a48       0x28 .\CortexM3\ARM_GCC_541\Debug\Desing_pf.a(LED_Driver_Com_Driver.o)
 .debug_aranges
                0x00000a70       0x28 .\CortexM3\ARM_GCC_541\Debug\Desing_pf.a(LED_Driver_DMA_Com_dma.o)
 .debug_aranges
                0x00000a98       0x28 .\CortexM3\ARM_GCC_541\Debug\Desing_pf.a(LED_Driver_DMA_Seg_dma.o)
 .debug_aranges
                0x00000ac0       0x98 .\CortexM3\ARM_GCC_541\Debug\Desing_pf.a(PWM.o)
 .debug_aranges
                0x00000b58       0x80 .\CortexM3\ARM_GCC_541\Debug\Desing_pf.a(aum.o)
 .debug_aranges
                0x00000bd8       0x80 .\CortexM3\ARM_GCC_541\Debug\Desing_pf.a(dism.o)
 .debug_aranges
                0x00000c58       0x38 .\CortexM3\ARM_GCC_541\Debug\Desing_pf.a(aviso.o)
 .debug_aranges
                0x00000c90       0xa8 .\CortexM3\ARM_GCC_541\Debug\Desing_pf.a(ADC.o)
 .debug_aranges
                0x00000d38       0x20 .\CortexM3\ARM_GCC_541\Debug\Desing_pf.a(ADC_INT.o)
 .debug_aranges
                0x00000d58       0x80 .\CortexM3\ARM_GCC_541\Debug\Desing_pf.a(ADC_theACLK.o)
 .debug_aranges
                0x00000dd8       0x40 .\CortexM3\ARM_GCC_541\Debug\Desing_pf.a(Opamp.o)
 .debug_aranges
                0x00000e18       0x20 .\CortexM3\ARM_GCC_541\Debug\Desing_pf.a(CyBootAsmGnu.o)
 .debug_aranges
                0x00000e38       0x88 .\CortexM3\ARM_GCC_541\Debug\Desing_pf.a(CyFlash.o)
 .debug_aranges
                0x00000ec0       0x80 .\CortexM3\ARM_GCC_541\Debug\Desing_pf.a(CySpc.o)

.debug_pubnames
 *(.debug_pubnames)

.debug_info     0x00000000     0x9104
 *(.debug_info .gnu.linkonce.wi.*)
 .debug_info    0x00000000      0xb1d .\CortexM3\ARM_GCC_541\Debug\main.o
 .debug_info    0x00000b1d      0x6a3 .\CortexM3\ARM_GCC_541\Debug\cyfitter_cfg.o
 .debug_info    0x000011c0      0x138 .\CortexM3\ARM_GCC_541\Debug\cymetadata.o
 .debug_info    0x000012f8      0x3cf .\CortexM3\ARM_GCC_541\Debug\Cm3Start.o
 .debug_info    0x000016c7      0x60c .\CortexM3\ARM_GCC_541\Debug\Desing_pf.a(UART_1.o)
 .debug_info    0x00001cd3      0x28d .\CortexM3\ARM_GCC_541\Debug\Desing_pf.a(Counter_1.o)
 .debug_info    0x00001f60      0x2d2 .\CortexM3\ARM_GCC_541\Debug\Desing_pf.a(isr_contador.o)
 .debug_info    0x00002232      0x283 .\CortexM3\ARM_GCC_541\Debug\Desing_pf.a(UART_1_IntClock.o)
 .debug_info    0x000024b5      0x94e .\CortexM3\ARM_GCC_541\Debug\Desing_pf.a(CyDmac.o)
 .debug_info    0x00002e03     0x1374 .\CortexM3\ARM_GCC_541\Debug\Desing_pf.a(CyLib.o)
 .debug_info    0x00004177      0xa2a .\CortexM3\ARM_GCC_541\Debug\Desing_pf.a(cyPm.o)
 .debug_info    0x00004ba1      0x715 .\CortexM3\ARM_GCC_541\Debug\Desing_pf.a(LCD.o)
 .debug_info    0x000052b6      0x2d2 .\CortexM3\ARM_GCC_541\Debug\Desing_pf.a(data.o)
 .debug_info    0x00005588      0x11f .\CortexM3\ARM_GCC_541\Debug\Desing_pf.a(tilt.o)
 .debug_info    0x000056a7     0x154e .\CortexM3\ARM_GCC_541\Debug\Desing_pf.a(LED_Driver.o)
 .debug_info    0x00006bf5       0xd6 .\CortexM3\ARM_GCC_541\Debug\Desing_pf.a(LED_Driver_Com_Driver.o)
 .debug_info    0x00006ccb      0x1aa .\CortexM3\ARM_GCC_541\Debug\Desing_pf.a(LED_Driver_DMA_Com_dma.o)
 .debug_info    0x00006e75      0x1a8 .\CortexM3\ARM_GCC_541\Debug\Desing_pf.a(LED_Driver_DMA_Seg_dma.o)
 .debug_info    0x0000701d      0x354 .\CortexM3\ARM_GCC_541\Debug\Desing_pf.a(PWM.o)
 .debug_info    0x00007371      0x2d2 .\CortexM3\ARM_GCC_541\Debug\Desing_pf.a(aum.o)
 .debug_info    0x00007643      0x2d2 .\CortexM3\ARM_GCC_541\Debug\Desing_pf.a(dism.o)
 .debug_info    0x00007915      0x11f .\CortexM3\ARM_GCC_541\Debug\Desing_pf.a(aviso.o)
 .debug_info    0x00007a34      0x5c0 .\CortexM3\ARM_GCC_541\Debug\Desing_pf.a(ADC.o)
 .debug_info    0x00007ff4       0x92 .\CortexM3\ARM_GCC_541\Debug\Desing_pf.a(ADC_INT.o)
 .debug_info    0x00008086      0x2c4 .\CortexM3\ARM_GCC_541\Debug\Desing_pf.a(ADC_theACLK.o)
 .debug_info    0x0000834a      0x151 .\CortexM3\ARM_GCC_541\Debug\Desing_pf.a(Opamp.o)
 .debug_info    0x0000849b       0xcc .\CortexM3\ARM_GCC_541\Debug\Desing_pf.a(CyBootAsmGnu.o)
 .debug_info    0x00008567      0x64d .\CortexM3\ARM_GCC_541\Debug\Desing_pf.a(CyFlash.o)
 .debug_info    0x00008bb4      0x550 .\CortexM3\ARM_GCC_541\Debug\Desing_pf.a(CySpc.o)

.debug_abbrev   0x00000000     0x23ef
 *(.debug_abbrev)
 .debug_abbrev  0x00000000      0x189 .\CortexM3\ARM_GCC_541\Debug\main.o
 .debug_abbrev  0x00000189      0x20d .\CortexM3\ARM_GCC_541\Debug\cyfitter_cfg.o
 .debug_abbrev  0x00000396       0x77 .\CortexM3\ARM_GCC_541\Debug\cymetadata.o
 .debug_abbrev  0x0000040d      0x1e8 .\CortexM3\ARM_GCC_541\Debug\Cm3Start.o
 .debug_abbrev  0x000005f5      0x175 .\CortexM3\ARM_GCC_541\Debug\Desing_pf.a(UART_1.o)
 .debug_abbrev  0x0000076a      0x122 .\CortexM3\ARM_GCC_541\Debug\Desing_pf.a(Counter_1.o)
 .debug_abbrev  0x0000088c      0x173 .\CortexM3\ARM_GCC_541\Debug\Desing_pf.a(isr_contador.o)
 .debug_abbrev  0x000009ff      0x139 .\CortexM3\ARM_GCC_541\Debug\Desing_pf.a(UART_1_IntClock.o)
 .debug_abbrev  0x00000b38      0x1b2 .\CortexM3\ARM_GCC_541\Debug\Desing_pf.a(CyDmac.o)
 .debug_abbrev  0x00000cea      0x254 .\CortexM3\ARM_GCC_541\Debug\Desing_pf.a(CyLib.o)
 .debug_abbrev  0x00000f3e      0x1ab .\CortexM3\ARM_GCC_541\Debug\Desing_pf.a(cyPm.o)
 .debug_abbrev  0x000010e9      0x157 .\CortexM3\ARM_GCC_541\Debug\Desing_pf.a(LCD.o)
 .debug_abbrev  0x00001240      0x173 .\CortexM3\ARM_GCC_541\Debug\Desing_pf.a(data.o)
 .debug_abbrev  0x000013b3       0x90 .\CortexM3\ARM_GCC_541\Debug\Desing_pf.a(tilt.o)
 .debug_abbrev  0x00001443      0x1d8 .\CortexM3\ARM_GCC_541\Debug\Desing_pf.a(LED_Driver.o)
 .debug_abbrev  0x0000161b       0x81 .\CortexM3\ARM_GCC_541\Debug\Desing_pf.a(LED_Driver_Com_Driver.o)
 .debug_abbrev  0x0000169c       0xcd .\CortexM3\ARM_GCC_541\Debug\Desing_pf.a(LED_Driver_DMA_Com_dma.o)
 .debug_abbrev  0x00001769       0xcd .\CortexM3\ARM_GCC_541\Debug\Desing_pf.a(LED_Driver_DMA_Seg_dma.o)
 .debug_abbrev  0x00001836      0x133 .\CortexM3\ARM_GCC_541\Debug\Desing_pf.a(PWM.o)
 .debug_abbrev  0x00001969      0x173 .\CortexM3\ARM_GCC_541\Debug\Desing_pf.a(aum.o)
 .debug_abbrev  0x00001adc      0x173 .\CortexM3\ARM_GCC_541\Debug\Desing_pf.a(dism.o)
 .debug_abbrev  0x00001c4f       0x90 .\CortexM3\ARM_GCC_541\Debug\Desing_pf.a(aviso.o)
 .debug_abbrev  0x00001cdf      0x1ac .\CortexM3\ARM_GCC_541\Debug\Desing_pf.a(ADC.o)
 .debug_abbrev  0x00001e8b       0x42 .\CortexM3\ARM_GCC_541\Debug\Desing_pf.a(ADC_INT.o)
 .debug_abbrev  0x00001ecd      0x121 .\CortexM3\ARM_GCC_541\Debug\Desing_pf.a(ADC_theACLK.o)
 .debug_abbrev  0x00001fee       0xb2 .\CortexM3\ARM_GCC_541\Debug\Desing_pf.a(Opamp.o)
 .debug_abbrev  0x000020a0       0x14 .\CortexM3\ARM_GCC_541\Debug\Desing_pf.a(CyBootAsmGnu.o)
 .debug_abbrev  0x000020b4      0x1a7 .\CortexM3\ARM_GCC_541\Debug\Desing_pf.a(CyFlash.o)
 .debug_abbrev  0x0000225b      0x194 .\CortexM3\ARM_GCC_541\Debug\Desing_pf.a(CySpc.o)

.debug_line     0x00000000     0x39c2
 *(.debug_line)
 .debug_line    0x00000000      0x3de .\CortexM3\ARM_GCC_541\Debug\main.o
 .debug_line    0x000003de      0x215 .\CortexM3\ARM_GCC_541\Debug\cyfitter_cfg.o
 .debug_line    0x000005f3      0x141 .\CortexM3\ARM_GCC_541\Debug\cymetadata.o
 .debug_line    0x00000734      0x241 .\CortexM3\ARM_GCC_541\Debug\Cm3Start.o
 .debug_line    0x00000975      0x2c0 .\CortexM3\ARM_GCC_541\Debug\Desing_pf.a(UART_1.o)
 .debug_line    0x00000c35      0x15d .\CortexM3\ARM_GCC_541\Debug\Desing_pf.a(Counter_1.o)
 .debug_line    0x00000d92      0x139 .\CortexM3\ARM_GCC_541\Debug\Desing_pf.a(isr_contador.o)
 .debug_line    0x00000ecb      0x17e .\CortexM3\ARM_GCC_541\Debug\Desing_pf.a(UART_1_IntClock.o)
 .debug_line    0x00001049      0x2e4 .\CortexM3\ARM_GCC_541\Debug\Desing_pf.a(CyDmac.o)
 .debug_line    0x0000132d      0x816 .\CortexM3\ARM_GCC_541\Debug\Desing_pf.a(CyLib.o)
 .debug_line    0x00001b43      0x367 .\CortexM3\ARM_GCC_541\Debug\Desing_pf.a(cyPm.o)
 .debug_line    0x00001eaa      0x1dc .\CortexM3\ARM_GCC_541\Debug\Desing_pf.a(LCD.o)
 .debug_line    0x00002086      0x131 .\CortexM3\ARM_GCC_541\Debug\Desing_pf.a(data.o)
 .debug_line    0x000021b7       0x91 .\CortexM3\ARM_GCC_541\Debug\Desing_pf.a(tilt.o)
 .debug_line    0x00002248      0x7d9 .\CortexM3\ARM_GCC_541\Debug\Desing_pf.a(LED_Driver.o)
 .debug_line    0x00002a21       0x7d .\CortexM3\ARM_GCC_541\Debug\Desing_pf.a(LED_Driver_Com_Driver.o)
 .debug_line    0x00002a9e       0x8f .\CortexM3\ARM_GCC_541\Debug\Desing_pf.a(LED_Driver_DMA_Com_dma.o)
 .debug_line    0x00002b2d       0x8f .\CortexM3\ARM_GCC_541\Debug\Desing_pf.a(LED_Driver_DMA_Seg_dma.o)
 .debug_line    0x00002bbc      0x186 .\CortexM3\ARM_GCC_541\Debug\Desing_pf.a(PWM.o)
 .debug_line    0x00002d42      0x130 .\CortexM3\ARM_GCC_541\Debug\Desing_pf.a(aum.o)
 .debug_line    0x00002e72      0x131 .\CortexM3\ARM_GCC_541\Debug\Desing_pf.a(dism.o)
 .debug_line    0x00002fa3       0x96 .\CortexM3\ARM_GCC_541\Debug\Desing_pf.a(aviso.o)
 .debug_line    0x00003039      0x214 .\CortexM3\ARM_GCC_541\Debug\Desing_pf.a(ADC.o)
 .debug_line    0x0000324d       0x50 .\CortexM3\ARM_GCC_541\Debug\Desing_pf.a(ADC_INT.o)
 .debug_line    0x0000329d      0x19d .\CortexM3\ARM_GCC_541\Debug\Desing_pf.a(ADC_theACLK.o)
 .debug_line    0x0000343a       0xa8 .\CortexM3\ARM_GCC_541\Debug\Desing_pf.a(Opamp.o)
 .debug_line    0x000034e2       0x66 .\CortexM3\ARM_GCC_541\Debug\Desing_pf.a(CyBootAsmGnu.o)
 .debug_line    0x00003548      0x21a .\CortexM3\ARM_GCC_541\Debug\Desing_pf.a(CyFlash.o)
 .debug_line    0x00003762      0x260 .\CortexM3\ARM_GCC_541\Debug\Desing_pf.a(CySpc.o)

.debug_frame    0x00000000     0x2e90
 *(.debug_frame)
 .debug_frame   0x00000000      0x150 .\CortexM3\ARM_GCC_541\Debug\main.o
 .debug_frame   0x00000150       0xfc .\CortexM3\ARM_GCC_541\Debug\cyfitter_cfg.o
 .debug_frame   0x0000024c       0xb8 .\CortexM3\ARM_GCC_541\Debug\Cm3Start.o
 .debug_frame   0x00000304      0x250 .\CortexM3\ARM_GCC_541\Debug\Desing_pf.a(UART_1.o)
 .debug_frame   0x00000554      0x104 .\CortexM3\ARM_GCC_541\Debug\Desing_pf.a(Counter_1.o)
 .debug_frame   0x00000658      0x104 .\CortexM3\ARM_GCC_541\Debug\Desing_pf.a(isr_contador.o)
 .debug_frame   0x0000075c       0xe0 .\CortexM3\ARM_GCC_541\Debug\Desing_pf.a(UART_1_IntClock.o)
 .debug_frame   0x0000083c      0x1f8 .\CortexM3\ARM_GCC_541\Debug\Desing_pf.a(CyDmac.o)
 .debug_frame   0x00000a34      0x738 .\CortexM3\ARM_GCC_541\Debug\Desing_pf.a(CyLib.o)
 .debug_frame   0x0000116c      0x1f8 .\CortexM3\ARM_GCC_541\Debug\Desing_pf.a(cyPm.o)
 .debug_frame   0x00001364      0x1e8 .\CortexM3\ARM_GCC_541\Debug\Desing_pf.a(LCD.o)
 .debug_frame   0x0000154c      0x104 .\CortexM3\ARM_GCC_541\Debug\Desing_pf.a(data.o)
 .debug_frame   0x00001650       0x50 .\CortexM3\ARM_GCC_541\Debug\Desing_pf.a(tilt.o)
 .debug_frame   0x000016a0      0x490 .\CortexM3\ARM_GCC_541\Debug\Desing_pf.a(LED_Driver.o)
 .debug_frame   0x00001b30       0x30 .\CortexM3\ARM_GCC_541\Debug\Desing_pf.a(LED_Driver_Com_Driver.o)
 .debug_frame   0x00001b60       0x54 .\CortexM3\ARM_GCC_541\Debug\Desing_pf.a(LED_Driver_DMA_Com_dma.o)
 .debug_frame   0x00001bb4       0x54 .\CortexM3\ARM_GCC_541\Debug\Desing_pf.a(LED_Driver_DMA_Seg_dma.o)
 .debug_frame   0x00001c08      0x134 .\CortexM3\ARM_GCC_541\Debug\Desing_pf.a(PWM.o)
 .debug_frame   0x00001d3c      0x104 .\CortexM3\ARM_GCC_541\Debug\Desing_pf.a(aum.o)
 .debug_frame   0x00001e40      0x104 .\CortexM3\ARM_GCC_541\Debug\Desing_pf.a(dism.o)
 .debug_frame   0x00001f44       0x50 .\CortexM3\ARM_GCC_541\Debug\Desing_pf.a(aviso.o)
 .debug_frame   0x00001f94      0x1b0 .\CortexM3\ARM_GCC_541\Debug\Desing_pf.a(ADC.o)
 .debug_frame   0x00002144       0x20 .\CortexM3\ARM_GCC_541\Debug\Desing_pf.a(ADC_INT.o)
 .debug_frame   0x00002164      0x100 .\CortexM3\ARM_GCC_541\Debug\Desing_pf.a(ADC_theACLK.o)
 .debug_frame   0x00002264       0x78 .\CortexM3\ARM_GCC_541\Debug\Desing_pf.a(Opamp.o)
 .debug_frame   0x000022dc      0x194 .\CortexM3\ARM_GCC_541\Debug\Desing_pf.a(CyFlash.o)
 .debug_frame   0x00002470      0x180 .\CortexM3\ARM_GCC_541\Debug\Desing_pf.a(CySpc.o)
 .debug_frame   0x000025f0       0x44 c:/program files (x86)/cypress/psoc creator/4.4/psoc creator/import/gnu/arm/5.4.1/bin/../lib/gcc/arm-none-eabi/5.4.1/armv7-m\libgcc.a(_aeabi_ldivmod.o)
 .debug_frame   0x00002634       0x38 c:/program files (x86)/cypress/psoc creator/4.4/psoc creator/import/gnu/arm/5.4.1/bin/../lib/gcc/arm-none-eabi/5.4.1/armv7-m\libgcc.a(_udivmoddi4.o)
 .debug_frame   0x0000266c       0x20 c:/program files (x86)/cypress/psoc creator/4.4/psoc creator/import/gnu/arm/5.4.1/bin/../lib/gcc/arm-none-eabi/5.4.1/../../../../arm-none-eabi/lib/armv7-m\libg_nano.a(lib_a-errno.o)
 .debug_frame   0x0000268c       0x28 c:/program files (x86)/cypress/psoc creator/4.4/psoc creator/import/gnu/arm/5.4.1/bin/../lib/gcc/arm-none-eabi/5.4.1/../../../../arm-none-eabi/lib/armv7-m\libg_nano.a(lib_a-exit.o)
 .debug_frame   0x000026b4       0x2c c:/program files (x86)/cypress/psoc creator/4.4/psoc creator/import/gnu/arm/5.4.1/bin/../lib/gcc/arm-none-eabi/5.4.1/../../../../arm-none-eabi/lib/armv7-m\libg_nano.a(lib_a-init.o)
 .debug_frame   0x000026e0       0x28 c:/program files (x86)/cypress/psoc creator/4.4/psoc creator/import/gnu/arm/5.4.1/bin/../lib/gcc/arm-none-eabi/5.4.1/../../../../arm-none-eabi/lib/armv7-m\libg_nano.a(lib_a-memcpy-stub.o)
 .debug_frame   0x00002708       0x20 c:/program files (x86)/cypress/psoc creator/4.4/psoc creator/import/gnu/arm/5.4.1/bin/../lib/gcc/arm-none-eabi/5.4.1/../../../../arm-none-eabi/lib/armv7-m\libg_nano.a(lib_a-memset.o)
 .debug_frame   0x00002728       0x8c c:/program files (x86)/cypress/psoc creator/4.4/psoc creator/import/gnu/arm/5.4.1/bin/../lib/gcc/arm-none-eabi/5.4.1/../../../../arm-none-eabi/lib/armv7-m\libg_nano.a(lib_a-nano-vfprintf_float.o)
 .debug_frame   0x000027b4       0x60 c:/program files (x86)/cypress/psoc creator/4.4/psoc creator/import/gnu/arm/5.4.1/bin/../lib/gcc/arm-none-eabi/5.4.1/../../../../arm-none-eabi/lib/armv7-m\libg_nano.a(lib_a-nano-vfprintf_i.o)
 .debug_frame   0x00002814       0x70 c:/program files (x86)/cypress/psoc creator/4.4/psoc creator/import/gnu/arm/5.4.1/bin/../lib/gcc/arm-none-eabi/5.4.1/../../../../arm-none-eabi/lib/armv7-m\libg_nano.a(lib_a-sprintf.o)
 .debug_frame   0x00002884       0x6c c:/program files (x86)/cypress/psoc creator/4.4/psoc creator/import/gnu/arm/5.4.1/bin/../lib/gcc/arm-none-eabi/5.4.1/../../../../arm-none-eabi/lib/armv7-m\libg_nano.a(lib_a-dtoa.o)
 .debug_frame   0x000028f0       0x98 c:/program files (x86)/cypress/psoc creator/4.4/psoc creator/import/gnu/arm/5.4.1/bin/../lib/gcc/arm-none-eabi/5.4.1/../../../../arm-none-eabi/lib/armv7-m\libg_nano.a(lib_a-locale.o)
 .debug_frame   0x00002988       0x30 c:/program files (x86)/cypress/psoc creator/4.4/psoc creator/import/gnu/arm/5.4.1/bin/../lib/gcc/arm-none-eabi/5.4.1/../../../../arm-none-eabi/lib/armv7-m\libg_nano.a(lib_a-malloc.o)
 .debug_frame   0x000029b8       0x28 c:/program files (x86)/cypress/psoc creator/4.4/psoc creator/import/gnu/arm/5.4.1/bin/../lib/gcc/arm-none-eabi/5.4.1/../../../../arm-none-eabi/lib/armv7-m\libg_nano.a(lib_a-memchr-stub.o)
 .debug_frame   0x000029e0      0x234 c:/program files (x86)/cypress/psoc creator/4.4/psoc creator/import/gnu/arm/5.4.1/bin/../lib/gcc/arm-none-eabi/5.4.1/../../../../arm-none-eabi/lib/armv7-m\libg_nano.a(lib_a-mprec.o)
 .debug_frame   0x00002c14       0x2c c:/program files (x86)/cypress/psoc creator/4.4/psoc creator/import/gnu/arm/5.4.1/bin/../lib/gcc/arm-none-eabi/5.4.1/../../../../arm-none-eabi/lib/armv7-m\libg_nano.a(lib_a-nano-callocr.o)
 .debug_frame   0x00002c40       0x38 c:/program files (x86)/cypress/psoc creator/4.4/psoc creator/import/gnu/arm/5.4.1/bin/../lib/gcc/arm-none-eabi/5.4.1/../../../../arm-none-eabi/lib/armv7-m\libg_nano.a(lib_a-nano-freer.o)
 .debug_frame   0x00002c78       0x2c c:/program files (x86)/cypress/psoc creator/4.4/psoc creator/import/gnu/arm/5.4.1/bin/../lib/gcc/arm-none-eabi/5.4.1/../../../../arm-none-eabi/lib/armv7-m\libg_nano.a(lib_a-nano-mallocr.o)
 .debug_frame   0x00002ca4       0x90 c:/program files (x86)/cypress/psoc creator/4.4/psoc creator/import/gnu/arm/5.4.1/bin/../lib/gcc/arm-none-eabi/5.4.1/../../../../arm-none-eabi/lib/armv7-m\libg_nano.a(lib_a-nano-svfprintf.o)
 .debug_frame   0x00002d34       0x2c c:/program files (x86)/cypress/psoc creator/4.4/psoc creator/import/gnu/arm/5.4.1/bin/../lib/gcc/arm-none-eabi/5.4.1/../../../../arm-none-eabi/lib/armv7-m\libg_nano.a(lib_a-sbrkr.o)
 .debug_frame   0x00002d60       0x20 c:/program files (x86)/cypress/psoc creator/4.4/psoc creator/import/gnu/arm/5.4.1/bin/../lib/gcc/arm-none-eabi/5.4.1/../../../../arm-none-eabi/lib/armv7-m\libg_nano.a(lib_a-strcmp.o)
 .debug_frame   0x00002d80       0x28 c:/program files (x86)/cypress/psoc creator/4.4/psoc creator/import/gnu/arm/5.4.1/bin/../lib/gcc/arm-none-eabi/5.4.1/../../../../arm-none-eabi/lib/armv7-m\libg_nano.a(lib_a-memmove.o)
 .debug_frame   0x00002da8       0x30 c:/program files (x86)/cypress/psoc creator/4.4/psoc creator/import/gnu/arm/5.4.1/bin/../lib/gcc/arm-none-eabi/5.4.1/../../../../arm-none-eabi/lib/armv7-m\libg_nano.a(lib_a-mlock.o)
 .debug_frame   0x00002dd8       0x3c c:/program files (x86)/cypress/psoc creator/4.4/psoc creator/import/gnu/arm/5.4.1/bin/../lib/gcc/arm-none-eabi/5.4.1/../../../../arm-none-eabi/lib/armv7-m\libg_nano.a(lib_a-nano-reallocr.o)
 .debug_frame   0x00002e14       0x5c c:/program files (x86)/cypress/psoc creator/4.4/psoc creator/import/gnu/arm/5.4.1/bin/../lib/gcc/arm-none-eabi/5.4.1/../../../../arm-none-eabi/lib/armv7-m\libg_nano.a(lib_a-reent.o)
 .debug_frame   0x00002e70       0x20 c:/program files (x86)/cypress/psoc creator/4.4/psoc creator/import/gnu/arm/5.4.1/bin/../lib/gcc/arm-none-eabi/5.4.1/../../../../arm-none-eabi/lib/armv7-m\libg_nano.a(lib_a-nano-msizer.o)

.debug_str      0x00000000     0x3110
 *(.debug_str)
 .debug_str     0x00000000      0x4a8 .\CortexM3\ARM_GCC_541\Debug\main.o
                                0x511 (size before relaxing)
 .debug_str     0x000004a8      0x1b2 .\CortexM3\ARM_GCC_541\Debug\cyfitter_cfg.o
                                0x38a (size before relaxing)
 .debug_str     0x0000065a       0x75 .\CortexM3\ARM_GCC_541\Debug\cymetadata.o
                                0x220 (size before relaxing)
 .debug_str     0x000006cf      0x154 .\CortexM3\ARM_GCC_541\Debug\Cm3Start.o
                                0x356 (size before relaxing)
 .debug_str     0x00000823      0x2e5 .\CortexM3\ARM_GCC_541\Debug\Desing_pf.a(UART_1.o)
                                0x4ef (size before relaxing)
 .debug_str     0x00000b08      0x165 .\CortexM3\ARM_GCC_541\Debug\Desing_pf.a(Counter_1.o)
                                0x353 (size before relaxing)
 .debug_str     0x00000c6d      0x14b .\CortexM3\ARM_GCC_541\Debug\Desing_pf.a(isr_contador.o)
                                0x344 (size before relaxing)
 .debug_str     0x00000db8      0x19d .\CortexM3\ARM_GCC_541\Debug\Desing_pf.a(UART_1_IntClock.o)
                                0x38a (size before relaxing)
 .debug_str     0x00000f55      0x347 .\CortexM3\ARM_GCC_541\Debug\Desing_pf.a(CyDmac.o)
                                0x586 (size before relaxing)
 .debug_str     0x0000129c      0x7e0 .\CortexM3\ARM_GCC_541\Debug\Desing_pf.a(CyLib.o)
                                0xa83 (size before relaxing)
 .debug_str     0x00001a7c      0x365 .\CortexM3\ARM_GCC_541\Debug\Desing_pf.a(cyPm.o)
                                0x76f (size before relaxing)
 .debug_str     0x00001de1      0x114 .\CortexM3\ARM_GCC_541\Debug\Desing_pf.a(LCD.o)
                                0x367 (size before relaxing)
 .debug_str     0x00001ef5       0xcb .\CortexM3\ARM_GCC_541\Debug\Desing_pf.a(data.o)
                                0x2d4 (size before relaxing)
 .debug_str     0x00001fc0       0x4c .\CortexM3\ARM_GCC_541\Debug\Desing_pf.a(tilt.o)
                                0x219 (size before relaxing)
 .debug_str     0x0000200c      0x6ce .\CortexM3\ARM_GCC_541\Debug\Desing_pf.a(LED_Driver.o)
                                0xa00 (size before relaxing)
 .debug_str     0x000026da       0x4a .\CortexM3\ARM_GCC_541\Debug\Desing_pf.a(LED_Driver_Com_Driver.o)
                                0x21b (size before relaxing)
 .debug_str     0x00002724       0xa6 .\CortexM3\ARM_GCC_541\Debug\Desing_pf.a(LED_Driver_DMA_Com_dma.o)
                                0x2dc (size before relaxing)
 .debug_str     0x000027ca       0x6b .\CortexM3\ARM_GCC_541\Debug\Desing_pf.a(LED_Driver_DMA_Seg_dma.o)
                                0x2dc (size before relaxing)
 .debug_str     0x00002835      0x13e .\CortexM3\ARM_GCC_541\Debug\Desing_pf.a(PWM.o)
                                0x374 (size before relaxing)
 .debug_str     0x00002973       0xbe .\CortexM3\ARM_GCC_541\Debug\Desing_pf.a(aum.o)
                                0x2c6 (size before relaxing)
 .debug_str     0x00002a31       0xcb .\CortexM3\ARM_GCC_541\Debug\Desing_pf.a(dism.o)
                                0x2d4 (size before relaxing)
 .debug_str     0x00002afc       0x4f .\CortexM3\ARM_GCC_541\Debug\Desing_pf.a(aviso.o)
                                0x21e (size before relaxing)
 .debug_str     0x00002b4b      0x168 .\CortexM3\ARM_GCC_541\Debug\Desing_pf.a(ADC.o)
                                0x463 (size before relaxing)
 .debug_str     0x00002cb3       0x29 .\CortexM3\ARM_GCC_541\Debug\Desing_pf.a(ADC_INT.o)
                                0x1cb (size before relaxing)
 .debug_str     0x00002cdc      0x16e .\CortexM3\ARM_GCC_541\Debug\Desing_pf.a(ADC_theACLK.o)
                                0x39d (size before relaxing)
 .debug_str     0x00002e4a       0x5f .\CortexM3\ARM_GCC_541\Debug\Desing_pf.a(Opamp.o)
                                0x233 (size before relaxing)
 .debug_str     0x00002ea9      0x1bb .\CortexM3\ARM_GCC_541\Debug\Desing_pf.a(CyFlash.o)
                                0x3fc (size before relaxing)
 .debug_str     0x00003064       0xac .\CortexM3\ARM_GCC_541\Debug\Desing_pf.a(CySpc.o)
                                0x374 (size before relaxing)

.debug_loc      0x00000000     0x4c95
 *(.debug_loc)
 .debug_loc     0x00000000       0xd2 .\CortexM3\ARM_GCC_541\Debug\main.o
 .debug_loc     0x000000d2      0x27f .\CortexM3\ARM_GCC_541\Debug\cyfitter_cfg.o
 .debug_loc     0x00000351      0x144 .\CortexM3\ARM_GCC_541\Debug\Cm3Start.o
 .debug_loc     0x00000495      0x258 .\CortexM3\ARM_GCC_541\Debug\Desing_pf.a(UART_1.o)
 .debug_loc     0x000006ed       0x21 .\CortexM3\ARM_GCC_541\Debug\Desing_pf.a(Counter_1.o)
 .debug_loc     0x0000070e       0x56 .\CortexM3\ARM_GCC_541\Debug\Desing_pf.a(isr_contador.o)
 .debug_loc     0x00000764      0x128 .\CortexM3\ARM_GCC_541\Debug\Desing_pf.a(UART_1_IntClock.o)
 .debug_loc     0x0000088c      0xb8e .\CortexM3\ARM_GCC_541\Debug\Desing_pf.a(CyDmac.o)
 .debug_loc     0x0000141a      0xa11 .\CortexM3\ARM_GCC_541\Debug\Desing_pf.a(CyLib.o)
 .debug_loc     0x00001e2b      0x1e4 .\CortexM3\ARM_GCC_541\Debug\Desing_pf.a(cyPm.o)
 .debug_loc     0x0000200f      0x3c6 .\CortexM3\ARM_GCC_541\Debug\Desing_pf.a(LCD.o)
 .debug_loc     0x000023d5       0x56 .\CortexM3\ARM_GCC_541\Debug\Desing_pf.a(data.o)
 .debug_loc     0x0000242b       0x42 .\CortexM3\ARM_GCC_541\Debug\Desing_pf.a(tilt.o)
 .debug_loc     0x0000246d     0x1752 .\CortexM3\ARM_GCC_541\Debug\Desing_pf.a(LED_Driver.o)
 .debug_loc     0x00003bbf       0x84 .\CortexM3\ARM_GCC_541\Debug\Desing_pf.a(LED_Driver_DMA_Com_dma.o)
 .debug_loc     0x00003c43       0x84 .\CortexM3\ARM_GCC_541\Debug\Desing_pf.a(LED_Driver_DMA_Seg_dma.o)
 .debug_loc     0x00003cc7       0x26 .\CortexM3\ARM_GCC_541\Debug\Desing_pf.a(PWM.o)
 .debug_loc     0x00003ced       0x56 .\CortexM3\ARM_GCC_541\Debug\Desing_pf.a(aum.o)
 .debug_loc     0x00003d43       0x56 .\CortexM3\ARM_GCC_541\Debug\Desing_pf.a(dism.o)
 .debug_loc     0x00003d99       0x42 .\CortexM3\ARM_GCC_541\Debug\Desing_pf.a(aviso.o)
 .debug_loc     0x00003ddb      0x295 .\CortexM3\ARM_GCC_541\Debug\Desing_pf.a(ADC.o)
 .debug_loc     0x00004070      0x14d .\CortexM3\ARM_GCC_541\Debug\Desing_pf.a(ADC_theACLK.o)
 .debug_loc     0x000041bd       0x21 .\CortexM3\ARM_GCC_541\Debug\Desing_pf.a(Opamp.o)
 .debug_loc     0x000041de      0x3b2 .\CortexM3\ARM_GCC_541\Debug\Desing_pf.a(CyFlash.o)
 .debug_loc     0x00004590      0x705 .\CortexM3\ARM_GCC_541\Debug\Desing_pf.a(CySpc.o)

.debug_macinfo
 *(.debug_macinfo)

.debug_ranges   0x00000000      0xd58
 *(.debug_ranges)
 .debug_ranges  0x00000000       0x68 .\CortexM3\ARM_GCC_541\Debug\main.o
 .debug_ranges  0x00000068       0x48 .\CortexM3\ARM_GCC_541\Debug\cyfitter_cfg.o
 .debug_ranges  0x000000b0       0x38 .\CortexM3\ARM_GCC_541\Debug\Cm3Start.o
 .debug_ranges  0x000000e8       0xe0 .\CortexM3\ARM_GCC_541\Debug\Desing_pf.a(UART_1.o)
 .debug_ranges  0x000001c8       0x70 .\CortexM3\ARM_GCC_541\Debug\Desing_pf.a(Counter_1.o)
 .debug_ranges  0x00000238       0x70 .\CortexM3\ARM_GCC_541\Debug\Desing_pf.a(isr_contador.o)
 .debug_ranges  0x000002a8       0x60 .\CortexM3\ARM_GCC_541\Debug\Desing_pf.a(UART_1_IntClock.o)
 .debug_ranges  0x00000308       0xc8 .\CortexM3\ARM_GCC_541\Debug\Desing_pf.a(CyDmac.o)
 .debug_ranges  0x000003d0      0x290 .\CortexM3\ARM_GCC_541\Debug\Desing_pf.a(CyLib.o)
 .debug_ranges  0x00000660       0x88 .\CortexM3\ARM_GCC_541\Debug\Desing_pf.a(cyPm.o)
 .debug_ranges  0x000006e8       0x88 .\CortexM3\ARM_GCC_541\Debug\Desing_pf.a(LCD.o)
 .debug_ranges  0x00000770       0x70 .\CortexM3\ARM_GCC_541\Debug\Desing_pf.a(data.o)
 .debug_ranges  0x000007e0       0x28 .\CortexM3\ARM_GCC_541\Debug\Desing_pf.a(tilt.o)
 .debug_ranges  0x00000808      0x148 .\CortexM3\ARM_GCC_541\Debug\Desing_pf.a(LED_Driver.o)
 .debug_ranges  0x00000950       0x18 .\CortexM3\ARM_GCC_541\Debug\Desing_pf.a(LED_Driver_Com_Driver.o)
 .debug_ranges  0x00000968       0x18 .\CortexM3\ARM_GCC_541\Debug\Desing_pf.a(LED_Driver_DMA_Com_dma.o)
 .debug_ranges  0x00000980       0x18 .\CortexM3\ARM_GCC_541\Debug\Desing_pf.a(LED_Driver_DMA_Seg_dma.o)
 .debug_ranges  0x00000998       0x88 .\CortexM3\ARM_GCC_541\Debug\Desing_pf.a(PWM.o)
 .debug_ranges  0x00000a20       0x70 .\CortexM3\ARM_GCC_541\Debug\Desing_pf.a(aum.o)
 .debug_ranges  0x00000a90       0x70 .\CortexM3\ARM_GCC_541\Debug\Desing_pf.a(dism.o)
 .debug_ranges  0x00000b00       0x28 .\CortexM3\ARM_GCC_541\Debug\Desing_pf.a(aviso.o)
 .debug_ranges  0x00000b28       0x98 .\CortexM3\ARM_GCC_541\Debug\Desing_pf.a(ADC.o)
 .debug_ranges  0x00000bc0       0x10 .\CortexM3\ARM_GCC_541\Debug\Desing_pf.a(ADC_INT.o)
 .debug_ranges  0x00000bd0       0x70 .\CortexM3\ARM_GCC_541\Debug\Desing_pf.a(ADC_theACLK.o)
 .debug_ranges  0x00000c40       0x30 .\CortexM3\ARM_GCC_541\Debug\Desing_pf.a(Opamp.o)
 .debug_ranges  0x00000c70       0x78 .\CortexM3\ARM_GCC_541\Debug\Desing_pf.a(CyFlash.o)
 .debug_ranges  0x00000ce8       0x70 .\CortexM3\ARM_GCC_541\Debug\Desing_pf.a(CySpc.o)

.comment        0x00000000       0x6e
 .comment       0x00000000       0x6e .\CortexM3\ARM_GCC_541\Debug\main.o
                                 0x6f (size before relaxing)
 .comment       0x0000006e       0x6f .\CortexM3\ARM_GCC_541\Debug\cyfitter_cfg.o
 .comment       0x0000006e       0x6f .\CortexM3\ARM_GCC_541\Debug\cymetadata.o
 .comment       0x0000006e       0x6f .\CortexM3\ARM_GCC_541\Debug\Cm3Start.o
 .comment       0x0000006e       0x6f .\CortexM3\ARM_GCC_541\Debug\Desing_pf.a(UART_1.o)
 .comment       0x0000006e       0x6f .\CortexM3\ARM_GCC_541\Debug\Desing_pf.a(Counter_1.o)
 .comment       0x0000006e       0x6f .\CortexM3\ARM_GCC_541\Debug\Desing_pf.a(isr_contador.o)
 .comment       0x0000006e       0x6f .\CortexM3\ARM_GCC_541\Debug\Desing_pf.a(UART_1_IntClock.o)
 .comment       0x0000006e       0x6f .\CortexM3\ARM_GCC_541\Debug\Desing_pf.a(CyDmac.o)
 .comment       0x0000006e       0x6f .\CortexM3\ARM_GCC_541\Debug\Desing_pf.a(CyLib.o)
 .comment       0x0000006e       0x6f .\CortexM3\ARM_GCC_541\Debug\Desing_pf.a(cyPm.o)
 .comment       0x0000006e       0x6f .\CortexM3\ARM_GCC_541\Debug\Desing_pf.a(LCD.o)
 .comment       0x0000006e       0x6f .\CortexM3\ARM_GCC_541\Debug\Desing_pf.a(data.o)
 .comment       0x0000006e       0x6f .\CortexM3\ARM_GCC_541\Debug\Desing_pf.a(tilt.o)
 .comment       0x0000006e       0x6f .\CortexM3\ARM_GCC_541\Debug\Desing_pf.a(LED_Driver.o)
 .comment       0x0000006e       0x6f .\CortexM3\ARM_GCC_541\Debug\Desing_pf.a(LED_Driver_Com_Driver.o)
 .comment       0x0000006e       0x6f .\CortexM3\ARM_GCC_541\Debug\Desing_pf.a(LED_Driver_DMA_Com_dma.o)
 .comment       0x0000006e       0x6f .\CortexM3\ARM_GCC_541\Debug\Desing_pf.a(LED_Driver_DMA_Seg_dma.o)
 .comment       0x0000006e       0x6f .\CortexM3\ARM_GCC_541\Debug\Desing_pf.a(PWM.o)
 .comment       0x0000006e       0x6f .\CortexM3\ARM_GCC_541\Debug\Desing_pf.a(aum.o)
 .comment       0x0000006e       0x6f .\CortexM3\ARM_GCC_541\Debug\Desing_pf.a(dism.o)
 .comment       0x0000006e       0x6f .\CortexM3\ARM_GCC_541\Debug\Desing_pf.a(aviso.o)
 .comment       0x0000006e       0x6f .\CortexM3\ARM_GCC_541\Debug\Desing_pf.a(ADC.o)
 .comment       0x0000006e       0x6f .\CortexM3\ARM_GCC_541\Debug\Desing_pf.a(ADC_INT.o)
 .comment       0x0000006e       0x6f .\CortexM3\ARM_GCC_541\Debug\Desing_pf.a(ADC_theACLK.o)
 .comment       0x0000006e       0x6f .\CortexM3\ARM_GCC_541\Debug\Desing_pf.a(Opamp.o)
 .comment       0x0000006e       0x6f .\CortexM3\ARM_GCC_541\Debug\Desing_pf.a(CyFlash.o)
 .comment       0x0000006e       0x6f .\CortexM3\ARM_GCC_541\Debug\Desing_pf.a(CySpc.o)

.debug_weaknames
 *(.debug_weaknames)

.debug_funcnames
 *(.debug_funcnames)

.debug_typenames
 *(.debug_typenames)

.debug_varnames
 *(.debug_varnames)

.note.gnu.arm.ident
 *(.note.gnu.arm.ident)

.ARM.attributes
                0x00000000       0x29
 *(.ARM.attributes)
 .ARM.attributes
                0x00000000       0x1d c:/program files (x86)/cypress/psoc creator/4.4/psoc creator/import/gnu/arm/5.4.1/bin/../lib/gcc/arm-none-eabi/5.4.1/armv7-m/crti.o
 .ARM.attributes
                0x0000001d       0x2d c:/program files (x86)/cypress/psoc creator/4.4/psoc creator/import/gnu/arm/5.4.1/bin/../lib/gcc/arm-none-eabi/5.4.1/armv7-m/crtbegin.o
 .ARM.attributes
                0x0000004a       0x1b c:/program files (x86)/cypress/psoc creator/4.4/psoc creator/import/gnu/arm/5.4.1/bin/../lib/gcc/arm-none-eabi/5.4.1/../../../../arm-none-eabi/lib/armv7-m/crt0.o
 .ARM.attributes
                0x00000065       0x33 .\CortexM3\ARM_GCC_541\Debug\main.o
 .ARM.attributes
                0x00000098       0x33 .\CortexM3\ARM_GCC_541\Debug\cyfitter_cfg.o
 .ARM.attributes
                0x000000cb       0x33 .\CortexM3\ARM_GCC_541\Debug\cymetadata.o
 .ARM.attributes
                0x000000fe       0x33 .\CortexM3\ARM_GCC_541\Debug\Cm3Start.o
 .ARM.attributes
                0x00000131       0x33 .\CortexM3\ARM_GCC_541\Debug\Desing_pf.a(UART_1.o)
 .ARM.attributes
                0x00000164       0x33 .\CortexM3\ARM_GCC_541\Debug\Desing_pf.a(Counter_1.o)
 .ARM.attributes
                0x00000197       0x33 .\CortexM3\ARM_GCC_541\Debug\Desing_pf.a(isr_contador.o)
 .ARM.attributes
                0x000001ca       0x33 .\CortexM3\ARM_GCC_541\Debug\Desing_pf.a(UART_1_IntClock.o)
 .ARM.attributes
                0x000001fd       0x33 .\CortexM3\ARM_GCC_541\Debug\Desing_pf.a(CyDmac.o)
 .ARM.attributes
                0x00000230       0x33 .\CortexM3\ARM_GCC_541\Debug\Desing_pf.a(CyLib.o)
 .ARM.attributes
                0x00000263       0x33 .\CortexM3\ARM_GCC_541\Debug\Desing_pf.a(cyPm.o)
 .ARM.attributes
                0x00000296       0x33 .\CortexM3\ARM_GCC_541\Debug\Desing_pf.a(LCD.o)
 .ARM.attributes
                0x000002c9       0x33 .\CortexM3\ARM_GCC_541\Debug\Desing_pf.a(data.o)
 .ARM.attributes
                0x000002fc       0x33 .\CortexM3\ARM_GCC_541\Debug\Desing_pf.a(tilt.o)
 .ARM.attributes
                0x0000032f       0x33 .\CortexM3\ARM_GCC_541\Debug\Desing_pf.a(LED_Driver.o)
 .ARM.attributes
                0x00000362       0x33 .\CortexM3\ARM_GCC_541\Debug\Desing_pf.a(LED_Driver_Com_Driver.o)
 .ARM.attributes
                0x00000395       0x33 .\CortexM3\ARM_GCC_541\Debug\Desing_pf.a(LED_Driver_DMA_Com_dma.o)
 .ARM.attributes
                0x000003c8       0x33 .\CortexM3\ARM_GCC_541\Debug\Desing_pf.a(LED_Driver_DMA_Seg_dma.o)
 .ARM.attributes
                0x000003fb       0x33 .\CortexM3\ARM_GCC_541\Debug\Desing_pf.a(PWM.o)
 .ARM.attributes
                0x0000042e       0x33 .\CortexM3\ARM_GCC_541\Debug\Desing_pf.a(aum.o)
 .ARM.attributes
                0x00000461       0x33 .\CortexM3\ARM_GCC_541\Debug\Desing_pf.a(dism.o)
 .ARM.attributes
                0x00000494       0x33 .\CortexM3\ARM_GCC_541\Debug\Desing_pf.a(aviso.o)
 .ARM.attributes
                0x000004c7       0x33 .\CortexM3\ARM_GCC_541\Debug\Desing_pf.a(ADC.o)
 .ARM.attributes
                0x000004fa       0x33 .\CortexM3\ARM_GCC_541\Debug\Desing_pf.a(ADC_INT.o)
 .ARM.attributes
                0x0000052d       0x33 .\CortexM3\ARM_GCC_541\Debug\Desing_pf.a(ADC_theACLK.o)
 .ARM.attributes
                0x00000560       0x33 .\CortexM3\ARM_GCC_541\Debug\Desing_pf.a(Opamp.o)
 .ARM.attributes
                0x00000593       0x21 .\CortexM3\ARM_GCC_541\Debug\Desing_pf.a(CyBootAsmGnu.o)
 .ARM.attributes
                0x000005b4       0x33 .\CortexM3\ARM_GCC_541\Debug\Desing_pf.a(CyFlash.o)
 .ARM.attributes
                0x000005e7       0x33 .\CortexM3\ARM_GCC_541\Debug\Desing_pf.a(CySpc.o)
 .ARM.attributes
                0x0000061a       0x1d c:/program files (x86)/cypress/psoc creator/4.4/psoc creator/import/gnu/arm/5.4.1/bin/../lib/gcc/arm-none-eabi/5.4.1/armv7-m\libgcc.a(_arm_addsubdf3.o)
 .ARM.attributes